<html>
<body>
<pre>
<h1>礦ision Build Log</h1>
<h2>Tool Versions:</h2>
IDE-Version: μVision V5.30.0.0
Copyright (C) 2020 ARM Ltd and ARM Germany GmbH. All rights reserved.
License Information: 2061477607@qq.com,  , LIC=GMZI6-DH6DP-8TR3P-M2D5X-HAENU-0YD4W
 
Tool Versions:
Toolchain:       MDK-ARM Plus  Version: 5.30.0.0
Toolchain Path:  D:\keil5\ARM\ARMCC\Bin
C Compiler:      Armcc.exe V5.06 update 6 (build 750)
Assembler:       Armasm.exe V5.06 update 6 (build 750)
Linker/Locator:  ArmLink.exe V5.06 update 6 (build 750)
Library Manager: ArmAr.exe V5.06 update 6 (build 750)
Hex Converter:   FromElf.exe V5.06 update 6 (build 750)
CPU DLL:         SARMCM3.DLL V5.30.0.0
Dialog DLL:      DCM.DLL V1.17.3.0
Target DLL:      STLink\ST-LINKIII-KEIL_SWO.dll V3.0.7.0
Dialog DLL:      TCM.DLL V1.42.0.0
 
<h2>Project:</h2>
E:\新建文件夹\FreeRTOS-TIM基本定时器\Project\RVMDK（uv5）\Fire_FreeRTOS.uvprojx
Project File Date:  11/17/2022

<h2>Output:</h2>
*** Using Compiler 'V5.06 update 6 (build 750)', folder: 'D:\keil5\ARM\ARMCC\Bin'
Rebuild target 'Fire_FreeRTOS'
assembling startup_stm32f10x_hd.s...
compiling stm32f10x_bkp.c...
compiling misc.c...
compiling stm32f10x_crc.c...
compiling stm32f10x_dac.c...
compiling stm32f10x_fsmc.c...
compiling system_stm32f10x.c...
compiling stm32f10x_dma.c...
compiling core_cm3.c...
compiling stm32f10x_cec.c...
compiling stm32f10x_dbgmcu.c...
compiling stm32f10x_adc.c...
compiling stm32f10x_exti.c...
compiling stm32f10x_flash.c...
compiling stm32f10x_can.c...
compiling stm32f10x_gpio.c...
compiling stm32f10x_i2c.c...
compiling stm32f10x_iwdg.c...
compiling stm32f10x_pwr.c...
compiling stm32f10x_rtc.c...
compiling stm32f10x_rcc.c...
compiling stm32f10x_sdio.c...
compiling stm32f10x_spi.c...
compiling bsp_key.c...
compiling bsp_TiMbase.c...
compiling bsp_led.c...
compiling stm32f10x_wwdg.c...
compiling bsp_usart.c...
compiling stm32f10x_usart.c...
compiling stm32f10x_tim.c...
compiling encoder.c...
compiling stm32f10x_it.c...
compiling motor.c...
compiling main.c...
..\..\User\main.c(216): warning:  #177-D: function "Pid_motor"  was declared but never referenced
  static void Pid_motor(void* pvParameters)
..\..\User\main.c: 1 warning, 0 errors
compiling pid.c...
compiling mpuiic.c...
compiling mpu6050.c...
compiling pwm.c...
compiling inv_mpu_dmp_motion_driver.c...
compiling sys.c...
compiling inv_mpu.c...
compiling delay.c...
compiling croutine.c...
compiling list.c...
compiling event_groups.c...
compiling timers.c...
compiling queue.c...
compiling heap_4.c...
compiling tasks.c...
compiling port.c...
linking...
Program Size: Code=34812 RO-data=3804 RW-data=220 ZI-data=38724  
FromELF: creating hex file...
"..\..\Output\Fire_FreeRTOS.axf" - 0 Error(s), 1 Warning(s).

<h2>Software Packages used:</h2>

Package Vendor: Keil
                http://www.keil.com/pack/Keil.STM32F1xx_DFP.2.4.0.pack
                Keil.STM32F1xx_DFP.2.4.0
                STMicroelectronics STM32F1 Series Device Support, Drivers and Examples

<h2>Collection of Component include folders:</h2>
  .\RTE\_Fire_FreeRTOS
  D:\keil5\Keil\STM32F1xx_DFP\2.4.0\Device\Include

<h2>Collection of Component Files used:</h2>
Build Time Elapsed:  00:00:04
</pre>
</body>
</html>
