<html>
<body>
<pre>
<h1>礦ision Build Log</h1>
<h2>Tool Versions:</h2>
IDE-Version: μVision V5.30.0.0
Copyright (C) 2020 ARM Ltd and ARM Germany GmbH. All rights reserved.
License Information: 2061477607@qq.com,   , LIC=GMZI6-DH6DP-8TR3P-M2D5X-HAENU-0YD4W
 
Tool Versions:
Toolchain:       MDK-ARM Plus  Version: 5.30.0.0
Toolchain Path:  D:\keil5\ARM\ARMCC\Bin
C Compiler:      Armcc.exe V5.06 update 6 (build 750)
Assembler:       Armasm.exe V5.06 update 6 (build 750)
Linker/Locator:  ArmLink.exe V5.06 update 6 (build 750)
Library Manager: ArmAr.exe V5.06 update 6 (build 750)
Hex Converter:   FromElf.exe V5.06 update 6 (build 750)
CPU DLL:         SARMCM3.DLL V5.30.0.0
Dialog DLL:      DCM.DLL V1.17.3.0
Target DLL:      CMSIS_AGDI.dll V1.32.5.0
Dialog DLL:      TCM.DLL V1.42.0.0
 
<h2>Project:</h2>
E:\新建文件夹\JY61_stm32_SDK\STM32Core_SDK_Normal\MDK\Project.uvprojx
Project File Date:  12/13/2022

<h2>Output:</h2>
*** Using Compiler 'V5.06 update 6 (build 750)', folder: 'D:\keil5\ARM\ARMCC\Bin'
Rebuild target 'Project'
assembling startup_stm32f10x_hd.s...
compiling wit_c_sdk.c...
compiling UART2.c...
compiling stm32f10x_gpio.c...
compiling system_stm32f10x.c...
compiling stm32f10x_it.c...
compiling misc.c...
compiling delay.c...
compiling stm32f10x_pwr.c...
compiling UART1.c...
compiling Main.c...
..\Source\APP\Main.c(45): warning:  #550-D: variable "fAcc"  was set but never used
  	float fAcc[3], fGyro[3], fAngle[3];
..\Source\APP\Main.c(45): warning:  #550-D: variable "fGyro"  was set but never used
  	float fAcc[3], fGyro[3], fAngle[3];
..\Source\APP\Main.c(136): warning:  #177-D: function "CmdProcess"  was declared but never referenced
  static void CmdProcess(void)
..\Source\APP\Main.c(240): warning:  #177-D: function "AutoScanSensor"  was declared but never referenced
  static void AutoScanSensor(void)
..\Source\APP\Main.c: 4 warnings, 0 errors
compiling stm32f10x_usart.c...
compiling stm32f10x_rcc.c...
linking...
Program Size: Code=8104 RO-data=928 RW-data=96 ZI-data=1624  
FromELF: creating hex file...
".\Obj\Project.axf" - 0 Error(s), 4 Warning(s).

<h2>Software Packages used:</h2>

Package Vendor: ARM
                http://www.keil.com/pack/ARM.CMSIS.5.7.0.pack
                ARM.CMSIS.5.7.0
                CMSIS (Cortex Microcontroller Software Interface Standard)
   * Component: CORE Version: 5.4.0

Package Vendor: Keil
                http://www.keil.com/pack/Keil.STM32F1xx_DFP.2.4.0.pack
                Keil.STM32F1xx_DFP.2.4.0
                STMicroelectronics STM32F1 Series Device Support, Drivers and Examples

<h2>Collection of Component include folders:</h2>
  .\RTE\_Project
  D:\keil5\ARM\CMSIS\5.7.0\CMSIS\Core\Include
  D:\keil5\Keil\STM32F1xx_DFP\2.4.0\Device\Include

<h2>Collection of Component Files used:</h2>

   * Component: ARM::CMSIS:CORE:5.4.0
Build Time Elapsed:  00:00:01
</pre>
</body>
</html>
