<html>
<body>
<pre>
<h1>礦ision Build Log</h1>
<h2>Tool Versions:</h2>
IDE-Version: μVision V5.30.0.0
Copyright (C) 2020 ARM Ltd and ARM Germany GmbH. All rights reserved.
License Information: 2061477607@qq.com,  , LIC=GMZI6-DH6DP-8TR3P-M2D5X-HAENU-0YD4W
 
Tool Versions:
Toolchain:       MDK-ARM Plus  Version: 5.30.0.0
Toolchain Path:  D:\keil5\ARM\ARMCC\Bin
C Compiler:      Armcc.exe V5.06 update 6 (build 750)
Assembler:       Armasm.exe V5.06 update 6 (build 750)
Linker/Locator:  ArmLink.exe V5.06 update 6 (build 750)
Library Manager: ArmAr.exe V5.06 update 6 (build 750)
Hex Converter:   FromElf.exe V5.06 update 6 (build 750)
CPU DLL:         SARMCM3.DLL V5.30.0.0
Dialog DLL:      DCM.DLL V1.17.3.0
Target DLL:      STLink\ST-LINKIII-KEIL_SWO.dll V3.0.7.0
Dialog DLL:      TCM.DLL V1.42.0.0
 
<h2>Project:</h2>
E:\新建文件夹\stm32f407\Project\RVMDK（uv5）\F407.uvprojx
Project File Date:  08/05/2022

<h2>Output:</h2>
*** Using Compiler 'V5.06 update 6 (build 750)', folder: 'D:\keil5\ARM\ARMCC\Bin'
Rebuild target 'BITBAND'
assembling startup_stm32f40xx.s...
compiling stm32f4xx_can.c...
compiling stm32f4xx_dac.c...
compiling stm32f4xx_cryp_aes.c...
compiling misc.c...
compiling stm32f4xx_exti.c...
compiling stm32f4xx_dbgmcu.c...
compiling stm32f4xx_cryp.c...
compiling stm32f4xx_flash.c...
compiling system_stm32f4xx.c...
compiling stm32f4xx_dcmi.c...
compiling stm32f4xx_fsmc.c...
compiling stm32f4xx_dma.c...
compiling stm32f4xx_hash.c...
compiling stm32f4xx_crc.c...
compiling stm32f4xx_cec.c...
compiling stm32f4xx_hash_md5.c...
compiling stm32f4xx_flash_ramfunc.c...
compiling stm32f4xx_fmpi2c.c...
compiling stm32f4xx_gpio.c...
compiling stm32f4xx_cryp_des.c...
compiling stm32f4xx_pwr.c...
compiling stm32f4xx_i2c.c...
compiling stm32f4xx_hash_sha1.c...
compiling stm32f4xx_rcc.c...
compiling stm32f4xx_rng.c...
compiling stm32f4xx_iwdg.c...
compiling stm32f4xx_adc.c...
compiling stm32f4xx_spi.c...
compiling stm32f4xx_sai.c...
compiling stm32f4xx_spdifrx.c...
compiling stm32f4xx_cryp_tdes.c...
compiling stm32f4xx_qspi.c...
compiling stm32f4xx_rtc.c...
compiling main.c...
compiling stm32f4xx_it.c...
compiling key.c...
compiling GPIO.c...
compiling led.c...
compiling delay.c...
compiling stm32f4xx_syscfg.c...
compiling stm32f4xx_sdio.c...
compiling usart.c...
compiling stm32f4xx_usart.c...
compiling stm32f4xx_tim.c...
compiling DHT11.c...
compiling fonts.c...
compiling stm32f4xx_wwdg.c...
compiling bsp_spi_flash.c...
compiling ili9341_lcd.c...
linking...
Program Size: Code=6334 RO-data=8026 RW-data=115272 ZI-data=1024  
FromELF: creating hex file...
"..\..\Output\biu.axf" - 0 Error(s), 0 Warning(s).

<h2>Software Packages used:</h2>

Package Vendor: Keil
                http://www.keil.com/pack/Keil.STM32F4xx_DFP.2.16.0.pack
                Keil.STM32F4xx_DFP.2.16.0
                STMicroelectronics STM32F4 Series Device Support, Drivers and Examples

<h2>Collection of Component include folders:</h2>
  .\RTE\_BITBAND
  D:\keil5\Keil\STM32F4xx_DFP\2.16.0\Drivers\CMSIS\Device\ST\STM32F4xx\Include

<h2>Collection of Component Files used:</h2>
Build Time Elapsed:  00:00:40
</pre>
</body>
</html>
