<html>
<body>
<pre>
<h1>礦ision Build Log</h1>
<h2>Tool Versions:</h2>
IDE-Version: μVision V5.30.0.0
Copyright (C) 2020 ARM Ltd and ARM Germany GmbH. All rights reserved.
License Information: 2061477607@qq.com,  , LIC=GMZI6-DH6DP-8TR3P-M2D5X-HAENU-0YD4W
 
Tool Versions:
Toolchain:       MDK-ARM Plus  Version: 5.30.0.0
Toolchain Path:  D:\keil5\ARM\ARMCC\Bin
C Compiler:      Armcc.exe V5.06 update 6 (build 750)
Assembler:       Armasm.exe V5.06 update 6 (build 750)
Linker/Locator:  ArmLink.exe V5.06 update 6 (build 750)
Library Manager: ArmAr.exe V5.06 update 6 (build 750)
Hex Converter:   FromElf.exe V5.06 update 6 (build 750)
CPU DLL:         SARMCM3.DLL V5.30.0.0
Dialog DLL:      DCM.DLL V1.17.3.0
Target DLL:      STLink\ST-LINKIII-KEIL_SWO.dll V3.0.7.0
Dialog DLL:      TCM.DLL V1.42.0.0
 
<h2>Project:</h2>
C:\Users\20614\Desktop\C8T6+MPU6050+OLED(IIC)\c8t6+mpu6050与上位机通讯\USER\MPU6050.uvprojx
Project File Date:  04/09/2022

<h2>Output:</h2>
*** Using Compiler 'V5.06 update 6 (build 750)', folder: 'D:\keil5\ARM\ARMCC\Bin'
Rebuild target 'MPU6050'
compiling main.c...
compiling usart.c...
compiling core_cm3.c...
assembling startup_stm32f10x_hd.s...
compiling key.c...
compiling led.c...
compiling delay.c...
compiling mpuiic.c...
compiling stm32f10x_it.c...
compiling system_stm32f10x.c...
compiling oled_iic.c...
compiling mpu6050.c...
compiling sys.c...
compiling misc.c...
compiling inv_mpu_dmp_motion_driver.c...
compiling lcd.c...
compiling inv_mpu.c...
compiling stm32f10x_fsmc.c...
compiling stm32f10x_gpio.c...
compiling stm32f10x_rcc.c...
compiling stm32f10x_usart.c...
compiling usmart_config.c...
compiling usmart_str.c...
compiling usmart.c...
compiling stm32f10x_tim.c...
linking...
Program Size: Code=29320 RO-data=4100 RW-data=3728 ZI-data=1848  
FromELF: creating hex file...
"..\OBJ\MPU6050.axf" - 0 Error(s), 0 Warning(s).

<h2>Software Packages used:</h2>

Package Vendor: Keil
                http://www.keil.com/pack/Keil.STM32F1xx_DFP.2.4.0.pack
                Keil.STM32F1xx_DFP.2.4.0
                STMicroelectronics STM32F1 Series Device Support, Drivers and Examples

<h2>Collection of Component include folders:</h2>
  .\RTE\_MPU6050
  D:\keil5\Keil\STM32F1xx_DFP\2.4.0\Device\Include

<h2>Collection of Component Files used:</h2>
Build Time Elapsed:  00:00:02
</pre>
</body>
</html>
