Component: ARM Compiler 5.06 update 6 (build 750) Tool: armlink [4d35ed]

==============================================================================

Section Cross References

    startup_stm32f407xx.o(RESET) refers to startup_stm32f407xx.o(STACK) for __initial_sp
    startup_stm32f407xx.o(RESET) refers to startup_stm32f407xx.o(.text) for Reset_Handler
    startup_stm32f407xx.o(RESET) refers to stm32f4xx_it.o(i.NMI_Handler) for NMI_Handler
    startup_stm32f407xx.o(RESET) refers to stm32f4xx_it.o(i.HardFault_Handler) for HardFault_Handler
    startup_stm32f407xx.o(RESET) refers to stm32f4xx_it.o(i.MemManage_Handler) for MemManage_Handler
    startup_stm32f407xx.o(RESET) refers to stm32f4xx_it.o(i.BusFault_Handler) for BusFault_Handler
    startup_stm32f407xx.o(RESET) refers to stm32f4xx_it.o(i.UsageFault_Handler) for UsageFault_Handler
    startup_stm32f407xx.o(RESET) refers to port.o(.emb_text) for SVC_Handler
    startup_stm32f407xx.o(RESET) refers to stm32f4xx_it.o(i.DebugMon_Handler) for DebugMon_Handler
    startup_stm32f407xx.o(RESET) refers to port.o(i.SysTick_Handler) for SysTick_Handler
    startup_stm32f407xx.o(RESET) refers to stm32f4xx_it.o(i.DMA1_Stream5_IRQHandler) for DMA1_Stream5_IRQHandler
    startup_stm32f407xx.o(RESET) refers to stm32f4xx_it.o(i.TIM2_IRQHandler) for TIM2_IRQHandler
    startup_stm32f407xx.o(RESET) refers to stm32f4xx_it.o(i.TIM3_IRQHandler) for TIM3_IRQHandler
    startup_stm32f407xx.o(RESET) refers to stm32f4xx_it.o(i.TIM4_IRQHandler) for TIM4_IRQHandler
    startup_stm32f407xx.o(RESET) refers to stm32f4xx_it.o(i.USART1_IRQHandler) for USART1_IRQHandler
    startup_stm32f407xx.o(RESET) refers to stm32f4xx_it.o(i.USART2_IRQHandler) for USART2_IRQHandler
    startup_stm32f407xx.o(RESET) refers to stm32f4xx_it.o(i.USART3_IRQHandler) for USART3_IRQHandler
    startup_stm32f407xx.o(RESET) refers to stm32f4xx_it.o(i.TIM5_IRQHandler) for TIM5_IRQHandler
    startup_stm32f407xx.o(RESET) refers to stm32f4xx_it.o(i.UART4_IRQHandler) for UART4_IRQHandler
    startup_stm32f407xx.o(RESET) refers to stm32f4xx_it.o(i.UART5_IRQHandler) for UART5_IRQHandler
    startup_stm32f407xx.o(RESET) refers to stm32f4xx_it.o(i.TIM6_DAC_IRQHandler) for TIM6_DAC_IRQHandler
    startup_stm32f407xx.o(RESET) refers to stm32f4xx_it.o(i.TIM7_IRQHandler) for TIM7_IRQHandler
    startup_stm32f407xx.o(RESET) refers to stm32f4xx_it.o(i.DMA2_Stream1_IRQHandler) for DMA2_Stream1_IRQHandler
    startup_stm32f407xx.o(RESET) refers to stm32f4xx_it.o(i.DMA2_Stream2_IRQHandler) for DMA2_Stream2_IRQHandler
    startup_stm32f407xx.o(RESET) refers to stm32f4xx_it.o(i.DMA2_Stream7_IRQHandler) for DMA2_Stream7_IRQHandler
    startup_stm32f407xx.o(RESET) refers to stm32f4xx_it.o(i.USART6_IRQHandler) for USART6_IRQHandler
    startup_stm32f407xx.o(.text) refers to system_stm32f4xx.o(i.SystemInit) for SystemInit
    startup_stm32f407xx.o(.text) refers to entry.o(.ARM.Collect$$$$00000000) for __main
    soft_user.o(i.Usart_SendString) refers to stm32f4xx_hal_uart.o(i.HAL_UART_Transmit) for HAL_UART_Transmit
    soft_user.o(i.Usart_SendString) refers to usart.o(.bss) for huart1
    soft_user.o(i.fputc) refers to stm32f4xx_hal_uart.o(i.HAL_UART_Transmit) for HAL_UART_Transmit
    soft_user.o(i.fputc) refers to usart.o(.bss) for huart1
    jy61.o(i.CopeCmdData) refers to memseta.o(.text) for __aeabi_memclr
    jy61.o(i.CopeCmdData) refers to jy61.o(.bss) for .bss
    jy61.o(i.CopeCmdData) refers to jy61.o(.data) for .data
    jy61.o(i.CopeWitData) refers to memcpya.o(.text) for __aeabi_memcpy
    jy61.o(i.CopeWitData) refers to jy61.o(.data) for .data
    jy61.o(i.CopeWitData) refers to jy61.o(.bss) for .bss
    jy61.o(i.Delayms) refers to soft_user.o(i.delay) for delay
    jy61.o(i.SensorDataUpdata) refers to jy61.o(.data) for .data
    jy61.o(i.SensorUartSend) refers to stm32f4xx_hal_uart.o(i.HAL_UART_Transmit) for HAL_UART_Transmit
    jy61.o(i.SensorUartSend) refers to usart.o(.bss) for huart2
    jy61.o(i.ShowHelp) refers to printfa.o(i.__0printf) for __2printf
    jy61.o(i.ShowHelp) refers to jy61.o(.conststring) for .conststring
    jy61.o(i.WitCanDataIn) refers to jy61.o(i.CopeWitData) for CopeWitData
    jy61.o(i.WitCanDataIn) refers to jy61.o(.data) for .data
    jy61.o(i.WitCanWriteRegister) refers to jy61.o(.data) for .data
    jy61.o(i.WitDeInit) refers to jy61.o(.data) for .data
    jy61.o(i.WitDelayMsRegister) refers to jy61.o(.data) for .data
    jy61.o(i.WitI2cFuncRegister) refers to jy61.o(.data) for .data
    jy61.o(i.WitInit) refers to jy61.o(.data) for .data
    jy61.o(i.WitReadReg) refers to jy61.o(i.__CRC16) for __CRC16
    jy61.o(i.WitReadReg) refers to jy61.o(.data) for .data
    jy61.o(i.WitReadReg) refers to jy61.o(.bss) for .bss
    jy61.o(i.WitRegisterCallBack) refers to jy61.o(.data) for .data
    jy61.o(i.WitSerialDataIn) refers to jy61.o(i.CopeWitData) for CopeWitData
    jy61.o(i.WitSerialDataIn) refers to jy61.o(i.__CRC16) for __CRC16
[...]
    i._printf_pre_padding                    0x08004180   Section        0  printfa.o(i._printf_pre_padding)
    _printf_pre_padding                      0x08004181   Thumb Code    46  printfa.o(i._printf_pre_padding)
    i._sputc                                 0x080041ae   Section        0  printfa.o(i._sputc)
    _sputc                                   0x080041af   Thumb Code    10  printfa.o(i._sputc)
    i.delay                                  0x080041b8   Section        0  soft_user.o(i.delay)
    i.deubg_Task                             0x080041d4   Section        0  freertos.o(i.deubg_Task)
    i.doing_Task                             0x08004290   Section        0  freertos.o(i.doing_Task)
    i.fputc                                  0x08004298   Section        0  soft_user.o(i.fputc)
    i.key_Task                               0x080042b0   Section        0  freertos.o(i.key_Task)
    i.led_Task                               0x08004304   Section        0  freertos.o(i.led_Task)
    i.main                                   0x08004310   Section        0  main.o(i.main)
    i.makeFreeRtosPriority                   0x08004480   Section        0  cmsis_os.o(i.makeFreeRtosPriority)
    makeFreeRtosPriority                     0x08004481   Thumb Code    12  cmsis_os.o(i.makeFreeRtosPriority)
    i.motor_Task                             0x0800448c   Section        0  freertos.o(i.motor_Task)
    i.motor_tim_config                       0x08004494   Section        0  motor_ctrl.o(i.motor_tim_config)
    i.oled_Task                              0x0800453c   Section        0  freertos.o(i.oled_Task)
    i.osDelay                                0x08004544   Section        0  cmsis_os.o(i.osDelay)
    i.osKernelStart                          0x08004552   Section        0  cmsis_os.o(i.osKernelStart)
    i.osThreadCreate                         0x0800455c   Section        0  cmsis_os.o(i.osThreadCreate)
    i.pid_Task                               0x080045b0   Section        0  freertos.o(i.pid_Task)
    i.pid_doing                              0x080045bc   Section        0  pid.o(i.pid_doing)
    i.prvAddCurrentTaskToDelayedList         0x080046a8   Section        0  tasks.o(i.prvAddCurrentTaskToDelayedList)
    prvAddCurrentTaskToDelayedList           0x080046a9   Thumb Code   102  tasks.o(i.prvAddCurrentTaskToDelayedList)
    i.prvAddNewTaskToReadyList               0x08004718   Section        0  tasks.o(i.prvAddNewTaskToReadyList)
    prvAddNewTaskToReadyList                 0x08004719   Thumb Code   194  tasks.o(i.prvAddNewTaskToReadyList)
    i.prvDeleteTCB                           0x080047e8   Section        0  tasks.o(i.prvDeleteTCB)
    prvDeleteTCB                             0x080047e9   Thumb Code    52  tasks.o(i.prvDeleteTCB)
    i.prvHeapInit                            0x0800481c   Section        0  heap_4.o(i.prvHeapInit)
    prvHeapInit                              0x0800481d   Thumb Code    66  heap_4.o(i.prvHeapInit)
    i.prvIdleTask                            0x08004868   Section        0  tasks.o(i.prvIdleTask)
    prvIdleTask                              0x08004869   Thumb Code    82  tasks.o(i.prvIdleTask)
    i.prvInitialiseNewQueue                  0x080048c8   Section        0  queue.o(i.prvInitialiseNewQueue)
    prvInitialiseNewQueue                    0x080048c9   Thumb Code    22  queue.o(i.prvInitialiseNewQueue)
    i.prvInitialiseNewTask                   0x080048de   Section        0  tasks.o(i.prvInitialiseNewTask)
    prvInitialiseNewTask                     0x080048df   Thumb Code   152  tasks.o(i.prvInitialiseNewTask)
    i.prvInsertBlockIntoFreeList             0x08004978   Section        0  heap_4.o(i.prvInsertBlockIntoFreeList)
    prvInsertBlockIntoFreeList               0x08004979   Thumb Code    72  heap_4.o(i.prvInsertBlockIntoFreeList)
    i.prvIsQueueEmpty                        0x080049c4   Section        0  queue.o(i.prvIsQueueEmpty)
    prvIsQueueEmpty                          0x080049c5   Thumb Code    28  queue.o(i.prvIsQueueEmpty)
    i.prvResetNextTaskUnblockTime            0x080049e0   Section        0  tasks.o(i.prvResetNextTaskUnblockTime)
    prvResetNextTaskUnblockTime              0x080049e1   Thumb Code    26  tasks.o(i.prvResetNextTaskUnblockTime)
    i.prvTaskExitError                       0x08004a00   Section        0  port.o(i.prvTaskExitError)
    prvTaskExitError                         0x08004a01   Thumb Code    36  port.o(i.prvTaskExitError)
    i.prvUnlockQueue                         0x08004a28   Section        0  queue.o(i.prvUnlockQueue)
    prvUnlockQueue                           0x08004a29   Thumb Code   106  queue.o(i.prvUnlockQueue)
    i.pvPortMalloc                           0x08004a94   Section        0  heap_4.o(i.pvPortMalloc)
    i.pvTaskIncrementMutexHeldCount          0x08004b6c   Section        0  tasks.o(i.pvTaskIncrementMutexHeldCount)
    i.pxPortInitialiseStack                  0x08004b84   Section        0  port.o(i.pxPortInitialiseStack)
    i.servo_Task                             0x08004bb0   Section        0  freertos.o(i.servo_Task)
    i.servo_config                           0x08004bb8   Section        0  servo.o(i.servo_config)
    i.speed_Task                             0x08004c00   Section        0  freertos.o(i.speed_Task)
    i.speed_ctrl                             0x08004c14   Section        0  motor_ctrl.o(i.speed_ctrl)
    i.speed_get                              0x08004c68   Section        0  motor_ctrl.o(i.speed_get)
    i.usart_Task                             0x08004cb4   Section        0  freertos.o(i.usart_Task)
    i.uxListRemove                           0x08004cbc   Section        0  list.o(i.uxListRemove)
    i.vApplicationGetIdleTaskMemory          0x08004ce4   Section        0  freertos.o(i.vApplicationGetIdleTaskMemory)
    i.vListInitialise                        0x08004cf8   Section        0  list.o(i.vListInitialise)
    i.vListInitialiseItem                    0x08004d0e   Section        0  list.o(i.vListInitialiseItem)
    i.vListInsert                            0x08004d14   Section        0  list.o(i.vListInsert)
    i.vListInsertEnd                         0x08004d44   Section        0  list.o(i.vListInsertEnd)
    i.vPortEnterCritical                     0x08004d5c   Section        0  port.o(i.vPortEnterCritical)
    i.vPortExitCritical                      0x08004d9c   Section        0  port.o(i.vPortExitCritical)
    i.vPortFree                              0x08004dc4   Section        0  heap_4.o(i.vPortFree)
    i.vPortSetupTimerInterrupt               0x08004e20   Section        0  port.o(i.vPortSetupTimerInterrupt)
    i.vPortValidateInterruptPriority         0x08004e44   Section        0  port.o(i.vPortValidateInterruptPriority)
    i.vTaskDelay                             0x08004e98   Section        0  tasks.o(i.vTaskDelay)
    i.vTaskInternalSetTimeOutState           0x08004ee4   Section        0  tasks.o(i.vTaskInternalSetTimeOutState)
    i.vTaskMissedYield                       0x08004ef4   Section        0  tasks.o(i.vTaskMissedYield)
    i.vTaskPlaceOnEventList                  0x08004f00   Section        0  tasks.o(i.vTaskPlaceOnEventList)
    i.vTaskPriorityDisinheritAfterTimeout    0x08004f30   Section        0  tasks.o(i.vTaskPriorityDisinheritAfterTimeout)
    i.vTaskStartScheduler                    0x08004fd8   Section        0  tasks.o(i.vTaskStartScheduler)
    i.vTaskSuspendAll                        0x08005044   Section        0  tasks.o(i.vTaskSuspendAll)
    i.vTaskSwitchContext                     0x08005054   Section        0  tasks.o(i.vTaskSwitchContext)
    i.xPortStartScheduler                    0x080050b0   Section        0  port.o(i.xPortStartScheduler)
    i.xQueueGenericCreate                    0x080051a4   Section        0  queue.o(i.xQueueGenericCreate)
    i.xQueueGenericReset                     0x080051ec   Section        0  queue.o(i.xQueueGenericReset)
    i.xQueueGiveFromISR                      0x08005274   Section        0  queue.o(i.xQueueGiveFromISR)
    i.xQueueSemaphoreTake                    0x08005310   Section        0  queue.o(i.xQueueSemaphoreTake)
    i.xTaskCheckForTimeOut                   0x08005488   Section        0  tasks.o(i.xTaskCheckForTimeOut)
    i.xTaskCreate                            0x080054fc   Section        0  tasks.o(i.xTaskCreate)
    i.xTaskCreateStatic                      0x08005556   Section        0  tasks.o(i.xTaskCreateStatic)
    i.xTaskGetSchedulerState                 0x080055ac   Section        0  tasks.o(i.xTaskGetSchedulerState)
    i.xTaskIncrementTick                     0x080055c8   Section        0  tasks.o(i.xTaskIncrementTick)
    i.xTaskPriorityInherit                   0x08005690   Section        0  tasks.o(i.xTaskPriorityInherit)
    i.xTaskRemoveFromEventList               0x08005724   Section        0  tasks.o(i.xTaskRemoveFromEventList)
    i.xTaskResumeAll                         0x08005798   Section        0  tasks.o(i.xTaskResumeAll)
    .constdata                               0x0800585c   Section      512  jy61.o(.constdata)
    __auchCRCHi                              0x0800585c   Data         256  jy61.o(.constdata)
    __auchCRCLo                              0x0800595c   Data         256  jy61.o(.constdata)
    .constdata                               0x08005a5c   Section      336  freertos.o(.constdata)
    .constdata                               0x08005bac   Section        8  stm32f4xx_hal_dma.o(.constdata)
    flagBitshiftOffset                       0x08005bac   Data           8  stm32f4xx_hal_dma.o(.constdata)
    .constdata                               0x08005bb4   Section       16  system_stm32f4xx.o(.constdata)
    .constdata                               0x08005bc4   Section        8  system_stm32f4xx.o(.constdata)
    .conststring                             0x08005bcc   Section      167  freertos.o(.conststring)
    .data                                    0x20000000   Section       40  jy61.o(.data)
    s_ucAddr                                 0x20000000   Data           1  jy61.o(.data)
    s_ucRxCnt                                0x20000003   Data           1  jy61.o(.data)
    p_WitSerialWriteFunc                     0x20000004   Data           4  jy61.o(.data)
    p_WitI2cWriteFunc                        0x20000008   Data           4  jy61.o(.data)
    p_WitI2cReadFunc                         0x2000000c   Data           4  jy61.o(.data)
    p_WitCanWriteFunc                        0x20000010   Data           4  jy61.o(.data)
    p_WitRegUpdateCbFunc                     0x20000014   Data           4  jy61.o(.data)
    p_WitDelaymsFunc                         0x20000018   Data           4  jy61.o(.data)
    s_uiWitDataCnt                           0x2000001c   Data           4  jy61.o(.data)
    s_uiProtoclo                             0x20000020   Data           4  jy61.o(.data)
    s_uiReadRegIndex                         0x20000024   Data           4  jy61.o(.data)
    .data                                    0x20000028   Section       32  pid.o(.data)
    speed_last                               0x20000028   Data           8  pid.o(.data)
    speed_last_last                          0x20000030   Data           8  pid.o(.data)
    speed_sum                                0x20000038   Data           8  pid.o(.data)
    speed                                    0x20000040   Data           8  pid.o(.data)
    .data                                    0x20000048   Section       71  freertos.o(.data)
    .data                                    0x20000090   Section       12  stm32f4xx_hal.o(.data)
    .data                                    0x2000009c   Section        4  system_stm32f4xx.o(.data)
    .data                                    0x200000a0   Section       60  tasks.o(.data)
    pxDelayedTaskList                        0x200000a4   Data           4  tasks.o(.data)
    pxOverflowDelayedTaskList                0x200000a8   Data           4  tasks.o(.data)
    uxDeletedTasksWaitingCleanUp             0x200000ac   Data           4  tasks.o(.data)
    uxCurrentNumberOfTasks                   0x200000b0   Data           4  tasks.o(.data)
    xTickCount                               0x200000b4   Data           4  tasks.o(.data)
    uxTopReadyPriority                       0x200000b8   Data           4  tasks.o(.data)
    xSchedulerRunning                        0x200000bc   Data           4  tasks.o(.data)
    uxPendedTicks                            0x200000c0   Data           4  tasks.o(.data)
    xYieldPending                            0x200000c4   Data           4  tasks.o(.data)
    xNumOfOverflows                          0x200000c8   Data           4  tasks.o(.data)
    uxTaskNumber                             0x200000cc   Data           4  tasks.o(.data)
    xNextTaskUnblockTime                     0x200000d0   Data           4  tasks.o(.data)
    xIdleTaskHandle                          0x200000d4   Data           4  tasks.o(.data)
    uxSchedulerSuspended                     0x200000d8   Data           4  tasks.o(.data)
    .data                                    0x200000dc   Section       24  heap_4.o(.data)
    pxEnd                                    0x200000dc   Data           4  heap_4.o(.data)
    xFreeBytesRemaining                      0x200000e0   Data           4  heap_4.o(.data)
    xMinimumEverFreeBytesRemaining           0x200000e4   Data           4  heap_4.o(.data)
    xBlockAllocatedBit                       0x200000e8   Data           4  heap_4.o(.data)
    xStart                                   0x200000ec   Data           8  heap_4.o(.data)
    .data                                    0x200000f4   Section       12  port.o(.data)
    ucMaxSysCallPriority                     0x200000f4   Data           1  port.o(.data)
    uxCriticalNesting                        0x200000f8   Data           4  port.o(.data)
    ulMaxPRIGROUPValue                       0x200000fc   Data           4  port.o(.data)
    .data                                    0x20000100   Section        4  stdout.o(.data)
    .bss                                     0x20000104   Section      594  jy61.o(.bss)
    s_ucData                                 0x20000104   Data          50  jy61.o(.bss)
    s_ucWitDataBuff                          0x20000136   Data         256  jy61.o(.bss)
    .bss                                     0x20000358   Section     1376  freertos.o(.bss)
    xIdleTaskTCBBuffer                       0x20000664   Data          84  freertos.o(.bss)
    xIdleStack                               0x200006b8   Data         512  freertos.o(.bss)
    .bss                                     0x200008b8   Section       25  freertos.o(.bss)
    .bss                                     0x200008d4   Section      768  tim.o(.bss)
    .bss                                     0x20000bd4   Section      768  usart.o(.bss)
    .bss                                     0x20000ed4   Section       64  stm32f4xx_hal_timebase_tim.o(.bss)
    .bss                                     0x20000f14   Section      240  tasks.o(.bss)
    pxReadyTasksLists                        0x20000f14   Data         140  tasks.o(.bss)
    xDelayedTaskList1                        0x20000fa0   Data          20  tasks.o(.bss)
    xDelayedTaskList2                        0x20000fb4   Data          20  tasks.o(.bss)
    xPendingReadyList                        0x20000fc8   Data          20  tasks.o(.bss)
    xTasksWaitingTermination                 0x20000fdc   Data          20  tasks.o(.bss)
    xSuspendedTaskList                       0x20000ff0   Data          20  tasks.o(.bss)
    .bss                                     0x20001004   Section    15360  heap_4.o(.bss)
    ucHeap                                   0x20001004   Data       15360  heap_4.o(.bss)
    STACK                                    0x20004c08   Section     1024  startup_stm32f407xx.o(STACK)

    Global Symbols

    Symbol Name                              Value     Ov Type        Size  Object(Section)

    BuildAttributes$$THM_ISAv4$E$P$D$K$B$S$7EM$VFPi3$EXTD16$VFPS$VFMA$PE$A:L22UL41UL21$X:L11$S22US41US21$IEEE1$IW$USESV6$~STKCKD$USESV7$~SHL$OSPACE$ROPI$EBA8$MICROLIB$REQ8$PRES8$EABIv2 0x00000000   Number         0  anon$$obj.o ABSOLUTE
    __ARM_use_no_argv                        0x00000000   Number         0  main.o ABSOLUTE
    _printf_a                                0x00000000   Number         0  stubs.o ABSOLUTE
    _printf_c                                0x00000000   Number         0  stubs.o ABSOLUTE
    _printf_charcount                        0x00000000   Number         0  stubs.o ABSOLUTE
    _printf_d                                0x00000000   Number         0  stubs.o ABSOLUTE
    _printf_e                                0x00000000   Number         0  stubs.o ABSOLUTE
    _printf_f                                0x00000000   Number         0  stubs.o ABSOLUTE
    _printf_flags                            0x00000000   Number         0  stubs.o ABSOLUTE
    _printf_fp_dec                           0x00000000   Number         0  stubs.o ABSOLUTE
    _printf_fp_hex                           0x00000000   Number         0  stubs.o ABSOLUTE
    _printf_g                                0x00000000   Number         0  stubs.o ABSOLUTE
    _printf_i                                0x00000000   Number         0  stubs.o ABSOLUTE
    _printf_int_dec                          0x00000000   Number         0  stubs.o ABSOLUTE
    _printf_l                                0x00000000   Number         0  stubs.o ABSOLUTE
    _printf_lc                               0x00000000   Number         0  stubs.o ABSOLUTE
    _printf_ll                               0x00000000   Number         0  stubs.o ABSOLUTE
    _printf_lld                              0x00000000   Number         0  stubs.o ABSOLUTE
    _printf_lli                              0x00000000   Number         0  stubs.o ABSOLUTE
    _printf_llo                              0x00000000   Number         0  stubs.o ABSOLUTE
    _printf_llu                              0x00000000   Number         0  stubs.o ABSOLUTE
    _printf_llx                              0x00000000   Number         0  stubs.o ABSOLUTE
    _printf_longlong_dec                     0x00000000   Number         0  stubs.o ABSOLUTE
    _printf_longlong_hex                     0x00000000   Number         0  stubs.o ABSOLUTE
    _printf_longlong_oct                     0x00000000   Number         0  stubs.o ABSOLUTE
    _printf_ls                               0x00000000   Number         0  stubs.o ABSOLUTE
    _printf_mbtowc                           0x00000000   Number         0  stubs.o ABSOLUTE
    _printf_n                                0x00000000   Number         0  stubs.o ABSOLUTE
    _printf_o                                0x00000000   Number         0  stubs.o ABSOLUTE
    _printf_p                                0x00000000   Number         0  stubs.o ABSOLUTE
    _printf_percent                          0x00000000   Number         0  stubs.o ABSOLUTE
    _printf_pre_padding                      0x00000000   Number         0  stubs.o ABSOLUTE
    _printf_return_value                     0x00000000   Number         0  stubs.o ABSOLUTE
    _printf_s                                0x00000000   Number         0  stubs.o ABSOLUTE
    _printf_sizespec                         0x00000000   Number         0  stubs.o ABSOLUTE
    _printf_str                              0x00000000   Number         0  stubs.o ABSOLUTE
    _printf_truncate_signed                  0x00000000   Number         0  stubs.o ABSOLUTE
    _printf_truncate_unsigned                0x00000000   Number         0  stubs.o ABSOLUTE
    _printf_u                                0x00000000   Number         0  stubs.o ABSOLUTE
    _printf_wc                               0x00000000   Number         0  stubs.o ABSOLUTE
    _printf_wctomb                           0x00000000   Number         0  stubs.o ABSOLUTE
    _printf_widthprec                        0x00000000   Number         0  stubs.o ABSOLUTE
    _printf_x                                0x00000000   Number         0  stubs.o ABSOLUTE
    __cpp_initialize__aeabi_                  - Undefined Weak Reference
    __cxa_finalize                            - Undefined Weak Reference
    __decompress                              - Undefined Weak Reference
    _clock_init                               - Undefined Weak Reference
    _microlib_exit                            - Undefined Weak Reference
    __Vectors_Size                           0x00000188   Number         0  startup_stm32f407xx.o ABSOLUTE
    __Vectors                                0x08000000   Data           4  startup_stm32f407xx.o(RESET)
    __Vectors_End                            0x08000188   Data           0  startup_stm32f407xx.o(RESET)
    __main                                   0x08000189   Thumb Code     0  entry.o(.ARM.Collect$$$$00000000)
    _main_stk                                0x08000189   Thumb Code     0  entry2.o(.ARM.Collect$$$$00000001)
    _main_scatterload                        0x0800018d   Thumb Code     0  entry5.o(.ARM.Collect$$$$00000004)
    __main_after_scatterload                 0x08000191   Thumb Code     0  entry5.o(.ARM.Collect$$$$00000004)
    _main_clock                              0x08000191   Thumb Code     0  entry7b.o(.ARM.Collect$$$$00000008)
    _main_cpp_init                           0x08000191   Thumb Code     0  entry8b.o(.ARM.Collect$$$$0000000A)
    _main_init                               0x08000191   Thumb Code     0  entry9a.o(.ARM.Collect$$$$0000000B)
    __rt_final_cpp                           0x08000199   Thumb Code     0  entry10a.o(.ARM.Collect$$$$0000000D)
    __rt_final_exit                          0x08000199   Thumb Code     0  entry11a.o(.ARM.Collect$$$$0000000F)
    SVC_Handler                              0x0800019d   Thumb Code    28  port.o(.emb_text)
    __asm___6_port_c_39a90d8d__prvStartFirstTask 0x080001bd   Thumb Code    36  port.o(.emb_text)
    __asm___6_port_c_39a90d8d__prvEnableVFP  0x080001e5   Thumb Code    16  port.o(.emb_text)
    PendSV_Handler                           0x080001f9   Thumb Code    88  port.o(.emb_text)
    vPortGetIPSR                             0x08000255   Thumb Code     6  port.o(.emb_text)
    Reset_Handler                            0x0800025d   Thumb Code     8  startup_stm32f407xx.o(.text)
    ADC_IRQHandler                           0x08000277   Thumb Code     0  startup_stm32f407xx.o(.text)
    CAN1_RX0_IRQHandler                      0x08000277   Thumb Code     0  startup_stm32f407xx.o(.text)
    CAN1_RX1_IRQHandler                      0x08000277   Thumb Code     0  startup_stm32f407xx.o(.text)
    CAN1_SCE_IRQHandler                      0x08000277   Thumb Code     0  startup_stm32f407xx.o(.text)
    CAN1_TX_IRQHandler                       0x08000277   Thumb Code     0  startup_stm32f407xx.o(.text)
    CAN2_RX0_IRQHandler                      0x08000277   Thumb Code     0  startup_stm32f407xx.o(.text)
    CAN2_RX1_IRQHandler                      0x08000277   Thumb Code     0  startup_stm32f407xx.o(.text)
    CAN2_SCE_IRQHandler                      0x08000277   Thumb Code     0  startup_stm32f407xx.o(.text)
    CAN2_TX_IRQHandler                       0x08000277   Thumb Code     0  startup_stm32f407xx.o(.text)
    DCMI_IRQHandler                          0x08000277   Thumb Code     0  startup_stm32f407xx.o(.text)
    DMA1_Stream0_IRQHandler                  0x08000277   Thumb Code     0  startup_stm32f407xx.o(.text)
    DMA1_Stream1_IRQHandler                  0x08000277   Thumb Code     0  startup_stm32f407xx.o(.text)
    DMA1_Stream2_IRQHandler                  0x08000277   Thumb Code     0  startup_stm32f407xx.o(.text)
    DMA1_Stream3_IRQHandler                  0x08000277   Thumb Code     0  startup_stm32f407xx.o(.text)
    DMA1_Stream4_IRQHandler                  0x08000277   Thumb Code     0  startup_stm32f407xx.o(.text)
    DMA1_Stream6_IRQHandler                  0x08000277   Thumb Code     0  startup_stm32f407xx.o(.text)
    DMA1_Stream7_IRQHandler                  0x08000277   Thumb Code     0  startup_stm32f407xx.o(.text)
    DMA2_Stream0_IRQHandler                  0x08000277   Thumb Code     0  startup_stm32f407xx.o(.text)
    DMA2_Stream3_IRQHandler                  0x08000277   Thumb Code     0  startup_stm32f407xx.o(.text)
    DMA2_Stream4_IRQHandler                  0x08000277   Thumb Code     0  startup_stm32f407xx.o(.text)
    DMA2_Stream5_IRQHandler                  0x08000277   Thumb Code     0  startup_stm32f407xx.o(.text)
    DMA2_Stream6_IRQHandler                  0x08000277   Thumb Code     0  startup_stm32f407xx.o(.text)
    ETH_IRQHandler                           0x08000277   Thumb Code     0  startup_stm32f407xx.o(.text)
    ETH_WKUP_IRQHandler                      0x08000277   Thumb Code     0  startup_stm32f407xx.o(.text)
    EXTI0_IRQHandler                         0x08000277   Thumb Code     0  startup_stm32f407xx.o(.text)
    EXTI15_10_IRQHandler                     0x08000277   Thumb Code     0  startup_stm32f407xx.o(.text)
    EXTI1_IRQHandler                         0x08000277   Thumb Code     0  startup_stm32f407xx.o(.text)
    EXTI2_IRQHandler                         0x08000277   Thumb Code     0  startup_stm32f407xx.o(.text)
    EXTI3_IRQHandler                         0x08000277   Thumb Code     0  startup_stm32f407xx.o(.text)
    EXTI4_IRQHandler                         0x08000277   Thumb Code     0  startup_stm32f407xx.o(.text)
    EXTI9_5_IRQHandler                       0x08000277   Thumb Code     0  startup_stm32f407xx.o(.text)
    FLASH_IRQHandler                         0x08000277   Thumb Code     0  startup_stm32f407xx.o(.text)
    FMC_IRQHandler                           0x08000277   Thumb Code     0  startup_stm32f407xx.o(.text)
    FPU_IRQHandler                           0x08000277   Thumb Code     0  startup_stm32f407xx.o(.text)
    HASH_RNG_IRQHandler                      0x08000277   Thumb Code     0  startup_stm32f407xx.o(.text)
    I2C1_ER_IRQHandler                       0x08000277   Thumb Code     0  startup_stm32f407xx.o(.text)
    I2C1_EV_IRQHandler                       0x08000277   Thumb Code     0  startup_stm32f407xx.o(.text)
    I2C2_ER_IRQHandler                       0x08000277   Thumb Code     0  startup_stm32f407xx.o(.text)
    I2C2_EV_IRQHandler                       0x08000277   Thumb Code     0  startup_stm32f407xx.o(.text)
    I2C3_ER_IRQHandler                       0x08000277   Thumb Code     0  startup_stm32f407xx.o(.text)
    I2C3_EV_IRQHandler                       0x08000277   Thumb Code     0  startup_stm32f407xx.o(.text)
    OTG_FS_IRQHandler                        0x08000277   Thumb Code     0  startup_stm32f407xx.o(.text)
    OTG_FS_WKUP_IRQHandler                   0x08000277   Thumb Code     0  startup_stm32f407xx.o(.text)
    OTG_HS_EP1_IN_IRQHandler                 0x08000277   Thumb Code     0  startup_stm32f407xx.o(.text)
    OTG_HS_EP1_OUT_IRQHandler                0x08000277   Thumb Code     0  startup_stm32f407xx.o(.text)
    OTG_HS_IRQHandler                        0x08000277   Thumb Code     0  startup_stm32f407xx.o(.text)
    OTG_HS_WKUP_IRQHandler                   0x08000277   Thumb Code     0  startup_stm32f407xx.o(.text)
    PVD_IRQHandler                           0x08000277   Thumb Code     0  startup_stm32f407xx.o(.text)
    RCC_IRQHandler                           0x08000277   Thumb Code     0  startup_stm32f407xx.o(.text)
    RTC_Alarm_IRQHandler                     0x08000277   Thumb Code     0  startup_stm32f407xx.o(.text)
    RTC_WKUP_IRQHandler                      0x08000277   Thumb Code     0  startup_stm32f407xx.o(.text)
    SDIO_IRQHandler                          0x08000277   Thumb Code     0  startup_stm32f407xx.o(.text)
    SPI1_IRQHandler                          0x08000277   Thumb Code     0  startup_stm32f407xx.o(.text)
    SPI2_IRQHandler                          0x08000277   Thumb Code     0  startup_stm32f407xx.o(.text)
    SPI3_IRQHandler                          0x08000277   Thumb Code     0  startup_stm32f407xx.o(.text)
    TAMP_STAMP_IRQHandler                    0x08000277   Thumb Code     0  startup_stm32f407xx.o(.text)
    TIM1_BRK_TIM9_IRQHandler                 0x08000277   Thumb Code     0  startup_stm32f407xx.o(.text)
    TIM1_CC_IRQHandler                       0x08000277   Thumb Code     0  startup_stm32f407xx.o(.text)
    TIM1_TRG_COM_TIM11_IRQHandler            0x08000277   Thumb Code     0  startup_stm32f407xx.o(.text)
    TIM1_UP_TIM10_IRQHandler                 0x08000277   Thumb Code     0  startup_stm32f407xx.o(.text)
    TIM8_BRK_TIM12_IRQHandler                0x08000277   Thumb Code     0  startup_stm32f407xx.o(.text)
    TIM8_CC_IRQHandler                       0x08000277   Thumb Code     0  startup_stm32f407xx.o(.text)
    TIM8_TRG_COM_TIM14_IRQHandler            0x08000277   Thumb Code     0  startup_stm32f407xx.o(.text)
    TIM8_UP_TIM13_IRQHandler                 0x08000277   Thumb Code     0  startup_stm32f407xx.o(.text)
    WWDG_IRQHandler                          0x08000277   Thumb Code     0  startup_stm32f407xx.o(.text)
    __aeabi_uldivmod                         0x08000281   Thumb Code    98  uldiv.o(.text)
    __aeabi_memcpy                           0x080002e3   Thumb Code    36  memcpya.o(.text)
    __aeabi_memcpy4                          0x080002e3   Thumb Code     0  memcpya.o(.text)
    __aeabi_memcpy8                          0x080002e3   Thumb Code     0  memcpya.o(.text)
    __aeabi_memset                           0x08000307   Thumb Code    14  memseta.o(.text)
    __aeabi_memset4                          0x08000307   Thumb Code     0  memseta.o(.text)
    __aeabi_memset8                          0x08000307   Thumb Code     0  memseta.o(.text)
    __aeabi_memclr                           0x08000315   Thumb Code     4  memseta.o(.text)
    __aeabi_memclr4                          0x08000315   Thumb Code     0  memseta.o(.text)
    __aeabi_memclr8                          0x08000315   Thumb Code     0  memseta.o(.text)
    memset                                   0x08000319   Thumb Code    18  memseta.o(.text)
    strlen                                   0x0800032b   Thumb Code    14  strlen.o(.text)
    strcpy                                   0x08000339   Thumb Code    18  strcpy.o(.text)
    __aeabi_f2d                              0x0800034b   Thumb Code    38  f2d.o(.text)
    __aeabi_uidiv                            0x08000371   Thumb Code     0  uidiv.o(.text)
    __aeabi_uidivmod                         0x08000371   Thumb Code    44  uidiv.o(.text)
    __aeabi_llsl                             0x0800039d   Thumb Code    30  llshl.o(.text)
    _ll_shift_l                              0x0800039d   Thumb Code     0  llshl.o(.text)
    __aeabi_llsr                             0x080003bb   Thumb Code    32  llushr.o(.text)
    _ll_ushift_r                             0x080003bb   Thumb Code     0  llushr.o(.text)
    __I$use$fp                               0x080003db   Thumb Code     0  iusefp.o(.text)
    __aeabi_dadd                             0x080003db   Thumb Code   322  dadd.o(.text)
    __aeabi_dsub                             0x0800051d   Thumb Code     6  dadd.o(.text)
    __aeabi_drsub                            0x08000523   Thumb Code     6  dadd.o(.text)
    __aeabi_dmul                             0x08000529   Thumb Code   228  dmul.o(.text)
    __aeabi_ddiv                             0x0800060d   Thumb Code   222  ddiv.o(.text)
    __aeabi_d2ulz                            0x080006eb   Thumb Code    48  dfixul.o(.text)
    __aeabi_cdrcmple                         0x0800071d   Thumb Code    48  cdrcmple.o(.text)
    __scatterload                            0x0800074d   Thumb Code    28  init.o(.text)
    __scatterload_rt2                        0x0800074d   Thumb Code     0  init.o(.text)
    __aeabi_lasr                             0x08000771   Thumb Code    36  llsshr.o(.text)
    _ll_sshift_r                             0x08000771   Thumb Code     0  llsshr.o(.text)
    _double_round                            0x08000795   Thumb Code    30  depilogue.o(.text)
    _double_epilogue                         0x080007b3   Thumb Code   156  depilogue.o(.text)
    BusFault_Handler                         0x0800084f   Thumb Code     2  stm32f4xx_it.o(i.BusFault_Handler)
    DMA1_Stream5_IRQHandler                  0x08000905   Thumb Code    50  stm32f4xx_it.o(i.DMA1_Stream5_IRQHandler)
    DMA2_Stream1_IRQHandler                  0x08000949   Thumb Code     6  stm32f4xx_it.o(i.DMA2_Stream1_IRQHandler)
    DMA2_Stream2_IRQHandler                  0x08000955   Thumb Code     6  stm32f4xx_it.o(i.DMA2_Stream2_IRQHandler)
    DMA2_Stream7_IRQHandler                  0x08000961   Thumb Code     6  stm32f4xx_it.o(i.DMA2_Stream7_IRQHandler)
    DebugMon_Handler                         0x08000a11   Thumb Code     2  stm32f4xx_it.o(i.DebugMon_Handler)
    Delayms                                  0x08000a13   Thumb Code     4  jy61.o(i.Delayms)
    Error_Handler                            0x08000a17   Thumb Code     4  main.o(i.Error_Handler)
    HAL_DMA_Abort_IT                         0x08000a1b   Thumb Code    36  stm32f4xx_hal_dma.o(i.HAL_DMA_Abort_IT)
    HAL_DMA_IRQHandler                       0x08000a41   Thumb Code   412  stm32f4xx_hal_dma.o(i.HAL_DMA_IRQHandler)
    HAL_DMA_Init                             0x08000be1   Thumb Code   206  stm32f4xx_hal_dma.o(i.HAL_DMA_Init)
    HAL_DMA_Start_IT                         0x08000cb5   Thumb Code   110  stm32f4xx_hal_dma.o(i.HAL_DMA_Start_IT)
    HAL_GPIO_Init                            0x08000d25   Thumb Code   394  stm32f4xx_hal_gpio.o(i.HAL_GPIO_Init)
    HAL_GPIO_WritePin                        0x08000edd   Thumb Code    10  stm32f4xx_hal_gpio.o(i.HAL_GPIO_WritePin)
    HAL_GetTick                              0x08000ee9   Thumb Code     6  stm32f4xx_hal.o(i.HAL_GetTick)
    HAL_IncTick                              0x08000ef5   Thumb Code    12  stm32f4xx_hal.o(i.HAL_IncTick)
    HAL_Init                                 0x08000f05   Thumb Code    48  stm32f4xx_hal.o(i.HAL_Init)
    HAL_InitTick                             0x08000f39   Thumb Code   100  stm32f4xx_hal_timebase_tim.o(i.HAL_InitTick)
    HAL_MspInit                              0x08000fad   Thumb Code    52  stm32f4xx_hal_msp.o(i.HAL_MspInit)
    HAL_NVIC_EnableIRQ                       0x08000fe5   Thumb Code    26  stm32f4xx_hal_cortex.o(i.HAL_NVIC_EnableIRQ)
    HAL_NVIC_SetPriority                     0x08001001   Thumb Code    60  stm32f4xx_hal_cortex.o(i.HAL_NVIC_SetPriority)
    HAL_NVIC_SetPriorityGrouping             0x08001041   Thumb Code    26  stm32f4xx_hal_cortex.o(i.HAL_NVIC_SetPriorityGrouping)
    HAL_RCC_ClockConfig                      0x08001065   Thumb Code   288  stm32f4xx_hal_rcc.o(i.HAL_RCC_ClockConfig)
    HAL_RCC_GetClockConfig                   0x08001199   Thumb Code    54  stm32f4xx_hal_rcc.o(i.HAL_RCC_GetClockConfig)
    HAL_RCC_GetPCLK1Freq                     0x080011d9   Thumb Code    20  stm32f4xx_hal_rcc.o(i.HAL_RCC_GetPCLK1Freq)
    HAL_RCC_GetPCLK2Freq                     0x080011f9   Thumb Code    20  stm32f4xx_hal_rcc.o(i.HAL_RCC_GetPCLK2Freq)
    HAL_RCC_GetSysClockFreq                  0x08001219   Thumb Code    88  stm32f4xx_hal_rcc.o(i.HAL_RCC_GetSysClockFreq)
    HAL_RCC_OscConfig                        0x08001279   Thumb Code   840  stm32f4xx_hal_rcc.o(i.HAL_RCC_OscConfig)
    HAL_TIMEx_BreakCallback                  0x080015d5   Thumb Code     2  stm32f4xx_hal_tim_ex.o(i.HAL_TIMEx_BreakCallback)
    HAL_TIMEx_CommutCallback                 0x080015d7   Thumb Code     2  stm32f4xx_hal_tim_ex.o(i.HAL_TIMEx_CommutCallback)
    HAL_TIMEx_ConfigBreakDeadTime            0x080015d9   Thumb Code    84  stm32f4xx_hal_tim_ex.o(i.HAL_TIMEx_ConfigBreakDeadTime)
    HAL_TIMEx_MasterConfigSynchronization    0x0800162d   Thumb Code   116  stm32f4xx_hal_tim_ex.o(i.HAL_TIMEx_MasterConfigSynchronization)
    HAL_TIM_Base_Init                        0x080016bd   Thumb Code    54  stm32f4xx_hal_tim.o(i.HAL_TIM_Base_Init)
    HAL_TIM_Base_MspInit                     0x080016f5   Thumb Code   142  tim.o(i.HAL_TIM_Base_MspInit)
    HAL_TIM_Base_Start_IT                    0x0800179d   Thumb Code    34  stm32f4xx_hal_tim.o(i.HAL_TIM_Base_Start_IT)
    HAL_TIM_Encoder_Init                     0x080017bf   Thumb Code   152  stm32f4xx_hal_tim.o(i.HAL_TIM_Encoder_Init)
    HAL_TIM_Encoder_MspInit                  0x08001859   Thumb Code   364  tim.o(i.HAL_TIM_Encoder_MspInit)
    HAL_TIM_Encoder_Start                    0x080019dd   Thumb Code    52  stm32f4xx_hal_tim.o(i.HAL_TIM_Encoder_Start)
    HAL_TIM_IC_CaptureCallback               0x08001a11   Thumb Code     2  stm32f4xx_hal_tim.o(i.HAL_TIM_IC_CaptureCallback)
    HAL_TIM_IRQHandler                       0x08001a13   Thumb Code   358  stm32f4xx_hal_tim.o(i.HAL_TIM_IRQHandler)
    HAL_TIM_MspPostInit                      0x08001b79   Thumb Code   250  tim.o(i.HAL_TIM_MspPostInit)
    HAL_TIM_OC_DelayElapsedCallback          0x08001ca1   Thumb Code     2  stm32f4xx_hal_tim.o(i.HAL_TIM_OC_DelayElapsedCallback)
    HAL_TIM_PWM_ConfigChannel                0x08001ca3   Thumb Code   208  stm32f4xx_hal_tim.o(i.HAL_TIM_PWM_ConfigChannel)
    HAL_TIM_PWM_Init                         0x08001d73   Thumb Code    54  stm32f4xx_hal_tim.o(i.HAL_TIM_PWM_Init)
    HAL_TIM_PWM_MspInit                      0x08001da9   Thumb Code    78  tim.o(i.HAL_TIM_PWM_MspInit)
    HAL_TIM_PWM_PulseFinishedCallback        0x08001e09   Thumb Code     2  stm32f4xx_hal_tim.o(i.HAL_TIM_PWM_PulseFinishedCallback)
    HAL_TIM_PWM_Start                        0x08001e0d   Thumb Code    58  stm32f4xx_hal_tim.o(i.HAL_TIM_PWM_Start)
    HAL_TIM_PeriodElapsedCallback            0x08001e51   Thumb Code    14  main.o(i.HAL_TIM_PeriodElapsedCallback)
    HAL_TIM_TriggerCallback                  0x08001e65   Thumb Code     2  stm32f4xx_hal_tim.o(i.HAL_TIM_TriggerCallback)
    HAL_UART_ErrorCallback                   0x08001e67   Thumb Code     2  stm32f4xx_hal_uart.o(i.HAL_UART_ErrorCallback)
    HAL_UART_IRQHandler                      0x08001e69   Thumb Code   270  stm32f4xx_hal_uart.o(i.HAL_UART_IRQHandler)
    HAL_UART_Init                            0x08001f7d   Thumb Code    98  stm32f4xx_hal_uart.o(i.HAL_UART_Init)
    HAL_UART_MspInit                         0x08001fe1   Thumb Code   756  usart.o(i.HAL_UART_MspInit)
    HAL_UART_Receive_DMA                     0x08002311   Thumb Code   138  stm32f4xx_hal_uart.o(i.HAL_UART_Receive_DMA)
    HAL_UART_RxCpltCallback                  0x080023a9   Thumb Code     2  callback_use.o(i.HAL_UART_RxCpltCallback)
    HAL_UART_RxHalfCpltCallback              0x080023ab   Thumb Code     2  stm32f4xx_hal_uart.o(i.HAL_UART_RxHalfCpltCallback)
    HAL_UART_Transmit                        0x080023ad   Thumb Code   186  stm32f4xx_hal_uart.o(i.HAL_UART_Transmit)
    HAL_UART_Transmit_DMA                    0x08002469   Thumb Code   114  stm32f4xx_hal_uart.o(i.HAL_UART_Transmit_DMA)
    HAL_UART_TxCpltCallback                  0x080024e9   Thumb Code     2  stm32f4xx_hal_uart.o(i.HAL_UART_TxCpltCallback)
    HAL_UART_TxHalfCpltCallback              0x080024eb   Thumb Code     2  stm32f4xx_hal_uart.o(i.HAL_UART_TxHalfCpltCallback)
    HardFault_Handler                        0x080024ed   Thumb Code     2  stm32f4xx_it.o(i.HardFault_Handler)
    IMU_Task                                 0x080024f1   Thumb Code   114  freertos.o(i.IMU_Task)
    MX_DMA_Init                              0x08002581   Thumb Code   104  dma.o(i.MX_DMA_Init)
    MX_FREERTOS_Init                         0x080025ed   Thumb Code   294  freertos.o(i.MX_FREERTOS_Init)
    MX_GPIO_Init                             0x0800274d   Thumb Code   238  gpio.o(i.MX_GPIO_Init)
    MX_TIM10_Init                            0x08002851   Thumb Code    94  tim.o(i.MX_TIM10_Init)
    MX_TIM11_Init                            0x080028b9   Thumb Code    94  tim.o(i.MX_TIM11_Init)
    MX_TIM12_Init                            0x08002921   Thumb Code    98  tim.o(i.MX_TIM12_Init)
    MX_TIM13_Init                            0x0800298d   Thumb Code    96  tim.o(i.MX_TIM13_Init)
    MX_TIM14_Init                            0x080029f5   Thumb Code    96  tim.o(i.MX_TIM14_Init)
    MX_TIM1_Init                             0x08002a5d   Thumb Code   200  tim.o(i.MX_TIM1_Init)
    MX_TIM2_Init                             0x08002b2d   Thumb Code   100  tim.o(i.MX_TIM2_Init)
    MX_TIM3_Init                             0x08002b95   Thumb Code    98  tim.o(i.MX_TIM3_Init)
    MX_TIM4_Init                             0x08002c01   Thumb Code    98  tim.o(i.MX_TIM4_Init)
    MX_TIM5_Init                             0x08002c6d   Thumb Code    98  tim.o(i.MX_TIM5_Init)
    MX_TIM6_Init                             0x08002cd9   Thumb Code    60  tim.o(i.MX_TIM6_Init)
    MX_TIM9_Init                             0x08002d1d   Thumb Code    98  tim.o(i.MX_TIM9_Init)
    MX_UART4_Init                            0x08002d89   Thumb Code    48  usart.o(i.MX_UART4_Init)
    MX_UART5_Init                            0x08002dc1   Thumb Code    48  usart.o(i.MX_UART5_Init)
    MX_USART1_UART_Init                      0x08002df9   Thumb Code    48  usart.o(i.MX_USART1_UART_Init)
    MX_USART2_UART_Init                      0x08002e31   Thumb Code    48  usart.o(i.MX_USART2_UART_Init)
    MX_USART3_UART_Init                      0x08002e69   Thumb Code    48  usart.o(i.MX_USART3_UART_Init)
    MX_USART6_UART_Init                      0x08002ea1   Thumb Code    48  usart.o(i.MX_USART6_UART_Init)
    MemManage_Handler                        0x08002ed9   Thumb Code     2  stm32f4xx_it.o(i.MemManage_Handler)
    Motor_ctrl                               0x08002edd   Thumb Code    52  motor_ctrl.o(i.Motor_ctrl)
    NMI_Handler                              0x08002f15   Thumb Code     2  stm32f4xx_it.o(i.NMI_Handler)
    SensorDataUpdata                         0x08002f19   Thumb Code    72  jy61.o(i.SensorDataUpdata)
    SensorUartSend                           0x08002f65   Thumb Code    12  jy61.o(i.SensorUartSend)
    StartDefaultTask                         0x08002f75   Thumb Code    18  freertos.o(i.StartDefaultTask)
    SysTick_Handler                          0x08002f8d   Thumb Code    38  port.o(i.SysTick_Handler)
    SystemClock_Config                       0x08002fb9   Thumb Code   140  main.o(i.SystemClock_Config)
    SystemInit                               0x0800304d   Thumb Code    22  system_stm32f4xx.o(i.SystemInit)
    TIM2_IRQHandler                          0x08003069   Thumb Code     6  stm32f4xx_it.o(i.TIM2_IRQHandler)
    TIM3_IRQHandler                          0x08003075   Thumb Code     6  stm32f4xx_it.o(i.TIM3_IRQHandler)
    TIM4_IRQHandler                          0x08003081   Thumb Code     6  stm32f4xx_it.o(i.TIM4_IRQHandler)
    TIM5_IRQHandler                          0x0800308d   Thumb Code     6  stm32f4xx_it.o(i.TIM5_IRQHandler)
    TIM6_DAC_IRQHandler                      0x08003099   Thumb Code     6  stm32f4xx_it.o(i.TIM6_DAC_IRQHandler)
    TIM7_IRQHandler                          0x080030a5   Thumb Code     6  stm32f4xx_it.o(i.TIM7_IRQHandler)
    TIM_Base_SetConfig                       0x080030b1   Thumb Code   156  stm32f4xx_hal_tim.o(i.TIM_Base_SetConfig)
    TIM_CCxChannelCmd                        0x08003179   Thumb Code    26  stm32f4xx_hal_tim.o(i.TIM_CCxChannelCmd)
    TIM_OC2_SetConfig                        0x080031f5   Thumb Code    98  stm32f4xx_hal_tim.o(i.TIM_OC2_SetConfig)
    UART4_IRQHandler                         0x08003319   Thumb Code     6  stm32f4xx_it.o(i.UART4_IRQHandler)
    UART5_IRQHandler                         0x08003325   Thumb Code     6  stm32f4xx_it.o(i.UART5_IRQHandler)
    USART1_IRQHandler                        0x080036bd   Thumb Code     6  stm32f4xx_it.o(i.USART1_IRQHandler)
    USART2_IRQHandler                        0x080036c9   Thumb Code     6  stm32f4xx_it.o(i.USART2_IRQHandler)
    USART3_IRQHandler                        0x080036d5   Thumb Code     6  stm32f4xx_it.o(i.USART3_IRQHandler)
    USART6_IRQHandler                        0x080036e1   Thumb Code     6  stm32f4xx_it.o(i.USART6_IRQHandler)
    UsageFault_Handler                       0x080036ed   Thumb Code     2  stm32f4xx_it.o(i.UsageFault_Handler)
    WitDelayMsRegister                       0x080036f1   Thumb Code    16  jy61.o(i.WitDelayMsRegister)
    WitInit                                  0x08003705   Thumb Code    22  jy61.o(i.WitInit)
    WitRegisterCallBack                      0x08003721   Thumb Code    16  jy61.o(i.WitRegisterCallBack)
    WitSerialDataIn                          0x08003735   Thumb Code   244  jy61.o(i.WitSerialDataIn)
    WitSerialWriteRegister                   0x08003835   Thumb Code    16  jy61.o(i.WitSerialWriteRegister)
    __0printf                                0x08003849   Thumb Code    22  printfa.o(i.__0printf)
    __1printf                                0x08003849   Thumb Code     0  printfa.o(i.__0printf)
    __2printf                                0x08003849   Thumb Code     0  printfa.o(i.__0printf)
    __c89printf                              0x08003849   Thumb Code     0  printfa.o(i.__0printf)
    printf                                   0x08003849   Thumb Code     0  printfa.o(i.__0printf)
    __0sprintf                               0x08003869   Thumb Code    34  printfa.o(i.__0sprintf)
    __1sprintf                               0x08003869   Thumb Code     0  printfa.o(i.__0sprintf)
    __2sprintf                               0x08003869   Thumb Code     0  printfa.o(i.__0sprintf)
    __c89sprintf                             0x08003869   Thumb Code     0  printfa.o(i.__0sprintf)
    sprintf                                  0x08003869   Thumb Code     0  printfa.o(i.__0sprintf)
    __scatterload_copy                       0x080038dd   Thumb Code    14  handlers.o(i.__scatterload_copy)
    __scatterload_null                       0x080038eb   Thumb Code     2  handlers.o(i.__scatterload_null)
    __scatterload_zeroinit                   0x080038ed   Thumb Code    14  handlers.o(i.__scatterload_zeroinit)
    delay                                    0x080041b9   Thumb Code    28  soft_user.o(i.delay)
    deubg_Task                               0x080041d5   Thumb Code   124  freertos.o(i.deubg_Task)
    doing_Task                               0x08004291   Thumb Code     8  freertos.o(i.doing_Task)
    fputc                                    0x08004299   Thumb Code    18  soft_user.o(i.fputc)
    key_Task                                 0x080042b1   Thumb Code    62  freertos.o(i.key_Task)
    led_Task                                 0x08004305   Thumb Code    12  freertos.o(i.led_Task)
    main                                     0x08004311   Thumb Code   286  main.o(i.main)
    motor_Task                               0x0800448d   Thumb Code     8  freertos.o(i.motor_Task)
    motor_tim_config                         0x08004495   Thumb Code   136  motor_ctrl.o(i.motor_tim_config)
    oled_Task                                0x0800453d   Thumb Code     8  freertos.o(i.oled_Task)
    osDelay                                  0x08004545   Thumb Code    14  cmsis_os.o(i.osDelay)
    osKernelStart                            0x08004553   Thumb Code    10  cmsis_os.o(i.osKernelStart)
    osThreadCreate                           0x0800455d   Thumb Code    84  cmsis_os.o(i.osThreadCreate)
    pid_Task                                 0x080045b1   Thumb Code    12  freertos.o(i.pid_Task)
    pid_doing                                0x080045bd   Thumb Code   230  pid.o(i.pid_doing)
    pvPortMalloc                             0x08004a95   Thumb Code   210  heap_4.o(i.pvPortMalloc)
    pvTaskIncrementMutexHeldCount            0x08004b6d   Thumb Code    18  tasks.o(i.pvTaskIncrementMutexHeldCount)
    pxPortInitialiseStack                    0x08004b85   Thumb Code    40  port.o(i.pxPortInitialiseStack)
    servo_Task                               0x08004bb1   Thumb Code     8  freertos.o(i.servo_Task)
    servo_config                             0x08004bb9   Thumb Code    54  servo.o(i.servo_config)
    speed_Task                               0x08004c01   Thumb Code    14  freertos.o(i.speed_Task)
    speed_ctrl                               0x08004c15   Thumb Code    78  motor_ctrl.o(i.speed_ctrl)
    speed_get                                0x08004c69   Thumb Code    58  motor_ctrl.o(i.speed_get)
    usart_Task                               0x08004cb5   Thumb Code     8  freertos.o(i.usart_Task)
    uxListRemove                             0x08004cbd   Thumb Code    38  list.o(i.uxListRemove)
    vApplicationGetIdleTaskMemory            0x08004ce5   Thumb Code    16  freertos.o(i.vApplicationGetIdleTaskMemory)
    vListInitialise                          0x08004cf9   Thumb Code    22  list.o(i.vListInitialise)
    vListInitialiseItem                      0x08004d0f   Thumb Code     6  list.o(i.vListInitialiseItem)
    vListInsert                              0x08004d15   Thumb Code    48  list.o(i.vListInsert)
    vListInsertEnd                           0x08004d45   Thumb Code    24  list.o(i.vListInsertEnd)
    vPortEnterCritical                       0x08004d5d   Thumb Code    54  port.o(i.vPortEnterCritical)
    vPortExitCritical                        0x08004d9d   Thumb Code    34  port.o(i.vPortExitCritical)
    vPortFree                                0x08004dc5   Thumb Code    88  heap_4.o(i.vPortFree)
    vPortSetupTimerInterrupt                 0x08004e21   Thumb Code    32  port.o(i.vPortSetupTimerInterrupt)
    vPortValidateInterruptPriority           0x08004e45   Thumb Code    74  port.o(i.vPortValidateInterruptPriority)
    vTaskDelay                               0x08004e99   Thumb Code    66  tasks.o(i.vTaskDelay)
    vTaskInternalSetTimeOutState             0x08004ee5   Thumb Code    12  tasks.o(i.vTaskInternalSetTimeOutState)
    vTaskMissedYield                         0x08004ef5   Thumb Code     8  tasks.o(i.vTaskMissedYield)
    vTaskPlaceOnEventList                    0x08004f01   Thumb Code    44  tasks.o(i.vTaskPlaceOnEventList)
    vTaskPriorityDisinheritAfterTimeout      0x08004f31   Thumb Code   160  tasks.o(i.vTaskPriorityDisinheritAfterTimeout)
    vTaskStartScheduler                      0x08004fd9   Thumb Code    90  tasks.o(i.vTaskStartScheduler)
    vTaskSuspendAll                          0x08005045   Thumb Code    10  tasks.o(i.vTaskSuspendAll)
    vTaskSwitchContext                       0x08005055   Thumb Code    82  tasks.o(i.vTaskSwitchContext)
    xPortStartScheduler                      0x080050b1   Thumb Code   222  port.o(i.xPortStartScheduler)
    xQueueGenericCreate                      0x080051a5   Thumb Code    72  queue.o(i.xQueueGenericCreate)
    xQueueGenericReset                       0x080051ed   Thumb Code   132  queue.o(i.xQueueGenericReset)
    xQueueGiveFromISR                        0x08005275   Thumb Code   156  queue.o(i.xQueueGiveFromISR)
    xQueueSemaphoreTake                      0x08005311   Thumb Code   372  queue.o(i.xQueueSemaphoreTake)
    xTaskCheckForTimeOut                     0x08005489   Thumb Code   112  tasks.o(i.xTaskCheckForTimeOut)
    xTaskCreate                              0x080054fd   Thumb Code    90  tasks.o(i.xTaskCreate)
    xTaskCreateStatic                        0x08005557   Thumb Code    86  tasks.o(i.xTaskCreateStatic)
    xTaskGetSchedulerState                   0x080055ad   Thumb Code    22  tasks.o(i.xTaskGetSchedulerState)
    xTaskIncrementTick                       0x080055c9   Thumb Code   192  tasks.o(i.xTaskIncrementTick)
    xTaskPriorityInherit                     0x08005691   Thumb Code   138  tasks.o(i.xTaskPriorityInherit)
    xTaskRemoveFromEventList                 0x08005725   Thumb Code   108  tasks.o(i.xTaskRemoveFromEventList)
    xTaskResumeAll                           0x08005799   Thumb Code   182  tasks.o(i.xTaskResumeAll)
    AHBPrescTable                            0x08005bb4   Data          16  system_stm32f4xx.o(.constdata)
    APBPrescTable                            0x08005bc4   Data           8  system_stm32f4xx.o(.constdata)
    Region$$Table$$Base                      0x08005c74   Number         0  anon$$obj.o(Region$$Table)
    Region$$Table$$Limit                     0x08005c94   Number         0  anon$$obj.o(Region$$Table)
    s_cDataUpdate                            0x20000001   Data           1  jy61.o(.data)
    s_cCmd                                   0x20000002   Data           1  jy61.o(.data)
    OS_status                                0x20000048   Data           1  freertos.o(.data)
    IMUdate_RX_Sem_Handle                    0x2000004c   Data           4  freertos.o(.data)
    defaultTaskHandle                        0x20000050   Data           4  freertos.o(.data)
    myTask_keyHandle                         0x20000054   Data           4  freertos.o(.data)
    myTask_ledHandle                         0x20000058   Data           4  freertos.o(.data)
    myTask_IMUHandle                         0x2000005c   Data           4  freertos.o(.data)
    myTask_debugHandle                       0x20000060   Data           4  freertos.o(.data)
    myTask_motorHandle                       0x20000064   Data           4  freertos.o(.data)
    myTask_usartHandle                       0x20000068   Data           4  freertos.o(.data)
    myTask_oledHandle                        0x2000006c   Data           4  freertos.o(.data)
    myTask_servoHandle                       0x20000070   Data           4  freertos.o(.data)
    myTask_speedHandle                       0x20000074   Data           4  freertos.o(.data)
    myTask_pidHandle                         0x20000078   Data           4  freertos.o(.data)
    myTask_doingHandle                       0x2000007c   Data           4  freertos.o(.data)
    task_test_text                           0x20000080   Data          15  freertos.o(.data)
    uwTickFreq                               0x20000090   Data           1  stm32f4xx_hal.o(.data)
    uwTickPrio                               0x20000094   Data           4  stm32f4xx_hal.o(.data)
    uwTick                                   0x20000098   Data           4  stm32f4xx_hal.o(.data)
    SystemCoreClock                          0x2000009c   Data           4  system_stm32f4xx.o(.data)
    pxCurrentTCB                             0x200000a0   Data           4  tasks.o(.data)
    __stdout                                 0x20000100   Data           4  stdout.o(.data)
    sReg                                     0x20000236   Data         288  jy61.o(.bss)
    debug_date                               0x20000358   Data         600  freertos.o(.bss)
    IMU_date                                 0x200005b0   Data          80  freertos.o(.bss)
    car_status                               0x20000600   Data         100  freertos.o(.bss)
    usart1_RX_date                           0x200008b8   Data          25  freertos.o(.bss)
    htim1                                    0x200008d4   Data          64  tim.o(.bss)
    htim2                                    0x20000914   Data          64  tim.o(.bss)
    htim3                                    0x20000954   Data          64  tim.o(.bss)
    htim4                                    0x20000994   Data          64  tim.o(.bss)
    htim5                                    0x200009d4   Data          64  tim.o(.bss)
    htim6                                    0x20000a14   Data          64  tim.o(.bss)
    htim9                                    0x20000a54   Data          64  tim.o(.bss)
    htim10                                   0x20000a94   Data          64  tim.o(.bss)
    htim11                                   0x20000ad4   Data          64  tim.o(.bss)
    htim12                                   0x20000b14   Data          64  tim.o(.bss)
    htim13                                   0x20000b54   Data          64  tim.o(.bss)
    htim14                                   0x20000b94   Data          64  tim.o(.bss)
    huart4                                   0x20000bd4   Data          64  usart.o(.bss)
    huart5                                   0x20000c14   Data          64  usart.o(.bss)
    huart1                                   0x20000c54   Data          64  usart.o(.bss)
    huart2                                   0x20000c94   Data          64  usart.o(.bss)
    huart3                                   0x20000cd4   Data          64  usart.o(.bss)
    huart6                                   0x20000d14   Data          64  usart.o(.bss)
    hdma_usart1_rx                           0x20000d54   Data          96  usart.o(.bss)
    hdma_usart1_tx                           0x20000db4   Data          96  usart.o(.bss)
    hdma_usart2_rx                           0x20000e14   Data          96  usart.o(.bss)
    hdma_usart6_rx                           0x20000e74   Data          96  usart.o(.bss)
    htim7                                    0x20000ed4   Data          64  stm32f4xx_hal_timebase_tim.o(.bss)
    __initial_sp                             0x20005008   Data           0  startup_stm32f407xx.o(STACK)



==============================================================================

Memory Map of the image

  Image Entry point : 0x08000189

  Load Region LR_IROM1 (Base: 0x08000000, Size: 0x00005d98, Max: 0x00080000, ABSOLUTE)

    Execution Region ER_IROM1 (Exec base: 0x08000000, Load base: 0x08000000, Size: 0x00005c94, Max: 0x00080000, ABSOLUTE)

    Exec Addr    Load Addr    Size         Type   Attr      Idx    E Section Name        Object

    0x08000000   0x08000000   0x00000188   Data   RO            3    RESET               startup_stm32f407xx.o
    0x08000188   0x08000188   0x00000000   Code   RO         4934  * .ARM.Collect$$$$00000000  mc_w.l(entry.o)
    0x08000188   0x08000188   0x00000004   Code   RO         5214    .ARM.Collect$$$$00000001  mc_w.l(entry2.o)
    0x0800018c   0x0800018c   0x00000004   Code   RO         5217    .ARM.Collect$$$$00000004  mc_w.l(entry5.o)
    0x08000190   0x08000190   0x00000000   Code   RO         5219    .ARM.Collect$$$$00000008  mc_w.l(entry7b.o)
    0x08000190   0x08000190   0x00000000   Code   RO         5221    .ARM.Collect$$$$0000000A  mc_w.l(entry8b.o)
    0x08000190   0x08000190   0x00000008   Code   RO         5222    .ARM.Collect$$$$0000000B  mc_w.l(entry9a.o)
    0x08000198   0x08000198   0x00000000   Code   RO         5224    .ARM.Collect$$$$0000000D  mc_w.l(entry10a.o)
    0x08000198   0x08000198   0x00000000   Code   RO         5226    .ARM.Collect$$$$0000000F  mc_w.l(entry11a.o)
    0x08000198   0x08000198   0x00000004   Code   RO         5215    .ARM.Collect$$$$00002712  mc_w.l(entry2.o)
    0x0800019c   0x0800019c   0x000000be   Code   RO         4857    .emb_text           port.o
    0x0800025a   0x0800025a   0x00000002   PAD
    0x0800025c   0x0800025c   0x00000024   Code   RO            4    .text               startup_stm32f407xx.o
    0x08000280   0x08000280   0x00000062   Code   RO         4937    .text               mc_w.l(uldiv.o)
    0x080002e2   0x080002e2   0x00000024   Code   RO         4939    .text               mc_w.l(memcpya.o)
    0x08000306   0x08000306   0x00000024   Code   RO         4943    .text               mc_w.l(memseta.o)
    0x0800032a   0x0800032a   0x0000000e   Code   RO         4945    .text               mc_w.l(strlen.o)
    0x08000338   0x08000338   0x00000012   Code   RO         4947    .text               mc_w.l(strcpy.o)
    0x0800034a   0x0800034a   0x00000026   Code   RO         5212    .text               mf_w.l(f2d.o)
    0x08000370   0x08000370   0x0000002c   Code   RO         5229    .text               mc_w.l(uidiv.o)
    0x0800039c   0x0800039c   0x0000001e   Code   RO         5231    .text               mc_w.l(llshl.o)
    0x080003ba   0x080003ba   0x00000020   Code   RO         5233    .text               mc_w.l(llushr.o)
    0x080003da   0x080003da   0x00000000   Code   RO         5235    .text               mc_w.l(iusefp.o)
    0x080003da   0x080003da   0x0000014e   Code   RO         5236    .text               mf_w.l(dadd.o)
    0x08000528   0x08000528   0x000000e4   Code   RO         5238    .text               mf_w.l(dmul.o)
    0x0800060c   0x0800060c   0x000000de   Code   RO         5240    .text               mf_w.l(ddiv.o)
    0x080006ea   0x080006ea   0x00000030   Code   RO         5242    .text               mf_w.l(dfixul.o)
    0x0800071a   0x0800071a   0x00000002   PAD
    0x0800071c   0x0800071c   0x00000030   Code   RO         5244    .text               mf_w.l(cdrcmple.o)
    0x0800074c   0x0800074c   0x00000024   Code   RO         5246    .text               mc_w.l(init.o)
    0x08000770   0x08000770   0x00000024   Code   RO         5248    .text               mc_w.l(llsshr.o)
    0x08000794   0x08000794   0x000000ba   Code   RO         5250    .text               mf_w.l(depilogue.o)
    0x0800084e   0x0800084e   0x00000002   Code   RO         1017    i.BusFault_Handler  stm32f4xx_it.o
    0x08000850   0x08000850   0x000000b4   Code   RO          168    i.CopeWitData       jy61.o
    0x08000904   0x08000904   0x00000044   Code   RO         1018    i.DMA1_Stream5_IRQHandler  stm32f4xx_it.o
    0x08000948   0x08000948   0x0000000c   Code   RO         1019    i.DMA2_Stream1_IRQHandler  stm32f4xx_it.o
    0x08000954   0x08000954   0x0000000c   Code   RO         1020    i.DMA2_Stream2_IRQHandler  stm32f4xx_it.o
    0x08000960   0x08000960   0x0000000c   Code   RO         1021    i.DMA2_Stream7_IRQHandler  stm32f4xx_it.o
    0x0800096c   0x0800096c   0x00000028   Code   RO         1693    i.DMA_CalcBaseAndBitshift  stm32f4xx_hal_dma.o
    0x08000994   0x08000994   0x00000054   Code   RO         1694    i.DMA_CheckFifoParam  stm32f4xx_hal_dma.o
    0x080009e8   0x080009e8   0x00000028   Code   RO         1695    i.DMA_SetConfig     stm32f4xx_hal_dma.o
    0x08000a10   0x08000a10   0x00000002   Code   RO         1022    i.DebugMon_Handler  stm32f4xx_it.o
    0x08000a12   0x08000a12   0x00000004   Code   RO          169    i.Delayms           jy61.o
    0x08000a16   0x08000a16   0x00000004   Code   RO          572    i.Error_Handler     main.o
    0x08000a1a   0x08000a1a   0x00000024   Code   RO         1697    i.HAL_DMA_Abort_IT  stm32f4xx_hal_dma.o
    0x08000a3e   0x08000a3e   0x00000002   PAD
    0x08000a40   0x08000a40   0x000001a0   Code   RO         1701    i.HAL_DMA_IRQHandler  stm32f4xx_hal_dma.o
    0x08000be0   0x08000be0   0x000000d4   Code   RO         1702    i.HAL_DMA_Init      stm32f4xx_hal_dma.o
    0x08000cb4   0x08000cb4   0x0000006e   Code   RO         1706    i.HAL_DMA_Start_IT  stm32f4xx_hal_dma.o
    0x08000d22   0x08000d22   0x00000002   PAD
    0x08000d24   0x08000d24   0x000001b8   Code   RO         1589    i.HAL_GPIO_Init     stm32f4xx_hal_gpio.o
    0x08000edc   0x08000edc   0x0000000a   Code   RO         1593    i.HAL_GPIO_WritePin  stm32f4xx_hal_gpio.o
    0x08000ee6   0x08000ee6   0x00000002   PAD
    0x08000ee8   0x08000ee8   0x0000000c   Code   RO         2121    i.HAL_GetTick       stm32f4xx_hal.o
    0x08000ef4   0x08000ef4   0x00000010   Code   RO         2127    i.HAL_IncTick       stm32f4xx_hal.o
    0x08000f04   0x08000f04   0x00000034   Code   RO         2128    i.HAL_Init          stm32f4xx_hal.o
    0x08000f38   0x08000f38   0x00000074   Code   RO         1195    i.HAL_InitTick      stm32f4xx_hal_timebase_tim.o
    0x08000fac   0x08000fac   0x00000038   Code   RO         1171    i.HAL_MspInit       stm32f4xx_hal_msp.o
    0x08000fe4   0x08000fe4   0x0000001a   Code   RO         1978    i.HAL_NVIC_EnableIRQ  stm32f4xx_hal_cortex.o
    0x08000ffe   0x08000ffe   0x00000002   PAD
    0x08001000   0x08001000   0x00000040   Code   RO         1984    i.HAL_NVIC_SetPriority  stm32f4xx_hal_cortex.o
    0x08001040   0x08001040   0x00000024   Code   RO         1985    i.HAL_NVIC_SetPriorityGrouping  stm32f4xx_hal_cortex.o
    0x08001064   0x08001064   0x00000134   Code   RO         1235    i.HAL_RCC_ClockConfig  stm32f4xx_hal_rcc.o
    0x08001198   0x08001198   0x00000040   Code   RO         1239    i.HAL_RCC_GetClockConfig  stm32f4xx_hal_rcc.o
    0x080011d8   0x080011d8   0x00000020   Code   RO         1242    i.HAL_RCC_GetPCLK1Freq  stm32f4xx_hal_rcc.o
    0x080011f8   0x080011f8   0x00000020   Code   RO         1243    i.HAL_RCC_GetPCLK2Freq  stm32f4xx_hal_rcc.o
    0x08001218   0x08001218   0x00000060   Code   RO         1244    i.HAL_RCC_GetSysClockFreq  stm32f4xx_hal_rcc.o
    0x08001278   0x08001278   0x0000035c   Code   RO         1247    i.HAL_RCC_OscConfig  stm32f4xx_hal_rcc.o
    0x080015d4   0x080015d4   0x00000002   Code   RO         3043    i.HAL_TIMEx_BreakCallback  stm32f4xx_hal_tim_ex.o
    0x080015d6   0x080015d6   0x00000002   Code   RO         3044    i.HAL_TIMEx_CommutCallback  stm32f4xx_hal_tim_ex.o
    0x080015d8   0x080015d8   0x00000054   Code   RO         3046    i.HAL_TIMEx_ConfigBreakDeadTime  stm32f4xx_hal_tim_ex.o
    0x0800162c   0x0800162c   0x00000090   Code   RO         3061    i.HAL_TIMEx_MasterConfigSynchronization  stm32f4xx_hal_tim_ex.o
    0x080016bc   0x080016bc   0x00000036   Code   RO         2368    i.HAL_TIM_Base_Init  stm32f4xx_hal_tim.o
    0x080016f2   0x080016f2   0x00000002   PAD
    0x080016f4   0x080016f4   0x000000a8   Code   RO          808    i.HAL_TIM_Base_MspInit  tim.o
    0x0800179c   0x0800179c   0x00000022   Code   RO         2373    i.HAL_TIM_Base_Start_IT  stm32f4xx_hal_tim.o
    0x080017be   0x080017be   0x00000098   Code   RO         2386    i.HAL_TIM_Encoder_Init  stm32f4xx_hal_tim.o
    0x08001856   0x08001856   0x00000002   PAD
    0x08001858   0x08001858   0x00000184   Code   RO          810    i.HAL_TIM_Encoder_MspInit  tim.o
    0x080019dc   0x080019dc   0x00000034   Code   RO         2389    i.HAL_TIM_Encoder_Start  stm32f4xx_hal_tim.o
    0x08001a10   0x08001a10   0x00000002   Code   RO         2397    i.HAL_TIM_IC_CaptureCallback  stm32f4xx_hal_tim.o
    0x08001a12   0x08001a12   0x00000166   Code   RO         2411    i.HAL_TIM_IRQHandler  stm32f4xx_hal_tim.o
    0x08001b78   0x08001b78   0x00000128   Code   RO          811    i.HAL_TIM_MspPostInit  tim.o
    0x08001ca0   0x08001ca0   0x00000002   Code   RO         2414    i.HAL_TIM_OC_DelayElapsedCallback  stm32f4xx_hal_tim.o
    0x08001ca2   0x08001ca2   0x000000d0   Code   RO         2435    i.HAL_TIM_PWM_ConfigChannel  stm32f4xx_hal_tim.o
    0x08001d72   0x08001d72   0x00000036   Code   RO         2438    i.HAL_TIM_PWM_Init  stm32f4xx_hal_tim.o
    0x08001da8   0x08001da8   0x00000060   Code   RO          813    i.HAL_TIM_PWM_MspInit  tim.o
    0x08001e08   0x08001e08   0x00000002   Code   RO         2441    i.HAL_TIM_PWM_PulseFinishedCallback  stm32f4xx_hal_tim.o
    0x08001e0a   0x08001e0a   0x00000002   PAD
    0x08001e0c   0x08001e0c   0x00000044   Code   RO         2443    i.HAL_TIM_PWM_Start  stm32f4xx_hal_tim.o
    0x08001e50   0x08001e50   0x00000014   Code   RO          573    i.HAL_TIM_PeriodElapsedCallback  main.o
    0x08001e64   0x08001e64   0x00000002   Code   RO         2454    i.HAL_TIM_TriggerCallback  stm32f4xx_hal_tim.o
    0x08001e66   0x08001e66   0x00000002   Code   RO         3315    i.HAL_UART_ErrorCallback  stm32f4xx_hal_uart.o
    0x08001e68   0x08001e68   0x00000114   Code   RO         3318    i.HAL_UART_IRQHandler  stm32f4xx_hal_uart.o
    0x08001f7c   0x08001f7c   0x00000062   Code   RO         3319    i.HAL_UART_Init     stm32f4xx_hal_uart.o
    0x08001fde   0x08001fde   0x00000002   PAD
    0x08001fe0   0x08001fe0   0x00000330   Code   RO          946    i.HAL_UART_MspInit  usart.o
    0x08002310   0x08002310   0x00000098   Code   RO         3323    i.HAL_UART_Receive_DMA  stm32f4xx_hal_uart.o
    0x080023a8   0x080023a8   0x00000002   Code   RO          374    i.HAL_UART_RxCpltCallback  callback_use.o
    0x080023aa   0x080023aa   0x00000002   Code   RO         3326    i.HAL_UART_RxHalfCpltCallback  stm32f4xx_hal_uart.o
    0x080023ac   0x080023ac   0x000000ba   Code   RO         3327    i.HAL_UART_Transmit  stm32f4xx_hal_uart.o
    0x08002466   0x08002466   0x00000002   PAD
    0x08002468   0x08002468   0x00000080   Code   RO         3328    i.HAL_UART_Transmit_DMA  stm32f4xx_hal_uart.o
    0x080024e8   0x080024e8   0x00000002   Code   RO         3330    i.HAL_UART_TxCpltCallback  stm32f4xx_hal_uart.o
    0x080024ea   0x080024ea   0x00000002   Code   RO         3331    i.HAL_UART_TxHalfCpltCallback  stm32f4xx_hal_uart.o
    0x080024ec   0x080024ec   0x00000002   Code   RO         1023    i.HardFault_Handler  stm32f4xx_it.o
    0x080024ee   0x080024ee   0x00000002   PAD
    0x080024f0   0x080024f0   0x00000090   Code   RO          659    i.IMU_Task          freertos.o
    0x08002580   0x08002580   0x0000006c   Code   RO          783    i.MX_DMA_Init       dma.o
    0x080025ec   0x080025ec   0x00000160   Code   RO          660    i.MX_FREERTOS_Init  freertos.o
    0x0800274c   0x0800274c   0x00000104   Code   RO          635    i.MX_GPIO_Init      gpio.o
    0x08002850   0x08002850   0x00000068   Code   RO          814    i.MX_TIM10_Init     tim.o
    0x080028b8   0x080028b8   0x00000068   Code   RO          815    i.MX_TIM11_Init     tim.o
    0x08002920   0x08002920   0x0000006c   Code   RO          816    i.MX_TIM12_Init     tim.o
    0x0800298c   0x0800298c   0x00000068   Code   RO          817    i.MX_TIM13_Init     tim.o
    0x080029f4   0x080029f4   0x00000068   Code   RO          818    i.MX_TIM14_Init     tim.o
    0x08002a5c   0x08002a5c   0x000000d0   Code   RO          819    i.MX_TIM1_Init      tim.o
    0x08002b2c   0x08002b2c   0x00000068   Code   RO          820    i.MX_TIM2_Init      tim.o
    0x08002b94   0x08002b94   0x0000006c   Code   RO          821    i.MX_TIM3_Init      tim.o
    0x08002c00   0x08002c00   0x0000006c   Code   RO          822    i.MX_TIM4_Init      tim.o
    0x08002c6c   0x08002c6c   0x0000006c   Code   RO          823    i.MX_TIM5_Init      tim.o
    0x08002cd8   0x08002cd8   0x00000044   Code   RO          824    i.MX_TIM6_Init      tim.o
    0x08002d1c   0x08002d1c   0x0000006c   Code   RO          825    i.MX_TIM9_Init      tim.o
    0x08002d88   0x08002d88   0x00000038   Code   RO          947    i.MX_UART4_Init     usart.o
    0x08002dc0   0x08002dc0   0x00000038   Code   RO          948    i.MX_UART5_Init     usart.o
    0x08002df8   0x08002df8   0x00000038   Code   RO          949    i.MX_USART1_UART_Init  usart.o
    0x08002e30   0x08002e30   0x00000038   Code   RO          950    i.MX_USART2_UART_Init  usart.o
    0x08002e68   0x08002e68   0x00000038   Code   RO          951    i.MX_USART3_UART_Init  usart.o
    0x08002ea0   0x08002ea0   0x00000038   Code   RO          952    i.MX_USART6_UART_Init  usart.o
    0x08002ed8   0x08002ed8   0x00000002   Code   RO         1024    i.MemManage_Handler  stm32f4xx_it.o
    0x08002eda   0x08002eda   0x00000002   PAD
    0x08002edc   0x08002edc   0x00000038   Code   RO          406    i.Motor_ctrl        motor_ctrl.o
    0x08002f14   0x08002f14   0x00000002   Code   RO         1025    i.NMI_Handler       stm32f4xx_it.o
    0x08002f16   0x08002f16   0x00000002   PAD
    0x08002f18   0x08002f18   0x0000004c   Code   RO          170    i.SensorDataUpdata  jy61.o
    0x08002f64   0x08002f64   0x00000010   Code   RO          171    i.SensorUartSend    jy61.o
    0x08002f74   0x08002f74   0x00000018   Code   RO          661    i.StartDefaultTask  freertos.o
    0x08002f8c   0x08002f8c   0x0000002c   Code   RO         4858    i.SysTick_Handler   port.o
    0x08002fb8   0x08002fb8   0x00000094   Code   RO          574    i.SystemClock_Config  main.o
    0x0800304c   0x0800304c   0x0000001c   Code   RO         3621    i.SystemInit        system_stm32f4xx.o
    0x08003068   0x08003068   0x0000000c   Code   RO         1026    i.TIM2_IRQHandler   stm32f4xx_it.o
    0x08003074   0x08003074   0x0000000c   Code   RO         1027    i.TIM3_IRQHandler   stm32f4xx_it.o
    0x08003080   0x08003080   0x0000000c   Code   RO         1028    i.TIM4_IRQHandler   stm32f4xx_it.o
    0x0800308c   0x0800308c   0x0000000c   Code   RO         1029    i.TIM5_IRQHandler   stm32f4xx_it.o
    0x08003098   0x08003098   0x0000000c   Code   RO         1030    i.TIM6_DAC_IRQHandler  stm32f4xx_it.o
    0x080030a4   0x080030a4   0x0000000c   Code   RO         1031    i.TIM7_IRQHandler   stm32f4xx_it.o
    0x080030b0   0x080030b0   0x000000c8   Code   RO         2456    i.TIM_Base_SetConfig  stm32f4xx_hal_tim.o
    0x08003178   0x08003178   0x0000001a   Code   RO         2457    i.TIM_CCxChannelCmd  stm32f4xx_hal_tim.o
    0x08003192   0x08003192   0x00000002   PAD
    0x08003194   0x08003194   0x00000060   Code   RO         2469    i.TIM_OC1_SetConfig  stm32f4xx_hal_tim.o
    0x080031f4   0x080031f4   0x0000006c   Code   RO         2470    i.TIM_OC2_SetConfig  stm32f4xx_hal_tim.o
    0x08003260   0x08003260   0x00000068   Code   RO         2471    i.TIM_OC3_SetConfig  stm32f4xx_hal_tim.o
    0x080032c8   0x080032c8   0x00000050   Code   RO         2472    i.TIM_OC4_SetConfig  stm32f4xx_hal_tim.o
    0x08003318   0x08003318   0x0000000c   Code   RO         1032    i.UART4_IRQHandler  stm32f4xx_it.o
    0x08003324   0x08003324   0x0000000c   Code   RO         1033    i.UART5_IRQHandler  stm32f4xx_it.o
    0x08003330   0x08003330   0x00000010   Code   RO         3332    i.UART_DMAAbortOnError  stm32f4xx_hal_uart.o
    0x08003340   0x08003340   0x0000004a   Code   RO         3333    i.UART_DMAError     stm32f4xx_hal_uart.o
    0x0800338a   0x0800338a   0x0000003c   Code   RO         3334    i.UART_DMAReceiveCplt  stm32f4xx_hal_uart.o
    0x080033c6   0x080033c6   0x0000000a   Code   RO         3336    i.UART_DMARxHalfCplt  stm32f4xx_hal_uart.o
    0x080033d0   0x080033d0   0x0000002e   Code   RO         3338    i.UART_DMATransmitCplt  stm32f4xx_hal_uart.o
    0x080033fe   0x080033fe   0x0000000a   Code   RO         3340    i.UART_DMATxHalfCplt  stm32f4xx_hal_uart.o
    0x08003408   0x08003408   0x0000001c   Code   RO         3342    i.UART_EndRxTransfer  stm32f4xx_hal_uart.o
    0x08003424   0x08003424   0x00000012   Code   RO         3343    i.UART_EndTxTransfer  stm32f4xx_hal_uart.o
    0x08003436   0x08003436   0x00000096   Code   RO         3344    i.UART_Receive_IT   stm32f4xx_hal_uart.o
    0x080034cc   0x080034cc   0x00000128   Code   RO         3345    i.UART_SetConfig    stm32f4xx_hal_uart.o
    0x080035f4   0x080035f4   0x00000062   Code   RO         3346    i.UART_Transmit_IT  stm32f4xx_hal_uart.o
    0x08003656   0x08003656   0x00000064   Code   RO         3347    i.UART_WaitOnFlagUntilTimeout  stm32f4xx_hal_uart.o
    0x080036ba   0x080036ba   0x00000002   PAD
    0x080036bc   0x080036bc   0x0000000c   Code   RO         1034    i.USART1_IRQHandler  stm32f4xx_it.o
    0x080036c8   0x080036c8   0x0000000c   Code   RO         1035    i.USART2_IRQHandler  stm32f4xx_it.o
    0x080036d4   0x080036d4   0x0000000c   Code   RO         1036    i.USART3_IRQHandler  stm32f4xx_it.o
    0x080036e0   0x080036e0   0x0000000c   Code   RO         1037    i.USART6_IRQHandler  stm32f4xx_it.o
    0x080036ec   0x080036ec   0x00000002   Code   RO         1038    i.UsageFault_Handler  stm32f4xx_it.o
    0x080036ee   0x080036ee   0x00000002   PAD
    0x080036f0   0x080036f0   0x00000014   Code   RO          176    i.WitDelayMsRegister  jy61.o
    0x08003704   0x08003704   0x0000001c   Code   RO          178    i.WitInit           jy61.o
    0x08003720   0x08003720   0x00000014   Code   RO          180    i.WitRegisterCallBack  jy61.o
    0x08003734   0x08003734   0x00000100   Code   RO          181    i.WitSerialDataIn   jy61.o
    0x08003834   0x08003834   0x00000014   Code   RO          182    i.WitSerialWriteRegister  jy61.o
    0x08003848   0x08003848   0x00000020   Code   RO         5184    i.__0printf         mc_w.l(printfa.o)
    0x08003868   0x08003868   0x00000028   Code   RO         5186    i.__0sprintf        mc_w.l(printfa.o)
    0x08003890   0x08003890   0x0000002c   Code   RO          193    i.__CRC16           jy61.o
    0x080038bc   0x080038bc   0x00000020   Code   RO         1991    i.__NVIC_SetPriority  stm32f4xx_hal_cortex.o
    0x080038dc   0x080038dc   0x0000000e   Code   RO         5254    i.__scatterload_copy  mc_w.l(handlers.o)
    0x080038ea   0x080038ea   0x00000002   Code   RO         5255    i.__scatterload_null  mc_w.l(handlers.o)
    0x080038ec   0x080038ec   0x0000000e   Code   RO         5256    i.__scatterload_zeroinit  mc_w.l(handlers.o)
    0x080038fa   0x080038fa   0x00000002   PAD
    0x080038fc   0x080038fc   0x00000184   Code   RO         5191    i._fp_digits        mc_w.l(printfa.o)
    0x08003a80   0x08003a80   0x000006dc   Code   RO         5192    i._printf_core      mc_w.l(printfa.o)
    0x0800415c   0x0800415c   0x00000024   Code   RO         5193    i._printf_post_padding  mc_w.l(printfa.o)
    0x08004180   0x08004180   0x0000002e   Code   RO         5194    i._printf_pre_padding  mc_w.l(printfa.o)
    0x080041ae   0x080041ae   0x0000000a   Code   RO         5196    i._sputc            mc_w.l(printfa.o)
    0x080041b8   0x080041b8   0x0000001c   Code   RO           15    i.delay             soft_user.o
    0x080041d4   0x080041d4   0x000000bc   Code   RO          662    i.deubg_Task        freertos.o
    0x08004290   0x08004290   0x00000008   Code   RO          663    i.doing_Task        freertos.o
    0x08004298   0x08004298   0x00000018   Code   RO           17    i.fputc             soft_user.o
    0x080042b0   0x080042b0   0x00000054   Code   RO          664    i.key_Task          freertos.o
    0x08004304   0x08004304   0x0000000c   Code   RO          665    i.led_Task          freertos.o
    0x08004310   0x08004310   0x00000170   Code   RO          575    i.main              main.o
    0x08004480   0x08004480   0x0000000c   Code   RO         4429    i.makeFreeRtosPriority  cmsis_os.o
    0x0800448c   0x0800448c   0x00000008   Code   RO          666    i.motor_Task        freertos.o
    0x08004494   0x08004494   0x000000a8   Code   RO          407    i.motor_tim_config  motor_ctrl.o
    0x0800453c   0x0800453c   0x00000008   Code   RO          667    i.oled_Task         freertos.o
    0x08004544   0x08004544   0x0000000e   Code   RO         4431    i.osDelay           cmsis_os.o
    0x08004552   0x08004552   0x0000000a   Code   RO         4434    i.osKernelStart     cmsis_os.o
    0x0800455c   0x0800455c   0x00000054   Code   RO         4468    i.osThreadCreate    cmsis_os.o
    0x080045b0   0x080045b0   0x0000000c   Code   RO          668    i.pid_Task          freertos.o
    0x080045bc   0x080045bc   0x000000ec   Code   RO          452    i.pid_doing         pid.o
    0x080046a8   0x080046a8   0x00000070   Code   RO         4123    i.prvAddCurrentTaskToDelayedList  tasks.o
    0x08004718   0x08004718   0x000000d0   Code   RO         4124    i.prvAddNewTaskToReadyList  tasks.o
    0x080047e8   0x080047e8   0x00000034   Code   RO         4125    i.prvDeleteTCB      tasks.o
    0x0800481c   0x0800481c   0x0000004c   Code   RO         4796    i.prvHeapInit       heap_4.o
    0x08004868   0x08004868   0x00000060   Code   RO         4126    i.prvIdleTask       tasks.o
    0x080048c8   0x080048c8   0x00000016   Code   RO         3802    i.prvInitialiseNewQueue  queue.o
    0x080048de   0x080048de   0x00000098   Code   RO         4127    i.prvInitialiseNewTask  tasks.o
    0x08004976   0x08004976   0x00000002   PAD
    0x08004978   0x08004978   0x0000004c   Code   RO         4797    i.prvInsertBlockIntoFreeList  heap_4.o
    0x080049c4   0x080049c4   0x0000001c   Code   RO         3803    i.prvIsQueueEmpty   queue.o
    0x080049e0   0x080049e0   0x00000020   Code   RO         4128    i.prvResetNextTaskUnblockTime  tasks.o
    0x08004a00   0x08004a00   0x00000028   Code   RO         4859    i.prvTaskExitError  port.o
    0x08004a28   0x08004a28   0x0000006a   Code   RO         3804    i.prvUnlockQueue    queue.o
    0x08004a92   0x08004a92   0x00000002   PAD
    0x08004a94   0x08004a94   0x000000d8   Code   RO         4798    i.pvPortMalloc      heap_4.o
    0x08004b6c   0x08004b6c   0x00000018   Code   RO         4130    i.pvTaskIncrementMutexHeldCount  tasks.o
    0x08004b84   0x08004b84   0x0000002c   Code   RO         4860    i.pxPortInitialiseStack  port.o
    0x08004bb0   0x08004bb0   0x00000008   Code   RO          669    i.servo_Task        freertos.o
    0x08004bb8   0x08004bb8   0x00000048   Code   RO          482    i.servo_config      servo.o
    0x08004c00   0x08004c00   0x00000014   Code   RO          670    i.speed_Task        freertos.o
    0x08004c14   0x08004c14   0x00000054   Code   RO          408    i.speed_ctrl        motor_ctrl.o
    0x08004c68   0x08004c68   0x0000004c   Code   RO          409    i.speed_get         motor_ctrl.o
    0x08004cb4   0x08004cb4   0x00000008   Code   RO          671    i.usart_Task        freertos.o
    0x08004cbc   0x08004cbc   0x00000026   Code   RO         3759    i.uxListRemove      list.o
    0x08004ce2   0x08004ce2   0x00000002   PAD
    0x08004ce4   0x08004ce4   0x00000014   Code   RO          672    i.vApplicationGetIdleTaskMemory  freertos.o
    0x08004cf8   0x08004cf8   0x00000016   Code   RO         3760    i.vListInitialise   list.o
    0x08004d0e   0x08004d0e   0x00000006   Code   RO         3761    i.vListInitialiseItem  list.o
    0x08004d14   0x08004d14   0x00000030   Code   RO         3762    i.vListInsert       list.o
    0x08004d44   0x08004d44   0x00000018   Code   RO         3763    i.vListInsertEnd    list.o
    0x08004d5c   0x08004d5c   0x00000040   Code   RO         4862    i.vPortEnterCritical  port.o
    0x08004d9c   0x08004d9c   0x00000028   Code   RO         4863    i.vPortExitCritical  port.o
    0x08004dc4   0x08004dc4   0x0000005c   Code   RO         4799    i.vPortFree         heap_4.o
    0x08004e20   0x08004e20   0x00000024   Code   RO         4864    i.vPortSetupTimerInterrupt  port.o
    0x08004e44   0x08004e44   0x00000054   Code   RO         4865    i.vPortValidateInterruptPriority  port.o
    0x08004e98   0x08004e98   0x0000004c   Code   RO         4136    i.vTaskDelay        tasks.o
    0x08004ee4   0x08004ee4   0x00000010   Code   RO         4139    i.vTaskInternalSetTimeOutState  tasks.o
    0x08004ef4   0x08004ef4   0x0000000c   Code   RO         4140    i.vTaskMissedYield  tasks.o
    0x08004f00   0x08004f00   0x00000030   Code   RO         4142    i.vTaskPlaceOnEventList  tasks.o
    0x08004f30   0x08004f30   0x000000a8   Code   RO         4144    i.vTaskPriorityDisinheritAfterTimeout  tasks.o
    0x08004fd8   0x08004fd8   0x0000006c   Code   RO         4149    i.vTaskStartScheduler  tasks.o
    0x08005044   0x08005044   0x00000010   Code   RO         4151    i.vTaskSuspendAll   tasks.o
    0x08005054   0x08005054   0x0000005c   Code   RO         4152    i.vTaskSwitchContext  tasks.o
    0x080050b0   0x080050b0   0x000000f4   Code   RO         4866    i.xPortStartScheduler  port.o
    0x080051a4   0x080051a4   0x00000048   Code   RO         3813    i.xQueueGenericCreate  queue.o
    0x080051ec   0x080051ec   0x00000088   Code   RO         3815    i.xQueueGenericReset  queue.o
    0x08005274   0x08005274   0x0000009c   Code   RO         3818    i.xQueueGiveFromISR  queue.o
    0x08005310   0x08005310   0x00000178   Code   RO         3825    i.xQueueSemaphoreTake  queue.o
    0x08005488   0x08005488   0x00000074   Code   RO         4153    i.xTaskCheckForTimeOut  tasks.o
    0x080054fc   0x080054fc   0x0000005a   Code   RO         4154    i.xTaskCreate       tasks.o
    0x08005556   0x08005556   0x00000056   Code   RO         4155    i.xTaskCreateStatic  tasks.o
    0x080055ac   0x080055ac   0x0000001c   Code   RO         4159    i.xTaskGetSchedulerState  tasks.o
    0x080055c8   0x080055c8   0x000000c8   Code   RO         4162    i.xTaskIncrementTick  tasks.o
    0x08005690   0x08005690   0x00000094   Code   RO         4166    i.xTaskPriorityInherit  tasks.o
    0x08005724   0x08005724   0x00000074   Code   RO         4167    i.xTaskRemoveFromEventList  tasks.o
    0x08005798   0x08005798   0x000000c4   Code   RO         4168    i.xTaskResumeAll    tasks.o
    0x0800585c   0x0800585c   0x00000200   Data   RO          196    .constdata          jy61.o
    0x08005a5c   0x08005a5c   0x00000150   Data   RO          680    .constdata          freertos.o
    0x08005bac   0x08005bac   0x00000008   Data   RO         1708    .constdata          stm32f4xx_hal_dma.o
    0x08005bb4   0x08005bb4   0x00000010   Data   RO         3622    .constdata          system_stm32f4xx.o
    0x08005bc4   0x08005bc4   0x00000008   Data   RO         3623    .constdata          system_stm32f4xx.o
    0x08005bcc   0x08005bcc   0x000000a7   Data   RO          681    .conststring        freertos.o
    0x08005c73   0x08005c73   0x00000001   PAD
    0x08005c74   0x08005c74   0x00000020   Data   RO         5252    Region$$Table       anon$$obj.o


    Execution Region RW_IRAM2 (Exec base: 0x10000000, Load base: 0x08005d98, Size: 0x00000000, Max: 0x00010000, ABSOLUTE)

    **** No section assigned to this execution region ****


    Execution Region RW_IRAM1 (Exec base: 0x20000000, Load base: 0x08005c94, Size: 0x00005008, Max: 0x00020000, ABSOLUTE)

    Exec Addr    Load Addr    Size         Type   Attr      Idx    E Section Name        Object

    0x20000000   0x08005c94   0x00000028   Data   RW          198    .data               jy61.o
    0x20000028   0x08005cbc   0x00000020   Data   RW          453    .data               pid.o
    0x20000048   0x08005cdc   0x00000047   Data   RW          682    .data               freertos.o
    0x2000008f   0x08005d23   0x00000001   PAD
    0x20000090   0x08005d24   0x0000000c   Data   RW         2135    .data               stm32f4xx_hal.o
    0x2000009c   0x08005d30   0x00000004   Data   RW         3624    .data               system_stm32f4xx.o
    0x200000a0   0x08005d34   0x0000003c   Data   RW         4171    .data               tasks.o
    0x200000dc   0x08005d70   0x00000018   Data   RW         4804    .data               heap_4.o
    0x200000f4   0x08005d88   0x0000000c   Data   RW         4867    .data               port.o
    0x20000100   0x08005d94   0x00000004   Data   RW         5228    .data               mc_w.l(stdout.o)
    0x20000104        -       0x00000252   Zero   RW          194    .bss                jy61.o
    0x20000356   0x08005d98   0x00000002   PAD
    0x20000358        -       0x00000560   Zero   RW          673    .bss                freertos.o
    0x200008b8        -       0x00000019   Zero   RW          674    .bss                freertos.o
    0x200008d1   0x08005d98   0x00000003   PAD
    0x200008d4        -       0x00000300   Zero   RW          826    .bss                tim.o
    0x20000bd4        -       0x00000300   Zero   RW          953    .bss                usart.o
    0x20000ed4        -       0x00000040   Zero   RW         1198    .bss                stm32f4xx_hal_timebase_tim.o
    0x20000f14        -       0x000000f0   Zero   RW         4170    .bss                tasks.o
    0x20001004        -       0x00003c00   Zero   RW         4803    .bss                heap_4.o
    0x20004c04   0x08005d98   0x00000004   PAD
    0x20004c08        -       0x00000400   Zero   RW            1    STACK               startup_stm32f407xx.o


==============================================================================

Image component sizes


      Code (inc. data)   RO Data    RW Data    ZI Data      Debug   Object Name

         2          0          0          0          0        790   callback_use.o
       120          0          0          0          0      23213   cmsis_os.o
       108          4          0          0          0        854   dma.o
         0          0          0          0          0      18876   event_groups.o
       896        190        503         71       1401      10405   freertos.o
       260         22          0          0          0       1087   gpio.o
       460         24          0         24      15360       7383   heap_4.o
       664         68        512         40        594       9565   jy61.o
       138          0          0          0          0       3594   list.o
       540         96          0          0          0       3105   main.o
       384         60          0          0          0       2297   motor_ctrl.o
       236          6          0         32          0       1153   pid.o
       786         82          0         12          0      12045   port.o
       896          8          0          0          0      12205   queue.o
        72         18          0          0          0      32695   servo.o
        52          6          0          0          0     687832   soft_user.o
        36          8        392          0       1024        844   startup_stm32f407xx.o
        80         14          0         12          0       8138   stm32f4xx_hal.o
       158         14          0          0          0      33202   stm32f4xx_hal_cortex.o
       938         16          8          0          0       6534   stm32f4xx_hal_dma.o
       450         46          0          0          0       2420   stm32f4xx_hal_gpio.o
        56          4          0          0          0        886   stm32f4xx_hal_msp.o
      1392         82          0          0          0       5945   stm32f4xx_hal_rcc.o
      1602         90          0          0          0      14451   stm32f4xx_hal_tim.o
       232         28          0          0          0       3317   stm32f4xx_hal_tim_ex.o
       116         16          0          0         64       1447   stm32f4xx_hal_timebase_tim.o
      1754         44          0          0          0      15604   stm32f4xx_hal_uart.o
       260        108          0          0          0      10607   stm32f4xx_it.o
         0          0          0          0          0        384   stream_buffer.o
        28          6         24          4          0       1179   system_stm32f4xx.o
      2192        164          0         60        240      26969   tasks.o
      2284        220          0          0        768      11805   tim.o
      1152        108          0          0        768       5667   usart.o

    ----------------------------------------------------------------------
     18382       1552       1472        256      20228     976498   Object Totals
         0          0         32          0          0          0   (incl. Generated)
        38          0          1          1          9          0   (incl. Padding)

    ----------------------------------------------------------------------

      Code (inc. data)   RO Data    RW Data    ZI Data      Debug   Library Member Name

         0          0          0          0          0          0   entry.o
         0          0          0          0          0          0   entry10a.o
         0          0          0          0          0          0   entry11a.o
         8          4          0          0          0          0   entry2.o
         4          0          0          0          0          0   entry5.o
         0          0          0          0          0          0   entry7b.o
         0          0          0          0          0          0   entry8b.o
         8          4          0          0          0          0   entry9a.o
        30          0          0          0          0          0   handlers.o
        36          8          0          0          0         68   init.o
         0          0          0          0          0          0   iusefp.o
        30          0          0          0          0         68   llshl.o
        36          0          0          0          0         68   llsshr.o
        32          0          0          0          0         68   llushr.o
        36          0          0          0          0         68   memcpya.o
        36          0          0          0          0        108   memseta.o
      2308         96          0          0          0        604   printfa.o
         0          0          0          4          0          0   stdout.o
        18          0          0          0          0         68   strcpy.o
        14          0          0          0          0         68   strlen.o
        44          0          0          0          0         80   uidiv.o
        98          0          0          0          0         92   uldiv.o
        48          0          0          0          0         68   cdrcmple.o
       334          0          0          0          0        148   dadd.o
       222          0          0          0          0        100   ddiv.o
       186          0          0          0          0        176   depilogue.o
        48          0          0          0          0         68   dfixul.o
       228          0          0          0          0         96   dmul.o
        38          0          0          0          0         68   f2d.o

    ----------------------------------------------------------------------
      3846        112          0          4          0       2084   Library Totals
         4          0          0          0          0          0   (incl. Padding)

    ----------------------------------------------------------------------

      Code (inc. data)   RO Data    RW Data    ZI Data      Debug   Library Name

      2738        112          0          4          0       1360   mc_w.l
      1104          0          0          0          0        724   mf_w.l

    ----------------------------------------------------------------------
      3846        112          0          4          0       2084   Library Totals

    ----------------------------------------------------------------------

==============================================================================


      Code (inc. data)   RO Data    RW Data    ZI Data      Debug   

     22228       1664       1472        260      20228     957994   Grand Totals
     22228       1664       1472        260      20228     957994   ELF Image Totals
     22228       1664       1472        260          0          0   ROM Totals

==============================================================================

    Total RO  Size (Code + RO Data)                23700 (  23.14kB)
    Total RW  Size (RW Data + ZI Data)             20488 (  20.01kB)
    Total ROM Size (Code + RO Data + RW Data)      23960 (  23.40kB)

==============================================================================

