<html>
<body>
<pre>
<h1>礦ision Build Log</h1>
<h2>Tool Versions:</h2>
IDE-Version: μVision V5.30.0.0
Copyright (C) 2020 ARM Ltd and ARM Germany GmbH. All rights reserved.
License Information: 2061477607@qq.com,  , LIC=GMZI6-DH6DP-8TR3P-M2D5X-HAENU-0YD4W
 
Tool Versions:
Toolchain:       MDK-ARM Plus  Version: 5.30.0.0
Toolchain Path:  D:\keil5\ARM\ARMCC\Bin
C Compiler:      Armcc.exe V5.06 update 6 (build 750)
Assembler:       Armasm.exe V5.06 update 6 (build 750)
Linker/Locator:  ArmLink.exe V5.06 update 6 (build 750)
Library Manager: ArmAr.exe V5.06 update 6 (build 750)
Hex Converter:   FromElf.exe V5.06 update 6 (build 750)
CPU DLL:         SARMCM3.DLL V5.30.0.0
Dialog DLL:      DCM.DLL V1.17.3.0
Target DLL:      UL2CM3.DLL V1.163.3.0
Dialog DLL:      TCM.DLL V1.42.0.0
 
<h2>Project:</h2>
E:\新建文件夹\暂存\pid控制小车\3.WHEELTEC B570 平衡小车源码（库函数版）\USER\MiniBalance.uvprojx
Project File Date:  11/18/2022

<h2>Output:</h2>
*** Using Compiler 'V5.06 update 6 (build 750)', folder: 'D:\keil5\ARM\ARMCC\Bin'
Rebuild target 'MiniBalance'
assembling startup_stm32f10x_md.s...
compiling core_cm3.c...
compiling stm32f10x_dbgmcu.c...
compiling system_stm32f10x.c...
compiling stm32f10x_bkp.c...
compiling stm32f10x_it.c...
compiling stm32f10x_crc.c...
compiling stm32f10x_dac.c...
compiling stm32f10x_exti.c...
compiling misc.c...
compiling stm32f10x_dma.c...
compiling stm32f10x_adc.c...
compiling stm32f10x_cec.c...
compiling stm32f10x_flash.c...
compiling stm32f10x_can.c...
compiling MiniBalance.c...
compiling stm32f10x_fsmc.c...
compiling stm32f10x_gpio.c...
compiling stm32f10x_pwr.c...
compiling stm32f10x_wwdg.c...
compiling stm32f10x_iwdg.c...
compiling stm32f10x_rtc.c...
compiling stm32f10x_usart.c...
compiling stm32f10x_spi.c...
compiling stm32f10x_i2c.c...
compiling stm32f10x_sdio.c...
compiling stm32f10x_rcc.c...
compiling stm32f10x_tim.c...
compiling delay.c...
compiling usart.c...
compiling LED.C...
compiling DataScope_DP.C...
compiling sys.c...
compiling filter.c...
..\MiniBalance\filter\filter.c(15): warning:  #550-D: variable "angle_dot"  was set but never used
  	static float angle_dot;
..\MiniBalance\filter\filter.c(85): warning:  #550-D: variable "angle_dot"  was set but never used
  	static float angle_dot;
..\MiniBalance\filter\filter.c: 2 warnings, 0 errors
compiling timer.c...
compiling adc.c...
compiling key.c...
compiling oled.c...
compiling motor.c...
compiling exti.c...
compiling IOI2C.c...
compiling encoder.c...
compiling usart3.c...
compiling show.c...
compiling control.c...
..\MiniBalance\CONTROL\control.c(25): warning:  #177-D: variable "Voltage_Temp"  was declared but never referenced
  	static int Voltage_Temp,Voltage_Count,Voltage_All;		//电压测量相关变量
..\MiniBalance\CONTROL\control.c(25): warning:  #177-D: variable "Voltage_Count"  was declared but never referenced
  	static int Voltage_Temp,Voltage_Count,Voltage_All;		//电压测量相关变量
..\MiniBalance\CONTROL\control.c(25): warning:  #177-D: variable "Voltage_All"  was declared but never referenced
  	static int Voltage_Temp,Voltage_Count,Voltage_All;		//电压测量相关变量
..\MiniBalance\CONTROL\control.c(27): warning:  #177-D: variable "Flag_Yaw"  was declared but never referenced
  	static int Flag_Yaw=0;
..\MiniBalance\CONTROL\control.c(29): warning:  #177-D: variable "Balance_Pwm"  was declared but never referenced
  	int Balance_Pwm;		  					//平衡环PWM变量，速度环PWM变量，转向环PWM变
..\MiniBalance\CONTROL\control.c(144): warning:  #177-D: variable "Kd"  was declared but never referenced
  	 int Kd;		
..\MiniBalance\CONTROL\control.c: 6 warnings, 0 errors
compiling MPU6050.c...
compiling inv_mpu_dmp_motion_driver.c...
compiling inv_mpu.c...
linking...
Program Size: Code=45734 RO-data=6530 RW-data=688 ZI-data=2944  
FromELF: creating hex file...
"..\OBJ\MiniBalance.axf" - 0 Error(s), 8 Warning(s).

<h2>Software Packages used:</h2>

Package Vendor: ARM
                http://www.keil.com/pack/ARM.CMSIS.5.7.0.pack
                ARM.CMSIS.5.7.0
                CMSIS (Cortex Microcontroller Software Interface Standard)
   * Component: CORE Version: 5.4.0

Package Vendor: Keil
                http://www.keil.com/pack/Keil.STM32F1xx_DFP.2.4.0.pack
                Keil.STM32F1xx_DFP.2.4.0
                STMicroelectronics STM32F1 Series Device Support, Drivers and Examples

<h2>Collection of Component include folders:</h2>
  .\RTE\_MiniBalance
  D:\keil5\ARM\CMSIS\5.7.0\CMSIS\Core\Include
  D:\keil5\Keil\STM32F1xx_DFP\2.4.0\Device\Include

<h2>Collection of Component Files used:</h2>

   * Component: ARM::CMSIS:CORE:5.4.0
Build Time Elapsed:  00:00:03
</pre>
</body>
</html>
