<html>
<body>
<pre>
<h1>礦ision Build Log</h1>
<h2>Tool Versions:</h2>
IDE-Version: μVision V5.30.0.0
Copyright (C) 2020 ARM Ltd and ARM Germany GmbH. All rights reserved.
License Information: 2061477607@qq.com,  , LIC=GMZI6-DH6DP-8TR3P-M2D5X-HAENU-0YD4W
 
Tool Versions:
Toolchain:       MDK-ARM Plus  Version: 5.30.0.0
Toolchain Path:  D:\keil5\ARM\ARMCC\Bin
C Compiler:      Armcc.exe V5.06 update 6 (build 750)
Assembler:       Armasm.exe V5.06 update 6 (build 750)
Linker/Locator:  ArmLink.exe V5.06 update 6 (build 750)
Library Manager: ArmAr.exe V5.06 update 6 (build 750)
Hex Converter:   FromElf.exe V5.06 update 6 (build 750)
CPU DLL:         SARMCM3.DLL V5.30.0.0
Dialog DLL:      DCM.DLL V1.17.3.0
Target DLL:      CMSIS_AGDI.dll V1.32.5.0
Dialog DLL:      TCM.DLL V1.42.0.0
 
<h2>Project:</h2>
E:\新建文件夹\直流有刷电机-速度环控制-增量式PID\Project\Fire_F103VE.uvprojx
Project File Date:  08/04/2022

<h2>Output:</h2>
*** Using Compiler 'V5.06 update 6 (build 750)', folder: 'D:\keil5\ARM\ARMCC\Bin'
Rebuild target 'TIM'
assembling startup_stm32f103xe.s...
compiling stm32f1xx_hal_crc.c...
compiling stm32f1xx_hal.c...
compiling stm32f1xx_hal_flash_ex.c...
compiling stm32f1xx_hal_dac_ex.c...
compiling stm32f1xx_hal_eth.c...
compiling stm32f1xx_hal_dma.c...
compiling stm32f1xx_hal_can.c...
compiling system_stm32f1xx.c...
compiling stm32f1xx_hal_adc.c...
compiling stm32f1xx_hal_dac.c...
compiling stm32f1xx_hal_cec.c...
compiling stm32f1xx_hal_flash.c...
compiling stm32f1xx_hal_cortex.c...
compiling stm32f1xx_hal_adc_ex.c...
compiling stm32f1xx_hal_gpio.c...
compiling stm32f1xx_hal_gpio_ex.c...
compiling stm32f1xx_hal_hcd.c...
compiling stm32f1xx_hal_i2s.c...
compiling stm32f1xx_hal_i2c.c...
compiling stm32f1xx_hal_nand.c...
compiling stm32f1xx_hal_iwdg.c...
compiling stm32f1xx_hal_irda.c...
compiling stm32f1xx_hal_mmc.c...
compiling stm32f1xx_hal_nor.c...
compiling stm32f1xx_hal_pccard.c...
compiling stm32f1xx_hal_pcd.c...
compiling stm32f1xx_hal_pwr.c...
compiling stm32f1xx_hal_pcd_ex.c...
compiling stm32f1xx_hal_rcc.c...
compiling stm32f1xx_hal_rcc_ex.c...
compiling stm32f1xx_hal_rtc.c...
compiling stm32f1xx_hal_rtc_ex.c...
compiling stm32f1xx_hal_sram.c...
compiling stm32f1xx_hal_smartcard.c...
compiling stm32f1xx_hal_wwdg.c...
compiling stm32f1xx_hal_tim.c...
compiling stm32f1xx_hal_spi.c...
compiling stm32f1xx_hal_sd.c...
compiling stm32f1xx_ll_fsmc.c...
compiling stm32f1xx_hal_uart.c...
compiling stm32f1xx_ll_sdmmc.c...
compiling stm32f1xx_hal_tim_ex.c...
compiling stm32f1xx_hal_usart.c...
compiling stm32f1xx_ll_usb.c...
compiling main.c...
compiling bsp_led.c...
compiling bsp_key.c...
compiling stm32f1xx_it.c...
compiling bsp_encoder.c...
compiling bsp_basic_tim.c...
compiling bsp_debug_usart.c...
compiling bsp_motor_tim.c...
compiling bsp_pid.c...
..\User\pid\bsp_pid.c(26): warning:  #177-D: variable "pid_temp"  was declared but never referenced
      float pid_temp[3] = {pid.Kp, pid.Ki, pid.Kd};
..\User\pid\bsp_pid.c: 1 warning, 0 errors
compiling protocol.c...
compiling bsp_adc.c...
compiling bsp_motor_control.c...
..\User\motor_control\bsp_motor_control.c(30): warning:  #177-D: function "sd_gpio_config"  was declared but never referenced
  static void sd_gpio_config(void)
..\User\motor_control\bsp_motor_control.c: 1 warning, 0 errors
linking...
Program Size: Code=13932 RO-data=360 RW-data=36 ZI-data=2348  
FromELF: creating hex file...
"..\Output\Fire_F103ZE.axf" - 0 Error(s), 2 Warning(s).

<h2>Software Packages used:</h2>

Package Vendor: Keil
                http://www.keil.com/pack/Keil.STM32F1xx_DFP.2.4.0.pack
                Keil.STM32F1xx_DFP.2.4.0
                STMicroelectronics STM32F1 Series Device Support, Drivers and Examples

<h2>Collection of Component include folders:</h2>
  .\RTE\_TIM
  D:\keil5\Keil\STM32F1xx_DFP\2.4.0\Device\Include

<h2>Collection of Component Files used:</h2>
Build Time Elapsed:  00:00:32
</pre>
</body>
</html>
