<html>
<body>
<pre>
<h1>礦ision Build Log</h1>
<h2>Tool Versions:</h2>
IDE-Version: μVision V5.30.0.0
Copyright (C) 2020 ARM Ltd and ARM Germany GmbH. All rights reserved.
License Information: 2061477607@qq.com,   , LIC=GMZI6-DH6DP-8TR3P-M2D5X-HAENU-0YD4W
 
Tool Versions:
Toolchain:       MDK-ARM Plus  Version: 5.30.0.0
Toolchain Path:  D:\keil5\ARM\ARMCC\Bin
C Compiler:      Armcc.exe V5.06 update 6 (build 750)
Assembler:       Armasm.exe V5.06 update 6 (build 750)
Linker/Locator:  ArmLink.exe V5.06 update 6 (build 750)
Library Manager: ArmAr.exe V5.06 update 6 (build 750)
Hex Converter:   FromElf.exe V5.06 update 6 (build 750)
CPU DLL:         SARMCM3.DLL V5.30.0.0
Dialog DLL:      DCM.DLL V1.17.3.0
Target DLL:      STLink\ST-LINKIII-KEIL_SWO.dll V3.0.7.0
Dialog DLL:      TCM.DLL V1.42.0.0
 
<h2>Project:</h2>
E:\desktop\Projectcode\Training_car\Car_biubiu(舵机参数调试)\MDK-ARM\Car_biubiu.uvprojx
Project File Date:  02/24/2023

<h2>Output:</h2>
*** Using Compiler 'V5.06 update 6 (build 750)', folder: 'D:\keil5\ARM\ARMCC\Bin'
Build target 'Car_biubiu'
compiling servo.c...
..\Core\Src\servo.c(142): warning:  #550-D: variable "time_use"  was set but never used
      uint16_t time = 0,time_use, i = 0;
..\Core\Src\servo.c(142): warning:  #177-D: variable "i"  was declared but never referenced
      uint16_t time = 0,time_use, i = 0;
..\Core\Src\servo.c(143): warning:  #550-D: variable "angle"  was set but never used
      int16_t angle[6];
..\Core\Src\servo.c: 3 warnings, 0 errors
linking...
Program Size: Code=21272 RO-data=1472 RW-data=296 ZI-data=20104  
FromELF: creating hex file...
"Freertos_DMA_IMU\Freertos_DMA_IMU.axf" - 0 Error(s), 3 Warning(s).

<h2>Software Packages used:</h2>

Package Vendor: ARM
                http://www.keil.com/pack/ARM.CMSIS.5.7.0.pack
                ARM.CMSIS.5.7.0
                CMSIS (Cortex Microcontroller Software Interface Standard)
   * Component: CORE Version: 5.4.0

Package Vendor: Keil
                http://www.keil.com/pack/Keil.STM32F4xx_DFP.2.16.0.pack
                Keil.STM32F4xx_DFP.2.16.0
                STMicroelectronics STM32F4 Series Device Support, Drivers and Examples

<h2>Collection of Component include folders:</h2>
  .\RTE\_Car_biubiu
  D:\keil5\ARM\CMSIS\5.7.0\CMSIS\Core\Include
  D:\keil5\Keil\STM32F4xx_DFP\2.16.0\Drivers\CMSIS\Device\ST\STM32F4xx\Include

<h2>Collection of Component Files used:</h2>

   * Component: ARM::CMSIS:CORE:5.4.0
      Include file:  CMSIS\Core\Include\tz_context.h
Build Time Elapsed:  00:00:03
</pre>
</body>
</html>
