Component: ARM Compiler 5.06 update 6 (build 750) Tool: armlink [4d35ed]

==============================================================================

Section Cross References

    main.o(.text) refers to delay.o(.text) for delay_init
    main.o(.text) refers to sys.o(.text) for NVIC_Configuration
    main.o(.text) refers to led.o(.text) for LED_Init
    main.o(.text) refers to key.o(.text) for KEY_Init
    main.o(.text) refers to usart.o(.text) for uart1_init
    main.o(.text) refers to timer.o(.text) for TIM3_Init
    main.o(.text) refers to oled.o(.text) for OLED_Init
    main.o(.text) refers to mpu6050.o(.text) for MPU_Init
    main.o(.text) refers to inv_mpu.o(.text) for mpu_dmp_init
    main.o(.text) refers to fflti.o(.text) for __aeabi_i2f
    main.o(.text) refers to cfcmple.o(.text) for __aeabi_cfcmple
    main.o(.text) refers to f2d.o(.text) for __aeabi_f2d
    main.o(.text) refers to fdiv.o(.text) for __aeabi_fdiv
    main.o(.text) refers to printfa.o(i.__0printf) for __2printf
    main.o(.text) refers to main.o(.data) for yaw
    system_stm32f10x.o(.text) refers to system_stm32f10x.o(.data) for SystemCoreClock
    delay.o(.text) refers to misc.o(.text) for SysTick_CLKSourceConfig
    delay.o(.text) refers to system_stm32f10x.o(.data) for SystemCoreClock
    delay.o(.text) refers to delay.o(.data) for fac_us
    sys.o(.text) refers to misc.o(.text) for NVIC_PriorityGroupConfig
    usart.o(.text) refers to stm32f10x_rcc.o(.text) for RCC_APB2PeriphClockCmd
    usart.o(.text) refers to stm32f10x_gpio.o(.text) for GPIO_Init
    usart.o(.text) refers to stm32f10x_usart.o(.text) for USART_Init
    usart.o(.text) refers to usart.o(.data) for USART_RX_STA
    usart.o(.text) refers to usart.o(.bss) for USART_RX_BUF
    led.o(.text) refers to stm32f10x_rcc.o(.text) for RCC_APB2PeriphClockCmd
    led.o(.text) refers to stm32f10x_gpio.o(.text) for GPIO_Init
    led.o(.text) refers to led.o(.data) for temp
    key.o(.text) refers to stm32f10x_rcc.o(.text) for RCC_APB2PeriphClockCmd
    key.o(.text) refers to stm32f10x_gpio.o(.text) for GPIO_Init
    key.o(.text) refers to key.o(.data) for flag_key
    oled.o(.text) refers to stm32f10x_gpio.o(.text) for GPIO_SetBits
    oled.o(.text) refers to oled.o(.constdata) for F8X16
    oled.o(.text) refers to cdcmple.o(.text) for __aeabi_cdcmple
    oled.o(.text) refers to dfixi.o(.text) for __aeabi_d2iz
    oled.o(.text) refers to dflti.o(.text) for __aeabi_i2d
    oled.o(.text) refers to dadd.o(.text) for __aeabi_drsub
    oled.o(.text) refers to dmul.o(.text) for __aeabi_dmul
    oled.o(.text) refers to dfixui.o(.text) for __aeabi_d2uiz
    oled.o(.text) refers to dfltui.o(.text) for __aeabi_ui2d
    oled.o(.text) refers to oled.o(.data) for Hzk
    oled.o(.text) refers to stm32f10x_rcc.o(.text) for RCC_APB2PeriphClockCmd
    oled.o(.text) refers to delay.o(.text) for delay_ms
    timer.o(.text) refers to stm32f10x_rcc.o(.text) for RCC_APB1PeriphClockCmd
    timer.o(.text) refers to stm32f10x_tim.o(.text) for TIM_TimeBaseInit
    mpu6050.o(.text) refers to mpuiic.o(.text) for MPU_IIC_Start
    mpu6050.o(.text) refers to delay.o(.text) for delay_ms
    mpu6050.o(.text) refers to dflti.o(.text) for __aeabi_i2d
    mpu6050.o(.text) refers to ddiv.o(.text) for __aeabi_ddiv
    mpu6050.o(.text) refers to dadd.o(.text) for __aeabi_dadd
    mpu6050.o(.text) refers to d2f.o(.text) for __aeabi_d2f
    mpu6050.o(.text) refers to fmul.o(.text) for __aeabi_fmul
    mpu6050.o(.text) refers to ffixi.o(.text) for __aeabi_f2iz
    mpuiic.o(.text) refers to delay.o(.text) for delay_us
    mpuiic.o(.text) refers to stm32f10x_rcc.o(.text) for RCC_APB2PeriphClockCmd
    mpuiic.o(.text) refers to stm32f10x_gpio.o(.text) for GPIO_Init
    inv_mpu.o(.text) refers to mpu6050.o(.text) for MPU_Write_Len
    inv_mpu.o(.text) refers to printfa.o(i.__0printf) for __2printf
    inv_mpu.o(.text) refers to delay.o(.text) for delay_ms
    inv_mpu.o(.text) refers to inv_mpu.o(.data) for st
    inv_mpu.o(.text) refers to ffltui.o(.text) for __aeabi_ui2f
    inv_mpu.o(.text) refers to fflti.o(.text) for __aeabi_i2f
    inv_mpu.o(.text) refers to fadd.o(.text) for __aeabi_fsub
    inv_mpu.o(.text) refers to fdiv.o(.text) for __aeabi_fdiv
    inv_mpu.o(.text) refers to fmul.o(.text) for __aeabi_fmul
    inv_mpu.o(.text) refers to ffixi.o(.text) for __aeabi_f2iz
    inv_mpu.o(.text) refers to inv_mpu.o(.conststring) for .conststring
    inv_mpu.o(.text) refers to cfcmple.o(.text) for __aeabi_cfcmpeq
    inv_mpu.o(.text) refers to cfrcmple.o(.text) for __aeabi_cfrcmple
    inv_mpu.o(.text) refers to inv_mpu.o(.constdata) for test
    inv_mpu.o(.text) refers to ldiv.o(.text) for __aeabi_ldivmod
    inv_mpu.o(.text) refers to memcmp.o(.text) for memcmp
    inv_mpu.o(.text) refers to inv_mpu_dmp_motion_driver.o(.text) for dmp_set_gyro_bias
    inv_mpu.o(.text) refers to mpuiic.o(.text) for MPU_IIC_Init
    inv_mpu.o(.text) refers to f2d.o(.text) for __aeabi_f2d
[...]
    ..\STM32F10x_FWLib\src\stm32f10x_cec.c   0x00000000   Number         0  stm32f10x_cec.o ABSOLUTE
    ..\STM32F10x_FWLib\src\stm32f10x_crc.c   0x00000000   Number         0  stm32f10x_crc.o ABSOLUTE
    ..\STM32F10x_FWLib\src\stm32f10x_dac.c   0x00000000   Number         0  stm32f10x_dac.o ABSOLUTE
    ..\STM32F10x_FWLib\src\stm32f10x_dbgmcu.c 0x00000000   Number         0  stm32f10x_dbgmcu.o ABSOLUTE
    ..\STM32F10x_FWLib\src\stm32f10x_dma.c   0x00000000   Number         0  stm32f10x_dma.o ABSOLUTE
    ..\STM32F10x_FWLib\src\stm32f10x_exti.c  0x00000000   Number         0  stm32f10x_exti.o ABSOLUTE
    ..\STM32F10x_FWLib\src\stm32f10x_flash.c 0x00000000   Number         0  stm32f10x_flash.o ABSOLUTE
    ..\STM32F10x_FWLib\src\stm32f10x_fsmc.c  0x00000000   Number         0  stm32f10x_fsmc.o ABSOLUTE
    ..\STM32F10x_FWLib\src\stm32f10x_gpio.c  0x00000000   Number         0  stm32f10x_gpio.o ABSOLUTE
    ..\STM32F10x_FWLib\src\stm32f10x_i2c.c   0x00000000   Number         0  stm32f10x_i2c.o ABSOLUTE
    ..\STM32F10x_FWLib\src\stm32f10x_iwdg.c  0x00000000   Number         0  stm32f10x_iwdg.o ABSOLUTE
    ..\STM32F10x_FWLib\src\stm32f10x_pwr.c   0x00000000   Number         0  stm32f10x_pwr.o ABSOLUTE
    ..\STM32F10x_FWLib\src\stm32f10x_rcc.c   0x00000000   Number         0  stm32f10x_rcc.o ABSOLUTE
    ..\STM32F10x_FWLib\src\stm32f10x_rtc.c   0x00000000   Number         0  stm32f10x_rtc.o ABSOLUTE
    ..\STM32F10x_FWLib\src\stm32f10x_sdio.c  0x00000000   Number         0  stm32f10x_sdio.o ABSOLUTE
    ..\STM32F10x_FWLib\src\stm32f10x_spi.c   0x00000000   Number         0  stm32f10x_spi.o ABSOLUTE
    ..\STM32F10x_FWLib\src\stm32f10x_tim.c   0x00000000   Number         0  stm32f10x_tim.o ABSOLUTE
    ..\STM32F10x_FWLib\src\stm32f10x_usart.c 0x00000000   Number         0  stm32f10x_usart.o ABSOLUTE
    ..\STM32F10x_FWLib\src\stm32f10x_wwdg.c  0x00000000   Number         0  stm32f10x_wwdg.o ABSOLUTE
    ..\SYSTEM\delay\delay.c                  0x00000000   Number         0  delay.o ABSOLUTE
    ..\SYSTEM\sys\sys.c                      0x00000000   Number         0  sys.o ABSOLUTE
    ..\SYSTEM\usart\usart.c                  0x00000000   Number         0  usart.o ABSOLUTE
    ..\\CORE\\core_cm3.c                     0x00000000   Number         0  core_cm3.o ABSOLUTE
    ..\\HARDWARE\\KEY\\key.c                 0x00000000   Number         0  key.o ABSOLUTE
    ..\\HARDWARE\\LED\\LED.C                 0x00000000   Number         0  led.o ABSOLUTE
    ..\\HARDWARE\\MPU6050\\eMPL\\inv_mpu.c   0x00000000   Number         0  inv_mpu.o ABSOLUTE
    ..\\HARDWARE\\MPU6050\\eMPL\\inv_mpu_dmp_motion_driver.c 0x00000000   Number         0  inv_mpu_dmp_motion_driver.o ABSOLUTE
    ..\\HARDWARE\\MPU6050\\mpu6050.c         0x00000000   Number         0  mpu6050.o ABSOLUTE
    ..\\HARDWARE\\MPU6050\\mpuiic.c          0x00000000   Number         0  mpuiic.o ABSOLUTE
    ..\\HARDWARE\\OLED\\oled.c               0x00000000   Number         0  oled.o ABSOLUTE
    ..\\HARDWARE\\TIMER\\timer.c             0x00000000   Number         0  timer.o ABSOLUTE
    ..\\STM32F10x_FWLib\\src\\misc.c         0x00000000   Number         0  misc.o ABSOLUTE
    ..\\STM32F10x_FWLib\\src\\stm32f10x_adc.c 0x00000000   Number         0  stm32f10x_adc.o ABSOLUTE
    ..\\STM32F10x_FWLib\\src\\stm32f10x_bkp.c 0x00000000   Number         0  stm32f10x_bkp.o ABSOLUTE
    ..\\STM32F10x_FWLib\\src\\stm32f10x_can.c 0x00000000   Number         0  stm32f10x_can.o ABSOLUTE
    ..\\STM32F10x_FWLib\\src\\stm32f10x_cec.c 0x00000000   Number         0  stm32f10x_cec.o ABSOLUTE
    ..\\STM32F10x_FWLib\\src\\stm32f10x_crc.c 0x00000000   Number         0  stm32f10x_crc.o ABSOLUTE
    ..\\STM32F10x_FWLib\\src\\stm32f10x_dac.c 0x00000000   Number         0  stm32f10x_dac.o ABSOLUTE
    ..\\STM32F10x_FWLib\\src\\stm32f10x_dbgmcu.c 0x00000000   Number         0  stm32f10x_dbgmcu.o ABSOLUTE
    ..\\STM32F10x_FWLib\\src\\stm32f10x_dma.c 0x00000000   Number         0  stm32f10x_dma.o ABSOLUTE
    ..\\STM32F10x_FWLib\\src\\stm32f10x_exti.c 0x00000000   Number         0  stm32f10x_exti.o ABSOLUTE
    ..\\STM32F10x_FWLib\\src\\stm32f10x_flash.c 0x00000000   Number         0  stm32f10x_flash.o ABSOLUTE
    ..\\STM32F10x_FWLib\\src\\stm32f10x_fsmc.c 0x00000000   Number         0  stm32f10x_fsmc.o ABSOLUTE
    ..\\STM32F10x_FWLib\\src\\stm32f10x_gpio.c 0x00000000   Number         0  stm32f10x_gpio.o ABSOLUTE
    ..\\STM32F10x_FWLib\\src\\stm32f10x_i2c.c 0x00000000   Number         0  stm32f10x_i2c.o ABSOLUTE
    ..\\STM32F10x_FWLib\\src\\stm32f10x_iwdg.c 0x00000000   Number         0  stm32f10x_iwdg.o ABSOLUTE
    ..\\STM32F10x_FWLib\\src\\stm32f10x_pwr.c 0x00000000   Number         0  stm32f10x_pwr.o ABSOLUTE
    ..\\STM32F10x_FWLib\\src\\stm32f10x_rcc.c 0x00000000   Number         0  stm32f10x_rcc.o ABSOLUTE
    ..\\STM32F10x_FWLib\\src\\stm32f10x_rtc.c 0x00000000   Number         0  stm32f10x_rtc.o ABSOLUTE
    ..\\STM32F10x_FWLib\\src\\stm32f10x_sdio.c 0x00000000   Number         0  stm32f10x_sdio.o ABSOLUTE
    ..\\STM32F10x_FWLib\\src\\stm32f10x_spi.c 0x00000000   Number         0  stm32f10x_spi.o ABSOLUTE
    ..\\STM32F10x_FWLib\\src\\stm32f10x_tim.c 0x00000000   Number         0  stm32f10x_tim.o ABSOLUTE
    ..\\STM32F10x_FWLib\\src\\stm32f10x_usart.c 0x00000000   Number         0  stm32f10x_usart.o ABSOLUTE
    ..\\STM32F10x_FWLib\\src\\stm32f10x_wwdg.c 0x00000000   Number         0  stm32f10x_wwdg.o ABSOLUTE
    ..\\SYSTEM\\delay\\delay.c               0x00000000   Number         0  delay.o ABSOLUTE
    ..\\SYSTEM\\sys\\sys.c                   0x00000000   Number         0  sys.o ABSOLUTE
    ..\\SYSTEM\\usart\\usart.c               0x00000000   Number         0  usart.o ABSOLUTE
    cdcmple.s                                0x00000000   Number         0  cdcmple.o ABSOLUTE
    cdrcmple.s                               0x00000000   Number         0  cdrcmple.o ABSOLUTE
    cfcmple.s                                0x00000000   Number         0  cfcmple.o ABSOLUTE
    cfrcmple.s                               0x00000000   Number         0  cfrcmple.o ABSOLUTE
    dc.s                                     0x00000000   Number         0  dc.o ABSOLUTE
    handlers.s                               0x00000000   Number         0  handlers.o ABSOLUTE
    init.s                                   0x00000000   Number         0  init.o ABSOLUTE
    main.c                                   0x00000000   Number         0  main.o ABSOLUTE
    main.c                                   0x00000000   Number         0  main.o ABSOLUTE
    stm32f10x_it.c                           0x00000000   Number         0  stm32f10x_it.o ABSOLUTE
    stm32f10x_it.c                           0x00000000   Number         0  stm32f10x_it.o ABSOLUTE
    system_stm32f10x.c                       0x00000000   Number         0  system_stm32f10x.o ABSOLUTE
    system_stm32f10x.c                       0x00000000   Number         0  system_stm32f10x.o ABSOLUTE
    RESET                                    0x08000000   Section      304  startup_stm32f10x_hd.o(RESET)
    .ARM.Collect$$$$00000000                 0x08000130   Section        0  entry.o(.ARM.Collect$$$$00000000)
    .ARM.Collect$$$$00000001                 0x08000130   Section        4  entry2.o(.ARM.Collect$$$$00000001)
    .ARM.Collect$$$$00000004                 0x08000134   Section        4  entry5.o(.ARM.Collect$$$$00000004)
    .ARM.Collect$$$$00000008                 0x08000138   Section        0  entry7b.o(.ARM.Collect$$$$00000008)
    .ARM.Collect$$$$0000000A                 0x08000138   Section        0  entry8b.o(.ARM.Collect$$$$0000000A)
    .ARM.Collect$$$$0000000B                 0x08000138   Section        8  entry9a.o(.ARM.Collect$$$$0000000B)
    .ARM.Collect$$$$0000000D                 0x08000140   Section        0  entry10a.o(.ARM.Collect$$$$0000000D)
    .ARM.Collect$$$$0000000F                 0x08000140   Section        0  entry11a.o(.ARM.Collect$$$$0000000F)
    .ARM.Collect$$$$00002712                 0x08000140   Section        4  entry2.o(.ARM.Collect$$$$00002712)
    __lit__00000000                          0x08000140   Data           4  entry2.o(.ARM.Collect$$$$00002712)
    .text                                    0x08000144   Section        0  main.o(.text)
    .text                                    0x080003e8   Section        0  stm32f10x_it.o(.text)
    .text                                    0x08000404   Section        0  system_stm32f10x.o(.text)
    SetSysClockTo72                          0x08000405   Thumb Code   214  system_stm32f10x.o(.text)
    SetSysClock                              0x080004db   Thumb Code     8  system_stm32f10x.o(.text)
    .text                                    0x080005e4   Section        0  delay.o(.text)
    .text                                    0x080006b8   Section        0  sys.o(.text)
    .text                                    0x080006e0   Section        0  usart.o(.text)
    .text                                    0x08000804   Section        0  led.o(.text)
    .text                                    0x08000868   Section        0  key.o(.text)
    .text                                    0x080008c0   Section        0  oled.o(.text)
    .text                                    0x080014d4   Section        0  timer.o(.text)
    .text                                    0x08001540   Section        0  mpu6050.o(.text)
    .text                                    0x080018a8   Section        0  mpuiic.o(.text)
    .text                                    0x08001aec   Section        0  inv_mpu.o(.text)
    set_int_enable                           0x08001aed   Thumb Code   138  inv_mpu.o(.text)
    get_accel_prod_shift                     0x08002d5d   Thumb Code   168  inv_mpu.o(.text)
    accel_self_test                          0x08002e05   Thumb Code   164  inv_mpu.o(.text)
    gyro_self_test                           0x08002ea9   Thumb Code   280  inv_mpu.o(.text)
    get_st_biases                            0x08002fc1   Thumb Code  1136  inv_mpu.o(.text)
    .text                                    0x08003d74   Section        0  inv_mpu_dmp_motion_driver.o(.text)
    decode_gesture                           0x08004829   Thumb Code    94  inv_mpu_dmp_motion_driver.o(.text)
    .text                                    0x08004ae4   Section       36  startup_stm32f10x_hd.o(.text)
    .text                                    0x08004b08   Section        0  misc.o(.text)
    .text                                    0x08004be4   Section        0  stm32f10x_gpio.o(.text)
    .text                                    0x08004f40   Section        0  stm32f10x_rcc.o(.text)
    .text                                    0x080052e4   Section        0  stm32f10x_tim.o(.text)
    TI4_Config                               0x0800578b   Thumb Code   130  stm32f10x_tim.o(.text)
    TI3_Config                               0x0800581f   Thumb Code   122  stm32f10x_tim.o(.text)
    TI2_Config                               0x080058b3   Thumb Code   130  stm32f10x_tim.o(.text)
    TI1_Config                               0x08005947   Thumb Code   108  stm32f10x_tim.o(.text)
    .text                                    0x08006100   Section        0  stm32f10x_usart.o(.text)
    .text                                    0x08006508   Section        0  ldiv.o(.text)
    .text                                    0x0800656a   Section        0  memseta.o(.text)
    .text                                    0x0800658e   Section        0  memcmp.o(.text)
    .text                                    0x080065a8   Section        0  fadd.o(.text)
    .text                                    0x08006658   Section        0  fmul.o(.text)
    .text                                    0x080066bc   Section        0  fdiv.o(.text)
    .text                                    0x08006738   Section        0  dadd.o(.text)
    .text                                    0x08006886   Section        0  dmul.o(.text)
    .text                                    0x0800696a   Section        0  ddiv.o(.text)
    .text                                    0x08006a48   Section        0  fflti.o(.text)
    .text                                    0x08006a5a   Section        0  ffltui.o(.text)
    .text                                    0x08006a64   Section        0  dflti.o(.text)
    .text                                    0x08006a86   Section        0  dfltui.o(.text)
    .text                                    0x08006aa0   Section        0  ffixi.o(.text)
    .text                                    0x08006ad2   Section        0  ffixui.o(.text)
    .text                                    0x08006afa   Section        0  dfixi.o(.text)
    .text                                    0x08006b38   Section        0  dfixui.o(.text)
    .text                                    0x08006b6a   Section        0  f2d.o(.text)
    .text                                    0x08006b90   Section       48  cdcmple.o(.text)
    .text                                    0x08006bc0   Section        0  d2f.o(.text)
    .text                                    0x08006bf8   Section       20  cfcmple.o(.text)
    .text                                    0x08006c0c   Section       20  cfrcmple.o(.text)
    .text                                    0x08006c20   Section        0  uidiv.o(.text)
    .text                                    0x08006c4c   Section        0  uldiv.o(.text)
    .text                                    0x08006cae   Section        0  llshl.o(.text)
    .text                                    0x08006ccc   Section        0  llushr.o(.text)
    .text                                    0x08006cec   Section        0  llsshr.o(.text)
    .text                                    0x08006d10   Section        0  fepilogue.o(.text)
    .text                                    0x08006d10   Section        0  iusefp.o(.text)
    .text                                    0x08006d7e   Section        0  depilogue.o(.text)
    .text                                    0x08006e38   Section        0  dscalb.o(.text)
    .text                                    0x08006e66   Section        0  dfixul.o(.text)
    .text                                    0x08006e98   Section       48  cdrcmple.o(.text)
    .text                                    0x08006ec8   Section       36  init.o(.text)
    .text                                    0x08006eec   Section        0  dsqrt.o(.text)
    .text                                    0x08006f8e   Section        0  __dczerorl2.o(.text)
    i.__0printf                              0x08006fe4   Section        0  printfa.o(i.__0printf)
    i.__ARM_fpclassify                       0x08007004   Section        0  fpclassify.o(i.__ARM_fpclassify)
    i.__kernel_poly                          0x0800702c   Section        0  poly.o(i.__kernel_poly)
    i.__mathlib_dbl_infnan                   0x080070d6   Section        0  dunder.o(i.__mathlib_dbl_infnan)
    i.__mathlib_dbl_infnan2                  0x080070dc   Section        0  dunder.o(i.__mathlib_dbl_infnan2)
    i.__mathlib_dbl_invalid                  0x080070e0   Section        0  dunder.o(i.__mathlib_dbl_invalid)
    i.__mathlib_dbl_underflow                0x080070ec   Section        0  dunder.o(i.__mathlib_dbl_underflow)
    i.__scatterload_copy                     0x080070fc   Section       14  handlers.o(i.__scatterload_copy)
    i.__scatterload_null                     0x0800710a   Section        2  handlers.o(i.__scatterload_null)
    i.__scatterload_zeroinit                 0x0800710c   Section       14  handlers.o(i.__scatterload_zeroinit)
    i.__set_errno                            0x0800711c   Section        0  errno.o(i.__set_errno)
    i._fp_digits                             0x08007128   Section        0  printfa.o(i._fp_digits)
    _fp_digits                               0x08007129   Thumb Code   366  printfa.o(i._fp_digits)
    i._printf_core                           0x080072ac   Section        0  printfa.o(i._printf_core)
    _printf_core                             0x080072ad   Thumb Code  1744  printfa.o(i._printf_core)
    i._printf_post_padding                   0x08007988   Section        0  printfa.o(i._printf_post_padding)
    _printf_post_padding                     0x08007989   Thumb Code    36  printfa.o(i._printf_post_padding)
    i._printf_pre_padding                    0x080079ac   Section        0  printfa.o(i._printf_pre_padding)
    _printf_pre_padding                      0x080079ad   Thumb Code    46  printfa.o(i._printf_pre_padding)
    i.asin                                   0x080079dc   Section        0  asin.o(i.asin)
    i.atan                                   0x08007c4c   Section        0  atan.o(i.atan)
    i.atan2                                  0x08007e6c   Section        0  atan2.o(i.atan2)
    i.sqrt                                   0x08007fec   Section        0  sqrt.o(i.sqrt)
    .constdata                               0x08008038   Section     2072  oled.o(.constdata)
    .constdata                               0x08008850   Section       80  inv_mpu.o(.constdata)
    .constdata                               0x080088a0   Section     3062  inv_mpu_dmp_motion_driver.o(.constdata)
    dmp_memory                               0x080088a0   Data        3062  inv_mpu_dmp_motion_driver.o(.constdata)
    .constdata                               0x08009498   Section       80  asin.o(.constdata)
    pS                                       0x08009498   Data          48  asin.o(.constdata)
    qS                                       0x080094c8   Data          32  asin.o(.constdata)
    .constdata                               0x080094e8   Section      152  atan.o(.constdata)
    atanhi                                   0x080094e8   Data          32  atan.o(.constdata)
    atanlo                                   0x08009508   Data          32  atan.o(.constdata)
    aTodd                                    0x08009528   Data          40  atan.o(.constdata)
    aTeven                                   0x08009550   Data          48  atan.o(.constdata)
    .constdata                               0x08009580   Section        8  qnan.o(.constdata)
    .conststring                             0x08009588   Section       77  inv_mpu.o(.conststring)
    .data                                    0x20000000   Section       28  main.o(.data)
    .data                                    0x2000001c   Section       20  system_stm32f10x.o(.data)
    .data                                    0x20000030   Section        4  delay.o(.data)
    fac_us                                   0x20000030   Data           1  delay.o(.data)
    fac_ms                                   0x20000032   Data           2  delay.o(.data)
    .data                                    0x20000034   Section        5  usart.o(.data)
    .data                                    0x2000003c   Section        4  led.o(.data)
    temp                                     0x2000003c   Data           4  led.o(.data)
    .data                                    0x20000040   Section        1  key.o(.data)
    flag_key                                 0x20000040   Data           1  key.o(.data)
    .data                                    0x20000041   Section      896  oled.o(.data)
    .data                                    0x200003c4   Section       53  inv_mpu.o(.data)
    st                                       0x200003c4   Data          44  inv_mpu.o(.data)
    gyro_orientation                         0x200003f0   Data           9  inv_mpu.o(.data)
    .data                                    0x200003f9   Section       20  stm32f10x_rcc.o(.data)
    APBAHBPrescTable                         0x200003f9   Data          16  stm32f10x_rcc.o(.data)
    ADCPrescTable                            0x20000409   Data           4  stm32f10x_rcc.o(.data)
    .data                                    0x20000410   Section        4  errno.o(.data)
    _errno                                   0x20000410   Data           4  errno.o(.data)
    .bss                                     0x20000414   Section       64  usart.o(.bss)
    .bss                                     0x20000454   Section       16  inv_mpu_dmp_motion_driver.o(.bss)
    dmp                                      0x20000454   Data          16  inv_mpu_dmp_motion_driver.o(.bss)
    STACK                                    0x20000468   Section     1024  startup_stm32f10x_hd.o(STACK)

    Global Symbols

    Symbol Name                              Value     Ov Type        Size  Object(Section)

    BuildAttributes$$THM_ISAv4$P$D$K$B$S$PE$A:L22UL41UL21$X:L11$S22US41US21$IEEE1$IW$USESV6$~STKCKD$USESV7$~SHL$OTIME$ROPI$IEEEX$EBA8$MICROLIB$REQ8$PRES8$EABIv2 0x00000000   Number         0  anon$$obj.o ABSOLUTE
    __ARM_use_no_argv                        0x00000000   Number         0  main.o ABSOLUTE
    __use_no_errno                           0x00000000   Number         0  useno.o ABSOLUTE
    __use_no_exception_handling              0x00000000   Number         0  useno.o ABSOLUTE
    __use_no_fp                              0x00000000   Number         0  useno.o ABSOLUTE
    __use_no_heap                            0x00000000   Number         0  useno.o ABSOLUTE
    __use_no_heap_region                     0x00000000   Number         0  useno.o ABSOLUTE
    __use_no_semihosting                     0x00000000   Number         0  useno.o ABSOLUTE
    __use_no_semihosting_swi                 0x00000000   Number         0  useno.o ABSOLUTE
    __use_no_signal_handling                 0x00000000   Number         0  useno.o ABSOLUTE
    _printf_a                                0x00000000   Number         0  stubs.o ABSOLUTE
    _printf_c                                0x00000000   Number         0  stubs.o ABSOLUTE
    _printf_charcount                        0x00000000   Number         0  stubs.o ABSOLUTE
    _printf_d                                0x00000000   Number         0  stubs.o ABSOLUTE
    _printf_e                                0x00000000   Number         0  stubs.o ABSOLUTE
    _printf_f                                0x00000000   Number         0  stubs.o ABSOLUTE
    _printf_flags                            0x00000000   Number         0  stubs.o ABSOLUTE
    _printf_fp_dec                           0x00000000   Number         0  stubs.o ABSOLUTE
    _printf_fp_hex                           0x00000000   Number         0  stubs.o ABSOLUTE
    _printf_g                                0x00000000   Number         0  stubs.o ABSOLUTE
    _printf_i                                0x00000000   Number         0  stubs.o ABSOLUTE
    _printf_int_dec                          0x00000000   Number         0  stubs.o ABSOLUTE
    _printf_l                                0x00000000   Number         0  stubs.o ABSOLUTE
    _printf_lc                               0x00000000   Number         0  stubs.o ABSOLUTE
    _printf_ll                               0x00000000   Number         0  stubs.o ABSOLUTE
    _printf_lld                              0x00000000   Number         0  stubs.o ABSOLUTE
    _printf_lli                              0x00000000   Number         0  stubs.o ABSOLUTE
    _printf_llo                              0x00000000   Number         0  stubs.o ABSOLUTE
    _printf_llu                              0x00000000   Number         0  stubs.o ABSOLUTE
    _printf_llx                              0x00000000   Number         0  stubs.o ABSOLUTE
    _printf_longlong_dec                     0x00000000   Number         0  stubs.o ABSOLUTE
    _printf_longlong_hex                     0x00000000   Number         0  stubs.o ABSOLUTE
    _printf_longlong_oct                     0x00000000   Number         0  stubs.o ABSOLUTE
    _printf_ls                               0x00000000   Number         0  stubs.o ABSOLUTE
    _printf_mbtowc                           0x00000000   Number         0  stubs.o ABSOLUTE
    _printf_n                                0x00000000   Number         0  stubs.o ABSOLUTE
    _printf_o                                0x00000000   Number         0  stubs.o ABSOLUTE
    _printf_p                                0x00000000   Number         0  stubs.o ABSOLUTE
    _printf_percent                          0x00000000   Number         0  stubs.o ABSOLUTE
    _printf_pre_padding                      0x00000000   Number         0  stubs.o ABSOLUTE
    _printf_return_value                     0x00000000   Number         0  stubs.o ABSOLUTE
    _printf_s                                0x00000000   Number         0  stubs.o ABSOLUTE
    _printf_sizespec                         0x00000000   Number         0  stubs.o ABSOLUTE
    _printf_str                              0x00000000   Number         0  stubs.o ABSOLUTE
    _printf_truncate_signed                  0x00000000   Number         0  stubs.o ABSOLUTE
    _printf_truncate_unsigned                0x00000000   Number         0  stubs.o ABSOLUTE
    _printf_u                                0x00000000   Number         0  stubs.o ABSOLUTE
    _printf_wc                               0x00000000   Number         0  stubs.o ABSOLUTE
    _printf_wctomb                           0x00000000   Number         0  stubs.o ABSOLUTE
    _printf_widthprec                        0x00000000   Number         0  stubs.o ABSOLUTE
    _printf_x                                0x00000000   Number         0  stubs.o ABSOLUTE
    __cpp_initialize__aeabi_                  - Undefined Weak Reference
    __cxa_finalize                            - Undefined Weak Reference
    _clock_init                               - Undefined Weak Reference
    _microlib_exit                            - Undefined Weak Reference
    __Vectors_Size                           0x00000130   Number         0  startup_stm32f10x_hd.o ABSOLUTE
    __Vectors                                0x08000000   Data           4  startup_stm32f10x_hd.o(RESET)
    __Vectors_End                            0x08000130   Data           0  startup_stm32f10x_hd.o(RESET)
    __main                                   0x08000131   Thumb Code     0  entry.o(.ARM.Collect$$$$00000000)
    _main_stk                                0x08000131   Thumb Code     0  entry2.o(.ARM.Collect$$$$00000001)
    _main_scatterload                        0x08000135   Thumb Code     0  entry5.o(.ARM.Collect$$$$00000004)
    __main_after_scatterload                 0x08000139   Thumb Code     0  entry5.o(.ARM.Collect$$$$00000004)
    _main_clock                              0x08000139   Thumb Code     0  entry7b.o(.ARM.Collect$$$$00000008)
    _main_cpp_init                           0x08000139   Thumb Code     0  entry8b.o(.ARM.Collect$$$$0000000A)
    _main_init                               0x08000139   Thumb Code     0  entry9a.o(.ARM.Collect$$$$0000000B)
    __rt_final_cpp                           0x08000141   Thumb Code     0  entry10a.o(.ARM.Collect$$$$0000000D)
    __rt_final_exit                          0x08000141   Thumb Code     0  entry11a.o(.ARM.Collect$$$$0000000F)
    main                                     0x08000145   Thumb Code   546  main.o(.text)
    NMI_Handler                              0x080003e9   Thumb Code     2  stm32f10x_it.o(.text)
    HardFault_Handler                        0x080003eb   Thumb Code     4  stm32f10x_it.o(.text)
    MemManage_Handler                        0x080003ef   Thumb Code     4  stm32f10x_it.o(.text)
    BusFault_Handler                         0x080003f3   Thumb Code     4  stm32f10x_it.o(.text)
    UsageFault_Handler                       0x080003f7   Thumb Code     4  stm32f10x_it.o(.text)
    SVC_Handler                              0x080003fb   Thumb Code     2  stm32f10x_it.o(.text)
    DebugMon_Handler                         0x080003fd   Thumb Code     2  stm32f10x_it.o(.text)
    PendSV_Handler                           0x080003ff   Thumb Code     2  stm32f10x_it.o(.text)
    SysTick_Handler                          0x08000401   Thumb Code     2  stm32f10x_it.o(.text)
    SystemInit                               0x080004e3   Thumb Code    78  system_stm32f10x.o(.text)
    SystemCoreClockUpdate                    0x08000531   Thumb Code   142  system_stm32f10x.o(.text)
    delay_init                               0x080005e5   Thumb Code    50  delay.o(.text)
    delay_us                                 0x08000617   Thumb Code    72  delay.o(.text)
    delay_ms                                 0x0800065f   Thumb Code    72  delay.o(.text)
    NVIC_Configuration                       0x080006b9   Thumb Code    38  sys.o(.text)
    _sys_exit                                0x080006e1   Thumb Code     6  usart.o(.text)
    fputc                                    0x080006e7   Thumb Code    24  usart.o(.text)
    uart1_init                               0x080006ff   Thumb Code   124  usart.o(.text)
    USART1_IRQHandler                        0x0800077b   Thumb Code   122  usart.o(.text)
    LED_Init                                 0x08000805   Thumb Code    40  led.o(.text)
    Led_Flash                                0x0800082d   Thumb Code    44  led.o(.text)
    KEY_Init                                 0x08000869   Thumb Code    34  key.o(.text)
    KEY_Scan                                 0x0800088b   Thumb Code    42  key.o(.text)
    OLED_IIC_Start                           0x080008c1   Thumb Code    44  oled.o(.text)
    OLED_IIC_Stop                            0x080008ed   Thumb Code    34  oled.o(.text)
    OLED_IIC_Wait_Ack                        0x0800090f   Thumb Code    24  oled.o(.text)
    OLED_Write_IIC_Byte                      0x08000927   Thumb Code    88  oled.o(.text)
    OLED_Write_IIC_Command                   0x0800097f   Thumb Code    44  oled.o(.text)
    OLED_Write_IIC_Data                      0x080009ab   Thumb Code    44  oled.o(.text)
    OLED_WR_Byte                             0x080009d7   Thumb Code    24  oled.o(.text)
    fill_picture                             0x080009ef   Thumb Code    64  oled.o(.text)
    Delay_50ms                               0x08000a2f   Thumb Code    22  oled.o(.text)
    Delay_1ms                                0x08000a45   Thumb Code    26  oled.o(.text)
    OLED_Set_Pos                             0x08000a5f   Thumb Code    40  oled.o(.text)
    OLED_Display_On                          0x08000a87   Thumb Code    28  oled.o(.text)
    OLED_Display_Off                         0x08000aa3   Thumb Code    28  oled.o(.text)
    OLED_Clear                               0x08000abf   Thumb Code    62  oled.o(.text)
    OLED_On                                  0x08000afd   Thumb Code    62  oled.o(.text)
    OLED_ShowChar                            0x08000b3b   Thumb Code   154  oled.o(.text)
    oled_pow                                 0x08000bd5   Thumb Code    22  oled.o(.text)
    OLED_ShowNumber                          0x08000beb   Thumb Code   136  oled.o(.text)
    OLED_ShowString                          0x08000c73   Thumb Code    66  oled.o(.text)
    OLED_ShowCHinese                         0x08000cb5   Thumb Code    98  oled.o(.text)
    OLED_DrawBMP                             0x08000d17   Thumb Code   118  oled.o(.text)
    OLED_Float                               0x08000d8d   Thumb Code   442  oled.o(.text)
    OLED_Float2                              0x08000f47   Thumb Code   366  oled.o(.text)
    OLED_Num_write                           0x080010b5   Thumb Code    62  oled.o(.text)
    OLED_fuhao_write                         0x080010f3   Thumb Code    58  oled.o(.text)
    OLED_Num2                                0x0800112d   Thumb Code   156  oled.o(.text)
    OLED_Num3                                0x080011c9   Thumb Code   200  oled.o(.text)
    OLED_Num4                                0x08001291   Thumb Code   134  oled.o(.text)
    OLED_Num5                                0x08001317   Thumb Code   152  oled.o(.text)
    OLED_Init                                0x080013af   Thumb Code   294  oled.o(.text)
    TIM3_Init                                0x080014d5   Thumb Code    60  timer.o(.text)
    TIM3_IRQHandler                          0x08001511   Thumb Code    34  timer.o(.text)
    MPU_Write_Byte                           0x08001541   Thumb Code    68  mpu6050.o(.text)
    MPU_Set_LPF                              0x08001585   Thumb Code    58  mpu6050.o(.text)
    MPU_Set_Rate                             0x080015bf   Thumb Code    58  mpu6050.o(.text)
    MPU_Read_Byte                            0x080015f9   Thumb Code    58  mpu6050.o(.text)
    MPU_Set_Accel_Fsr                        0x08001633   Thumb Code    16  mpu6050.o(.text)
    MPU_Set_Gyro_Fsr                         0x08001643   Thumb Code    16  mpu6050.o(.text)
    MPU_Init                                 0x08001653   Thumb Code   122  mpu6050.o(.text)
    MPU_Read_Len                             0x080016cd   Thumb Code   116  mpu6050.o(.text)
    MPU_Get_Temperature                      0x08001741   Thumb Code    86  mpu6050.o(.text)
    MPU_Get_Gyroscope                        0x08001797   Thumb Code    80  mpu6050.o(.text)
    MPU_Get_Accelerometer                    0x080017e7   Thumb Code    80  mpu6050.o(.text)
    MPU_Write_Len                            0x08001837   Thumb Code    96  mpu6050.o(.text)
    MPU_IIC_Delay                            0x080018a9   Thumb Code    10  mpuiic.o(.text)
    MPU_IIC_Init                             0x080018b3   Thumb Code    38  mpuiic.o(.text)
    MPU_IIC_Start                            0x080018d9   Thumb Code    60  mpuiic.o(.text)
    MPU_IIC_Stop                             0x08001915   Thumb Code    62  mpuiic.o(.text)
    MPU_IIC_Wait_Ack                         0x08001953   Thumb Code    86  mpuiic.o(.text)
    MPU_IIC_Ack                              0x080019a9   Thumb Code    66  mpuiic.o(.text)
    MPU_IIC_NAck                             0x080019eb   Thumb Code    66  mpuiic.o(.text)
    MPU_IIC_Send_Byte                        0x08001a2d   Thumb Code    82  mpuiic.o(.text)
    MPU_IIC_Read_Byte                        0x08001a7f   Thumb Code    96  mpuiic.o(.text)
    mpu_reg_dump                             0x08001b77   Thumb Code    84  inv_mpu.o(.text)
    mpu_read_reg                             0x08001bcb   Thumb Code    66  inv_mpu.o(.text)
    mpu_set_int_latched                      0x08001c0d   Thumb Code   102  inv_mpu.o(.text)
    mpu_set_sensors                          0x08001c73   Thumb Code   202  inv_mpu.o(.text)
    mpu_set_bypass                           0x08001d3d   Thumb Code   328  inv_mpu.o(.text)
    mpu_reset_fifo                           0x08001e85   Thumb Code   472  inv_mpu.o(.text)
    mpu_configure_fifo                       0x0800205d   Thumb Code   106  inv_mpu.o(.text)
    mpu_set_lpf                              0x080020c7   Thumb Code   126  inv_mpu.o(.text)
    mpu_lp_accel_mode                        0x08002145   Thumb Code   218  inv_mpu.o(.text)
    mpu_set_sample_rate                      0x0800221f   Thumb Code   152  inv_mpu.o(.text)
    mpu_set_accel_fsr                        0x080022b7   Thumb Code   132  inv_mpu.o(.text)
    mpu_set_gyro_fsr                         0x0800233b   Thumb Code   132  inv_mpu.o(.text)
    mpu_init                                 0x080023bf   Thumb Code   416  inv_mpu.o(.text)
    mget_ms                                  0x0800255f   Thumb Code     2  inv_mpu.o(.text)
    mpu_get_gyro_reg                         0x08002561   Thumb Code   110  inv_mpu.o(.text)
    mpu_get_accel_reg                        0x080025cf   Thumb Code   110  inv_mpu.o(.text)
    mpu_get_temperature                      0x0800263d   Thumb Code   150  inv_mpu.o(.text)
    mpu_set_accel_bias                       0x080026d3   Thumb Code   468  inv_mpu.o(.text)
    mpu_get_gyro_fsr                         0x080028a7   Thumb Code    64  inv_mpu.o(.text)
    mpu_get_accel_fsr                        0x080028e7   Thumb Code    72  inv_mpu.o(.text)
    mpu_get_lpf                              0x0800292f   Thumb Code    74  inv_mpu.o(.text)
    mpu_get_sample_rate                      0x08002979   Thumb Code    26  inv_mpu.o(.text)
    mpu_get_compass_sample_rate              0x08002993   Thumb Code    10  inv_mpu.o(.text)
    mpu_set_compass_sample_rate              0x0800299d   Thumb Code     8  inv_mpu.o(.text)
    mpu_get_gyro_sens                        0x080029a5   Thumb Code    58  inv_mpu.o(.text)
    mpu_get_accel_sens                       0x080029df   Thumb Code    78  inv_mpu.o(.text)
    mpu_get_fifo_config                      0x08002a2d   Thumb Code    12  inv_mpu.o(.text)
    mpu_get_power_state                      0x08002a39   Thumb Code    22  inv_mpu.o(.text)
    mpu_get_int_status                       0x08002a4f   Thumb Code    64  inv_mpu.o(.text)
    mpu_read_fifo                            0x08002a8f   Thumb Code   520  inv_mpu.o(.text)
    mpu_read_fifo_stream                     0x08002c97   Thumb Code   186  inv_mpu.o(.text)
    mpu_set_int_level                        0x08002d51   Thumb Code    12  inv_mpu.o(.text)
    mpu_set_dmp_state                        0x08003431   Thumb Code   138  inv_mpu.o(.text)
    mpu_run_self_test                        0x080034bb   Thumb Code   278  inv_mpu.o(.text)
    mpu_write_mem                            0x080035d1   Thumb Code   122  inv_mpu.o(.text)
    mpu_read_mem                             0x0800364b   Thumb Code   122  inv_mpu.o(.text)
    mpu_load_firmware                        0x080036c5   Thumb Code   190  inv_mpu.o(.text)
    mpu_get_dmp_state                        0x08003783   Thumb Code    14  inv_mpu.o(.text)
    setup_compass                            0x08003791   Thumb Code     6  inv_mpu.o(.text)
    mpu_get_compass_reg                      0x08003797   Thumb Code     8  inv_mpu.o(.text)
    mpu_get_compass_fsr                      0x0800379f   Thumb Code     8  inv_mpu.o(.text)
    mpu_lp_motion_interrupt                  0x080037a7   Thumb Code   512  inv_mpu.o(.text)
    run_self_test                            0x080039a7   Thumb Code   148  inv_mpu.o(.text)
    inv_row_2_scale                          0x08003a3b   Thumb Code    78  inv_mpu.o(.text)
    inv_orientation_matrix_to_scalar         0x08003a89   Thumb Code    40  inv_mpu.o(.text)
    mpu_dmp_init                             0x08003ab1   Thumb Code   148  inv_mpu.o(.text)
    mpu_dmp_get_data                         0x08003b45   Thumb Code   554  inv_mpu.o(.text)
    dmp_load_motion_driver_firmware          0x08003d75   Thumb Code    20  inv_mpu_dmp_motion_driver.o(.text)
    dmp_set_orientation                      0x08003d89   Thumb Code   290  inv_mpu_dmp_motion_driver.o(.text)
    dmp_set_gyro_bias                        0x08003eab   Thumb Code   294  inv_mpu_dmp_motion_driver.o(.text)
    dmp_set_accel_bias                       0x08003fd1   Thumb Code   300  inv_mpu_dmp_motion_driver.o(.text)
    dmp_set_fifo_rate                        0x080040fd   Thumb Code   136  inv_mpu_dmp_motion_driver.o(.text)
    dmp_get_fifo_rate                        0x08004185   Thumb Code    12  inv_mpu_dmp_motion_driver.o(.text)
    dmp_set_tap_thresh                       0x08004191   Thumb Code   396  inv_mpu_dmp_motion_driver.o(.text)
    dmp_set_tap_axes                         0x0800431d   Thumb Code    70  inv_mpu_dmp_motion_driver.o(.text)
    dmp_set_tap_count                        0x08004363   Thumb Code    38  inv_mpu_dmp_motion_driver.o(.text)
    dmp_set_tap_time                         0x08004389   Thumb Code    38  inv_mpu_dmp_motion_driver.o(.text)
    dmp_set_tap_time_multi                   0x080043af   Thumb Code    38  inv_mpu_dmp_motion_driver.o(.text)
    dmp_set_shake_reject_thresh              0x080043d5   Thumb Code    56  inv_mpu_dmp_motion_driver.o(.text)
    dmp_set_shake_reject_time                0x0800440d   Thumb Code    38  inv_mpu_dmp_motion_driver.o(.text)
    dmp_set_shake_reject_timeout             0x08004433   Thumb Code    38  inv_mpu_dmp_motion_driver.o(.text)
    dmp_get_pedometer_step_count             0x08004459   Thumb Code    66  inv_mpu_dmp_motion_driver.o(.text)
    dmp_set_pedometer_step_count             0x0800449b   Thumb Code    42  inv_mpu_dmp_motion_driver.o(.text)
    dmp_get_pedometer_walk_time              0x080044c5   Thumb Code    72  inv_mpu_dmp_motion_driver.o(.text)
    dmp_set_pedometer_walk_time              0x0800450d   Thumb Code    48  inv_mpu_dmp_motion_driver.o(.text)
    dmp_enable_6x_lp_quat                    0x0800453d   Thumb Code    84  inv_mpu_dmp_motion_driver.o(.text)
    dmp_enable_lp_quat                       0x08004591   Thumb Code    60  inv_mpu_dmp_motion_driver.o(.text)
    dmp_enable_gyro_cal                      0x080045cd   Thumb Code    62  inv_mpu_dmp_motion_driver.o(.text)
    dmp_enable_feature                       0x0800460b   Thumb Code   530  inv_mpu_dmp_motion_driver.o(.text)
    dmp_get_enabled_features                 0x0800481d   Thumb Code    12  inv_mpu_dmp_motion_driver.o(.text)
    dmp_set_interrupt_mode                   0x08004887   Thumb Code    66  inv_mpu_dmp_motion_driver.o(.text)
    dmp_read_fifo                            0x080048c9   Thumb Code   514  inv_mpu_dmp_motion_driver.o(.text)
    dmp_register_tap_cb                      0x08004acb   Thumb Code    10  inv_mpu_dmp_motion_driver.o(.text)
    dmp_register_android_orient_cb           0x08004ad5   Thumb Code    10  inv_mpu_dmp_motion_driver.o(.text)
    Reset_Handler                            0x08004ae5   Thumb Code     8  startup_stm32f10x_hd.o(.text)
    ADC1_2_IRQHandler                        0x08004aff   Thumb Code     0  startup_stm32f10x_hd.o(.text)
    ADC3_IRQHandler                          0x08004aff   Thumb Code     0  startup_stm32f10x_hd.o(.text)
    CAN1_RX1_IRQHandler                      0x08004aff   Thumb Code     0  startup_stm32f10x_hd.o(.text)
    CAN1_SCE_IRQHandler                      0x08004aff   Thumb Code     0  startup_stm32f10x_hd.o(.text)
    DMA1_Channel1_IRQHandler                 0x08004aff   Thumb Code     0  startup_stm32f10x_hd.o(.text)
    DMA1_Channel2_IRQHandler                 0x08004aff   Thumb Code     0  startup_stm32f10x_hd.o(.text)
    DMA1_Channel3_IRQHandler                 0x08004aff   Thumb Code     0  startup_stm32f10x_hd.o(.text)
    DMA1_Channel4_IRQHandler                 0x08004aff   Thumb Code     0  startup_stm32f10x_hd.o(.text)
    DMA1_Channel5_IRQHandler                 0x08004aff   Thumb Code     0  startup_stm32f10x_hd.o(.text)
    DMA1_Channel6_IRQHandler                 0x08004aff   Thumb Code     0  startup_stm32f10x_hd.o(.text)
    DMA1_Channel7_IRQHandler                 0x08004aff   Thumb Code     0  startup_stm32f10x_hd.o(.text)
    DMA2_Channel1_IRQHandler                 0x08004aff   Thumb Code     0  startup_stm32f10x_hd.o(.text)
    DMA2_Channel2_IRQHandler                 0x08004aff   Thumb Code     0  startup_stm32f10x_hd.o(.text)
    DMA2_Channel3_IRQHandler                 0x08004aff   Thumb Code     0  startup_stm32f10x_hd.o(.text)
    DMA2_Channel4_5_IRQHandler               0x08004aff   Thumb Code     0  startup_stm32f10x_hd.o(.text)
    EXTI0_IRQHandler                         0x08004aff   Thumb Code     0  startup_stm32f10x_hd.o(.text)
    EXTI15_10_IRQHandler                     0x08004aff   Thumb Code     0  startup_stm32f10x_hd.o(.text)
    EXTI1_IRQHandler                         0x08004aff   Thumb Code     0  startup_stm32f10x_hd.o(.text)
    EXTI2_IRQHandler                         0x08004aff   Thumb Code     0  startup_stm32f10x_hd.o(.text)
    EXTI3_IRQHandler                         0x08004aff   Thumb Code     0  startup_stm32f10x_hd.o(.text)
    EXTI4_IRQHandler                         0x08004aff   Thumb Code     0  startup_stm32f10x_hd.o(.text)
    EXTI9_5_IRQHandler                       0x08004aff   Thumb Code     0  startup_stm32f10x_hd.o(.text)
    FLASH_IRQHandler                         0x08004aff   Thumb Code     0  startup_stm32f10x_hd.o(.text)
    FSMC_IRQHandler                          0x08004aff   Thumb Code     0  startup_stm32f10x_hd.o(.text)
    I2C1_ER_IRQHandler                       0x08004aff   Thumb Code     0  startup_stm32f10x_hd.o(.text)
    I2C1_EV_IRQHandler                       0x08004aff   Thumb Code     0  startup_stm32f10x_hd.o(.text)
    I2C2_ER_IRQHandler                       0x08004aff   Thumb Code     0  startup_stm32f10x_hd.o(.text)
    I2C2_EV_IRQHandler                       0x08004aff   Thumb Code     0  startup_stm32f10x_hd.o(.text)
    PVD_IRQHandler                           0x08004aff   Thumb Code     0  startup_stm32f10x_hd.o(.text)
    RCC_IRQHandler                           0x08004aff   Thumb Code     0  startup_stm32f10x_hd.o(.text)
    RTCAlarm_IRQHandler                      0x08004aff   Thumb Code     0  startup_stm32f10x_hd.o(.text)
    RTC_IRQHandler                           0x08004aff   Thumb Code     0  startup_stm32f10x_hd.o(.text)
    SDIO_IRQHandler                          0x08004aff   Thumb Code     0  startup_stm32f10x_hd.o(.text)
    SPI1_IRQHandler                          0x08004aff   Thumb Code     0  startup_stm32f10x_hd.o(.text)
    SPI2_IRQHandler                          0x08004aff   Thumb Code     0  startup_stm32f10x_hd.o(.text)
    SPI3_IRQHandler                          0x08004aff   Thumb Code     0  startup_stm32f10x_hd.o(.text)
    TAMPER_IRQHandler                        0x08004aff   Thumb Code     0  startup_stm32f10x_hd.o(.text)
    TIM1_BRK_IRQHandler                      0x08004aff   Thumb Code     0  startup_stm32f10x_hd.o(.text)
    TIM1_CC_IRQHandler                       0x08004aff   Thumb Code     0  startup_stm32f10x_hd.o(.text)
    TIM1_TRG_COM_IRQHandler                  0x08004aff   Thumb Code     0  startup_stm32f10x_hd.o(.text)
    TIM1_UP_IRQHandler                       0x08004aff   Thumb Code     0  startup_stm32f10x_hd.o(.text)
    TIM2_IRQHandler                          0x08004aff   Thumb Code     0  startup_stm32f10x_hd.o(.text)
    TIM4_IRQHandler                          0x08004aff   Thumb Code     0  startup_stm32f10x_hd.o(.text)
    TIM5_IRQHandler                          0x08004aff   Thumb Code     0  startup_stm32f10x_hd.o(.text)
    TIM6_IRQHandler                          0x08004aff   Thumb Code     0  startup_stm32f10x_hd.o(.text)
    TIM7_IRQHandler                          0x08004aff   Thumb Code     0  startup_stm32f10x_hd.o(.text)
    TIM8_BRK_IRQHandler                      0x08004aff   Thumb Code     0  startup_stm32f10x_hd.o(.text)
    TIM8_CC_IRQHandler                       0x08004aff   Thumb Code     0  startup_stm32f10x_hd.o(.text)
    TIM8_TRG_COM_IRQHandler                  0x08004aff   Thumb Code     0  startup_stm32f10x_hd.o(.text)
    TIM8_UP_IRQHandler                       0x08004aff   Thumb Code     0  startup_stm32f10x_hd.o(.text)
    UART4_IRQHandler                         0x08004aff   Thumb Code     0  startup_stm32f10x_hd.o(.text)
    UART5_IRQHandler                         0x08004aff   Thumb Code     0  startup_stm32f10x_hd.o(.text)
    USART2_IRQHandler                        0x08004aff   Thumb Code     0  startup_stm32f10x_hd.o(.text)
    USART3_IRQHandler                        0x08004aff   Thumb Code     0  startup_stm32f10x_hd.o(.text)
    USBWakeUp_IRQHandler                     0x08004aff   Thumb Code     0  startup_stm32f10x_hd.o(.text)
    USB_HP_CAN1_TX_IRQHandler                0x08004aff   Thumb Code     0  startup_stm32f10x_hd.o(.text)
    USB_LP_CAN1_RX0_IRQHandler               0x08004aff   Thumb Code     0  startup_stm32f10x_hd.o(.text)
    WWDG_IRQHandler                          0x08004aff   Thumb Code     0  startup_stm32f10x_hd.o(.text)
    NVIC_PriorityGroupConfig                 0x08004b09   Thumb Code    10  misc.o(.text)
    NVIC_Init                                0x08004b13   Thumb Code   100  misc.o(.text)
    NVIC_SetVectorTable                      0x08004b77   Thumb Code    14  misc.o(.text)
    NVIC_SystemLPConfig                      0x08004b85   Thumb Code    34  misc.o(.text)
    SysTick_CLKSourceConfig                  0x08004ba7   Thumb Code    40  misc.o(.text)
    GPIO_DeInit                              0x08004be5   Thumb Code   172  stm32f10x_gpio.o(.text)
    GPIO_AFIODeInit                          0x08004c91   Thumb Code    20  stm32f10x_gpio.o(.text)
    GPIO_Init                                0x08004ca5   Thumb Code   278  stm32f10x_gpio.o(.text)
    GPIO_StructInit                          0x08004dbb   Thumb Code    16  stm32f10x_gpio.o(.text)
    GPIO_ReadInputDataBit                    0x08004dcb   Thumb Code    18  stm32f10x_gpio.o(.text)
    GPIO_ReadInputData                       0x08004ddd   Thumb Code     8  stm32f10x_gpio.o(.text)
    GPIO_ReadOutputDataBit                   0x08004de5   Thumb Code    18  stm32f10x_gpio.o(.text)
    GPIO_ReadOutputData                      0x08004df7   Thumb Code     8  stm32f10x_gpio.o(.text)
    GPIO_SetBits                             0x08004dff   Thumb Code     4  stm32f10x_gpio.o(.text)
    GPIO_ResetBits                           0x08004e03   Thumb Code     4  stm32f10x_gpio.o(.text)
    GPIO_WriteBit                            0x08004e07   Thumb Code    10  stm32f10x_gpio.o(.text)
    GPIO_Write                               0x08004e11   Thumb Code     4  stm32f10x_gpio.o(.text)
    GPIO_PinLockConfig                       0x08004e15   Thumb Code    18  stm32f10x_gpio.o(.text)
    GPIO_EventOutputConfig                   0x08004e27   Thumb Code    26  stm32f10x_gpio.o(.text)
    GPIO_EventOutputCmd                      0x08004e41   Thumb Code     6  stm32f10x_gpio.o(.text)
    GPIO_PinRemapConfig                      0x08004e47   Thumb Code   138  stm32f10x_gpio.o(.text)
    GPIO_EXTILineConfig                      0x08004ed1   Thumb Code    66  stm32f10x_gpio.o(.text)
    GPIO_ETH_MediaInterfaceConfig            0x08004f13   Thumb Code     8  stm32f10x_gpio.o(.text)
    RCC_DeInit                               0x08004f41   Thumb Code    64  stm32f10x_rcc.o(.text)
    RCC_HSEConfig                            0x08004f81   Thumb Code    70  stm32f10x_rcc.o(.text)
    RCC_GetFlagStatus                        0x08004fc7   Thumb Code    56  stm32f10x_rcc.o(.text)
    RCC_WaitForHSEStartUp                    0x08004fff   Thumb Code    56  stm32f10x_rcc.o(.text)
    RCC_AdjustHSICalibrationValue            0x08005037   Thumb Code    20  stm32f10x_rcc.o(.text)
    RCC_HSICmd                               0x0800504b   Thumb Code     6  stm32f10x_rcc.o(.text)
    RCC_PLLConfig                            0x08005051   Thumb Code    24  stm32f10x_rcc.o(.text)
    RCC_PLLCmd                               0x08005069   Thumb Code     6  stm32f10x_rcc.o(.text)
    RCC_SYSCLKConfig                         0x0800506f   Thumb Code    18  stm32f10x_rcc.o(.text)
    RCC_GetSYSCLKSource                      0x08005081   Thumb Code    10  stm32f10x_rcc.o(.text)
    RCC_HCLKConfig                           0x0800508b   Thumb Code    18  stm32f10x_rcc.o(.text)
    RCC_PCLK1Config                          0x0800509d   Thumb Code    18  stm32f10x_rcc.o(.text)
    RCC_PCLK2Config                          0x080050af   Thumb Code    20  stm32f10x_rcc.o(.text)
    RCC_ITConfig                             0x080050c3   Thumb Code    26  stm32f10x_rcc.o(.text)
    RCC_USBCLKConfig                         0x080050dd   Thumb Code     8  stm32f10x_rcc.o(.text)
    RCC_ADCCLKConfig                         0x080050e5   Thumb Code    18  stm32f10x_rcc.o(.text)
    RCC_LSEConfig                            0x080050f7   Thumb Code    50  stm32f10x_rcc.o(.text)
    RCC_LSICmd                               0x08005129   Thumb Code     6  stm32f10x_rcc.o(.text)
    RCC_RTCCLKConfig                         0x0800512f   Thumb Code    12  stm32f10x_rcc.o(.text)
    RCC_RTCCLKCmd                            0x0800513b   Thumb Code     8  stm32f10x_rcc.o(.text)
    RCC_GetClocksFreq                        0x08005143   Thumb Code   192  stm32f10x_rcc.o(.text)
    RCC_AHBPeriphClockCmd                    0x08005203   Thumb Code    26  stm32f10x_rcc.o(.text)
    RCC_APB2PeriphClockCmd                   0x0800521d   Thumb Code    26  stm32f10x_rcc.o(.text)
    RCC_APB1PeriphClockCmd                   0x08005237   Thumb Code    26  stm32f10x_rcc.o(.text)
    RCC_APB2PeriphResetCmd                   0x08005251   Thumb Code    26  stm32f10x_rcc.o(.text)
    RCC_APB1PeriphResetCmd                   0x0800526b   Thumb Code    26  stm32f10x_rcc.o(.text)
    RCC_BackupResetCmd                       0x08005285   Thumb Code     8  stm32f10x_rcc.o(.text)
    RCC_ClockSecuritySystemCmd               0x0800528d   Thumb Code     6  stm32f10x_rcc.o(.text)
    RCC_MCOConfig                            0x08005293   Thumb Code     6  stm32f10x_rcc.o(.text)
    RCC_ClearFlag                            0x08005299   Thumb Code    14  stm32f10x_rcc.o(.text)
    RCC_GetITStatus                          0x080052a7   Thumb Code    20  stm32f10x_rcc.o(.text)
    RCC_ClearITPendingBit                    0x080052bb   Thumb Code     6  stm32f10x_rcc.o(.text)
    TIM_DeInit                               0x080052e5   Thumb Code   424  stm32f10x_tim.o(.text)
    TIM_TimeBaseInit                         0x0800548d   Thumb Code   122  stm32f10x_tim.o(.text)
    TIM_OC1Init                              0x08005507   Thumb Code   132  stm32f10x_tim.o(.text)
    TIM_OC2Init                              0x0800558b   Thumb Code   154  stm32f10x_tim.o(.text)
    TIM_OC3Init                              0x08005625   Thumb Code   150  stm32f10x_tim.o(.text)
    TIM_OC4Init                              0x080056bb   Thumb Code   182  stm32f10x_tim.o(.text)
    TIM_SetIC4Prescaler                      0x08005771   Thumb Code    26  stm32f10x_tim.o(.text)
    TIM_SetIC3Prescaler                      0x0800580d   Thumb Code    18  stm32f10x_tim.o(.text)
    TIM_SetIC2Prescaler                      0x08005899   Thumb Code    26  stm32f10x_tim.o(.text)
    TIM_SetIC1Prescaler                      0x08005935   Thumb Code    18  stm32f10x_tim.o(.text)
    TIM_ICInit                               0x080059b3   Thumb Code   150  stm32f10x_tim.o(.text)
    TIM_PWMIConfig                           0x08005a49   Thumb Code   124  stm32f10x_tim.o(.text)
    TIM_BDTRConfig                           0x08005ac5   Thumb Code    32  stm32f10x_tim.o(.text)
    TIM_TimeBaseStructInit                   0x08005ae5   Thumb Code    18  stm32f10x_tim.o(.text)
    TIM_OCStructInit                         0x08005af7   Thumb Code    20  stm32f10x_tim.o(.text)
    TIM_ICStructInit                         0x08005b0b   Thumb Code    18  stm32f10x_tim.o(.text)
    TIM_BDTRStructInit                       0x08005b1d   Thumb Code    40  stm32f10x_tim.o(.text)
    TIM_Cmd                                  0x08005b45   Thumb Code    24  stm32f10x_tim.o(.text)
    TIM_CtrlPWMOutputs                       0x08005b5d   Thumb Code    30  stm32f10x_tim.o(.text)
    TIM_ITConfig                             0x08005b7b   Thumb Code    18  stm32f10x_tim.o(.text)
    TIM_GenerateEvent                        0x08005b8d   Thumb Code     4  stm32f10x_tim.o(.text)
    TIM_DMAConfig                            0x08005b91   Thumb Code    10  stm32f10x_tim.o(.text)
    TIM_DMACmd                               0x08005b9b   Thumb Code    18  stm32f10x_tim.o(.text)
    TIM_InternalClockConfig                  0x08005bad   Thumb Code    12  stm32f10x_tim.o(.text)
    TIM_SelectInputTrigger                   0x08005bb9   Thumb Code    18  stm32f10x_tim.o(.text)
    TIM_ITRxExternalClockConfig              0x08005bcb   Thumb Code    24  stm32f10x_tim.o(.text)
    TIM_TIxExternalClockConfig               0x08005be3   Thumb Code    62  stm32f10x_tim.o(.text)
    TIM_ETRConfig                            0x08005c21   Thumb Code    28  stm32f10x_tim.o(.text)
    TIM_ETRClockMode1Config                  0x08005c3d   Thumb Code    54  stm32f10x_tim.o(.text)
    TIM_ETRClockMode2Config                  0x08005c73   Thumb Code    32  stm32f10x_tim.o(.text)
    TIM_PrescalerConfig                      0x08005c93   Thumb Code     6  stm32f10x_tim.o(.text)
    TIM_CounterModeConfig                    0x08005c99   Thumb Code    18  stm32f10x_tim.o(.text)
    TIM_EncoderInterfaceConfig               0x08005cab   Thumb Code    66  stm32f10x_tim.o(.text)
    TIM_ForcedOC1Config                      0x08005ced   Thumb Code    18  stm32f10x_tim.o(.text)
    TIM_ForcedOC2Config                      0x08005cff   Thumb Code    26  stm32f10x_tim.o(.text)
    TIM_ForcedOC3Config                      0x08005d19   Thumb Code    18  stm32f10x_tim.o(.text)
    TIM_ForcedOC4Config                      0x08005d2b   Thumb Code    26  stm32f10x_tim.o(.text)
    TIM_ARRPreloadConfig                     0x08005d45   Thumb Code    24  stm32f10x_tim.o(.text)
    TIM_SelectCOM                            0x08005d5d   Thumb Code    24  stm32f10x_tim.o(.text)
    TIM_SelectCCDMA                          0x08005d75   Thumb Code    24  stm32f10x_tim.o(.text)
    TIM_CCPreloadControl                     0x08005d8d   Thumb Code    24  stm32f10x_tim.o(.text)
    TIM_OC1PreloadConfig                     0x08005da5   Thumb Code    18  stm32f10x_tim.o(.text)
    TIM_OC2PreloadConfig                     0x08005db7   Thumb Code    26  stm32f10x_tim.o(.text)
    TIM_OC3PreloadConfig                     0x08005dd1   Thumb Code    18  stm32f10x_tim.o(.text)
    TIM_OC4PreloadConfig                     0x08005de3   Thumb Code    26  stm32f10x_tim.o(.text)
    TIM_OC1FastConfig                        0x08005dfd   Thumb Code    18  stm32f10x_tim.o(.text)
    TIM_OC2FastConfig                        0x08005e0f   Thumb Code    26  stm32f10x_tim.o(.text)
    TIM_OC3FastConfig                        0x08005e29   Thumb Code    18  stm32f10x_tim.o(.text)
    TIM_OC4FastConfig                        0x08005e3b   Thumb Code    26  stm32f10x_tim.o(.text)
    TIM_ClearOC1Ref                          0x08005e55   Thumb Code    18  stm32f10x_tim.o(.text)
    TIM_ClearOC2Ref                          0x08005e67   Thumb Code    24  stm32f10x_tim.o(.text)
    TIM_ClearOC3Ref                          0x08005e7f   Thumb Code    18  stm32f10x_tim.o(.text)
    TIM_ClearOC4Ref                          0x08005e91   Thumb Code    24  stm32f10x_tim.o(.text)
    TIM_OC1PolarityConfig                    0x08005ea9   Thumb Code    18  stm32f10x_tim.o(.text)
    TIM_OC1NPolarityConfig                   0x08005ebb   Thumb Code    18  stm32f10x_tim.o(.text)
    TIM_OC2PolarityConfig                    0x08005ecd   Thumb Code    26  stm32f10x_tim.o(.text)
    TIM_OC2NPolarityConfig                   0x08005ee7   Thumb Code    26  stm32f10x_tim.o(.text)
    TIM_OC3PolarityConfig                    0x08005f01   Thumb Code    26  stm32f10x_tim.o(.text)
    TIM_OC3NPolarityConfig                   0x08005f1b   Thumb Code    26  stm32f10x_tim.o(.text)
    TIM_OC4PolarityConfig                    0x08005f35   Thumb Code    26  stm32f10x_tim.o(.text)
    TIM_CCxCmd                               0x08005f4f   Thumb Code    30  stm32f10x_tim.o(.text)
    TIM_CCxNCmd                              0x08005f6d   Thumb Code    30  stm32f10x_tim.o(.text)
    TIM_SelectOCxM                           0x08005f8b   Thumb Code    82  stm32f10x_tim.o(.text)
    TIM_UpdateDisableConfig                  0x08005fdd   Thumb Code    24  stm32f10x_tim.o(.text)
    TIM_UpdateRequestConfig                  0x08005ff5   Thumb Code    24  stm32f10x_tim.o(.text)
    TIM_SelectHallSensor                     0x0800600d   Thumb Code    24  stm32f10x_tim.o(.text)
    TIM_SelectOnePulseMode                   0x08006025   Thumb Code    18  stm32f10x_tim.o(.text)
    TIM_SelectOutputTrigger                  0x08006037   Thumb Code    18  stm32f10x_tim.o(.text)
    TIM_SelectSlaveMode                      0x08006049   Thumb Code    18  stm32f10x_tim.o(.text)
    TIM_SelectMasterSlaveMode                0x0800605b   Thumb Code    18  stm32f10x_tim.o(.text)
    TIM_SetCounter                           0x0800606d   Thumb Code     4  stm32f10x_tim.o(.text)
    TIM_SetAutoreload                        0x08006071   Thumb Code     4  stm32f10x_tim.o(.text)
    TIM_SetCompare1                          0x08006075   Thumb Code     4  stm32f10x_tim.o(.text)
    TIM_SetCompare2                          0x08006079   Thumb Code     4  stm32f10x_tim.o(.text)
    TIM_SetCompare3                          0x0800607d   Thumb Code     4  stm32f10x_tim.o(.text)
    TIM_SetCompare4                          0x08006081   Thumb Code     6  stm32f10x_tim.o(.text)
    TIM_SetClockDivision                     0x08006087   Thumb Code    18  stm32f10x_tim.o(.text)
    TIM_GetCapture1                          0x08006099   Thumb Code     6  stm32f10x_tim.o(.text)
    TIM_GetCapture2                          0x0800609f   Thumb Code     6  stm32f10x_tim.o(.text)
    TIM_GetCapture3                          0x080060a5   Thumb Code     6  stm32f10x_tim.o(.text)
    TIM_GetCapture4                          0x080060ab   Thumb Code     8  stm32f10x_tim.o(.text)
    TIM_GetCounter                           0x080060b3   Thumb Code     6  stm32f10x_tim.o(.text)
    TIM_GetPrescaler                         0x080060b9   Thumb Code     6  stm32f10x_tim.o(.text)
    TIM_GetFlagStatus                        0x080060bf   Thumb Code    18  stm32f10x_tim.o(.text)
    TIM_ClearFlag                            0x080060d1   Thumb Code     6  stm32f10x_tim.o(.text)
    TIM_GetITStatus                          0x080060d7   Thumb Code    34  stm32f10x_tim.o(.text)
    TIM_ClearITPendingBit                    0x080060f9   Thumb Code     6  stm32f10x_tim.o(.text)
    USART_DeInit                             0x08006101   Thumb Code   134  stm32f10x_usart.o(.text)
    USART_Init                               0x08006187   Thumb Code   210  stm32f10x_usart.o(.text)
    USART_StructInit                         0x08006259   Thumb Code    24  stm32f10x_usart.o(.text)
    USART_ClockInit                          0x08006271   Thumb Code    34  stm32f10x_usart.o(.text)
    USART_ClockStructInit                    0x08006293   Thumb Code    12  stm32f10x_usart.o(.text)
    USART_Cmd                                0x0800629f   Thumb Code    24  stm32f10x_usart.o(.text)
    USART_ITConfig                           0x080062b7   Thumb Code    74  stm32f10x_usart.o(.text)
    USART_DMACmd                             0x08006301   Thumb Code    18  stm32f10x_usart.o(.text)
    USART_SetAddress                         0x08006313   Thumb Code    18  stm32f10x_usart.o(.text)
    USART_WakeUpConfig                       0x08006325   Thumb Code    18  stm32f10x_usart.o(.text)
    USART_ReceiverWakeUpCmd                  0x08006337   Thumb Code    24  stm32f10x_usart.o(.text)
    USART_LINBreakDetectLengthConfig         0x0800634f   Thumb Code    18  stm32f10x_usart.o(.text)
    USART_LINCmd                             0x08006361   Thumb Code    24  stm32f10x_usart.o(.text)
    USART_SendData                           0x08006379   Thumb Code     8  stm32f10x_usart.o(.text)
    USART_ReceiveData                        0x08006381   Thumb Code    10  stm32f10x_usart.o(.text)
    USART_SendBreak                          0x0800638b   Thumb Code    10  stm32f10x_usart.o(.text)
    USART_SetGuardTime                       0x08006395   Thumb Code    16  stm32f10x_usart.o(.text)
    USART_SetPrescaler                       0x080063a5   Thumb Code    16  stm32f10x_usart.o(.text)
    USART_SmartCardCmd                       0x080063b5   Thumb Code    24  stm32f10x_usart.o(.text)
    USART_SmartCardNACKCmd                   0x080063cd   Thumb Code    24  stm32f10x_usart.o(.text)
    USART_HalfDuplexCmd                      0x080063e5   Thumb Code    24  stm32f10x_usart.o(.text)
    USART_OverSampling8Cmd                   0x080063fd   Thumb Code    22  stm32f10x_usart.o(.text)
    USART_OneBitMethodCmd                    0x08006413   Thumb Code    24  stm32f10x_usart.o(.text)
    USART_IrDAConfig                         0x0800642b   Thumb Code    18  stm32f10x_usart.o(.text)
    USART_IrDACmd                            0x0800643d   Thumb Code    24  stm32f10x_usart.o(.text)
    USART_GetFlagStatus                      0x08006455   Thumb Code    26  stm32f10x_usart.o(.text)
    USART_ClearFlag                          0x0800646f   Thumb Code    18  stm32f10x_usart.o(.text)
    USART_GetITStatus                        0x08006481   Thumb Code    84  stm32f10x_usart.o(.text)
    USART_ClearITPendingBit                  0x080064d5   Thumb Code    52  stm32f10x_usart.o(.text)
    __aeabi_ldivmod                          0x08006509   Thumb Code    98  ldiv.o(.text)
    __aeabi_memset                           0x0800656b   Thumb Code    14  memseta.o(.text)
    __aeabi_memset4                          0x0800656b   Thumb Code     0  memseta.o(.text)
    __aeabi_memset8                          0x0800656b   Thumb Code     0  memseta.o(.text)
    __aeabi_memclr                           0x08006579   Thumb Code     4  memseta.o(.text)
    __aeabi_memclr4                          0x08006579   Thumb Code     0  memseta.o(.text)
    __aeabi_memclr8                          0x08006579   Thumb Code     0  memseta.o(.text)
    _memset$wrapper                          0x0800657d   Thumb Code    18  memseta.o(.text)
    memcmp                                   0x0800658f   Thumb Code    26  memcmp.o(.text)
    __aeabi_fadd                             0x080065a9   Thumb Code   164  fadd.o(.text)
    __aeabi_fsub                             0x0800664d   Thumb Code     6  fadd.o(.text)
    __aeabi_frsub                            0x08006653   Thumb Code     6  fadd.o(.text)
    __aeabi_fmul                             0x08006659   Thumb Code   100  fmul.o(.text)
    __aeabi_fdiv                             0x080066bd   Thumb Code   124  fdiv.o(.text)
    __aeabi_dadd                             0x08006739   Thumb Code   322  dadd.o(.text)
    __aeabi_dsub                             0x0800687b   Thumb Code     6  dadd.o(.text)
    __aeabi_drsub                            0x08006881   Thumb Code     6  dadd.o(.text)
    __aeabi_dmul                             0x08006887   Thumb Code   228  dmul.o(.text)
    __aeabi_ddiv                             0x0800696b   Thumb Code   222  ddiv.o(.text)
    __aeabi_i2f                              0x08006a49   Thumb Code    18  fflti.o(.text)
    __aeabi_ui2f                             0x08006a5b   Thumb Code    10  ffltui.o(.text)
    __aeabi_i2d                              0x08006a65   Thumb Code    34  dflti.o(.text)
    __aeabi_ui2d                             0x08006a87   Thumb Code    26  dfltui.o(.text)
    __aeabi_f2iz                             0x08006aa1   Thumb Code    50  ffixi.o(.text)
    __aeabi_f2uiz                            0x08006ad3   Thumb Code    40  ffixui.o(.text)
    __aeabi_d2iz                             0x08006afb   Thumb Code    62  dfixi.o(.text)
    __aeabi_d2uiz                            0x08006b39   Thumb Code    50  dfixui.o(.text)
    __aeabi_f2d                              0x08006b6b   Thumb Code    38  f2d.o(.text)
    __aeabi_cdcmpeq                          0x08006b91   Thumb Code     0  cdcmple.o(.text)
    __aeabi_cdcmple                          0x08006b91   Thumb Code    48  cdcmple.o(.text)
    __aeabi_d2f                              0x08006bc1   Thumb Code    56  d2f.o(.text)
    __aeabi_cfcmpeq                          0x08006bf9   Thumb Code     0  cfcmple.o(.text)
    __aeabi_cfcmple                          0x08006bf9   Thumb Code    20  cfcmple.o(.text)
    __aeabi_cfrcmple                         0x08006c0d   Thumb Code    20  cfrcmple.o(.text)
    __aeabi_uidiv                            0x08006c21   Thumb Code     0  uidiv.o(.text)
    __aeabi_uidivmod                         0x08006c21   Thumb Code    44  uidiv.o(.text)
    __aeabi_uldivmod                         0x08006c4d   Thumb Code    98  uldiv.o(.text)
    __aeabi_llsl                             0x08006caf   Thumb Code    30  llshl.o(.text)
    _ll_shift_l                              0x08006caf   Thumb Code     0  llshl.o(.text)
    __aeabi_llsr                             0x08006ccd   Thumb Code    32  llushr.o(.text)
    _ll_ushift_r                             0x08006ccd   Thumb Code     0  llushr.o(.text)
    __aeabi_lasr                             0x08006ced   Thumb Code    36  llsshr.o(.text)
    _ll_sshift_r                             0x08006ced   Thumb Code     0  llsshr.o(.text)
    __I$use$fp                               0x08006d11   Thumb Code     0  iusefp.o(.text)
    _float_round                             0x08006d11   Thumb Code    18  fepilogue.o(.text)
    _float_epilogue                          0x08006d23   Thumb Code    92  fepilogue.o(.text)
    _double_round                            0x08006d7f   Thumb Code    30  depilogue.o(.text)
    _double_epilogue                         0x08006d9d   Thumb Code   156  depilogue.o(.text)
    __ARM_scalbn                             0x08006e39   Thumb Code    46  dscalb.o(.text)
    scalbn                                   0x08006e39   Thumb Code     0  dscalb.o(.text)
    __aeabi_d2ulz                            0x08006e67   Thumb Code    48  dfixul.o(.text)
    __aeabi_cdrcmple                         0x08006e99   Thumb Code    48  cdrcmple.o(.text)
    __scatterload                            0x08006ec9   Thumb Code    28  init.o(.text)
    __scatterload_rt2                        0x08006ec9   Thumb Code     0  init.o(.text)
    _dsqrt                                   0x08006eed   Thumb Code   162  dsqrt.o(.text)
    __decompress                             0x08006f8f   Thumb Code     0  __dczerorl2.o(.text)
    __decompress1                            0x08006f8f   Thumb Code    86  __dczerorl2.o(.text)
    __0printf                                0x08006fe5   Thumb Code    22  printfa.o(i.__0printf)
    __1printf                                0x08006fe5   Thumb Code     0  printfa.o(i.__0printf)
    __2printf                                0x08006fe5   Thumb Code     0  printfa.o(i.__0printf)
    __c89printf                              0x08006fe5   Thumb Code     0  printfa.o(i.__0printf)
    printf                                   0x08006fe5   Thumb Code     0  printfa.o(i.__0printf)
    __ARM_fpclassify                         0x08007005   Thumb Code    40  fpclassify.o(i.__ARM_fpclassify)
    __kernel_poly                            0x0800702d   Thumb Code   170  poly.o(i.__kernel_poly)
    __mathlib_dbl_infnan                     0x080070d7   Thumb Code     6  dunder.o(i.__mathlib_dbl_infnan)
    __mathlib_dbl_infnan2                    0x080070dd   Thumb Code     4  dunder.o(i.__mathlib_dbl_infnan2)
    __mathlib_dbl_invalid                    0x080070e1   Thumb Code    12  dunder.o(i.__mathlib_dbl_invalid)
    __mathlib_dbl_underflow                  0x080070ed   Thumb Code    10  dunder.o(i.__mathlib_dbl_underflow)
    __scatterload_copy                       0x080070fd   Thumb Code    14  handlers.o(i.__scatterload_copy)
    __scatterload_null                       0x0800710b   Thumb Code     2  handlers.o(i.__scatterload_null)
    __scatterload_zeroinit                   0x0800710d   Thumb Code    14  handlers.o(i.__scatterload_zeroinit)
    __set_errno                              0x0800711d   Thumb Code     6  errno.o(i.__set_errno)
    asin                                     0x080079dd   Thumb Code   572  asin.o(i.asin)
    atan                                     0x08007c4d   Thumb Code   474  atan.o(i.atan)
    atan2                                    0x08007e6d   Thumb Code   346  atan2.o(i.atan2)
    sqrt                                     0x08007fed   Thumb Code    76  sqrt.o(i.sqrt)
    F6x8                                     0x08008038   Data         552  oled.o(.constdata)
    F8X16                                    0x08008260   Data        1520  oled.o(.constdata)
    reg                                      0x08008850   Data          27  inv_mpu.o(.constdata)
    hw                                       0x0800886c   Data          12  inv_mpu.o(.constdata)
    test                                     0x08008878   Data          40  inv_mpu.o(.constdata)
    __mathlib_zero                           0x08009580   Data           8  qnan.o(.constdata)
    Region$$Table$$Base                      0x080095d8   Number         0  anon$$obj.o(Region$$Table)
    Region$$Table$$Limit                     0x080095f8   Number         0  anon$$obj.o(Region$$Table)
    pitch                                    0x20000000   Data           4  main.o(.data)
    roll                                     0x20000004   Data           4  main.o(.data)
    yaw                                      0x20000008   Data           4  main.o(.data)
    aacx                                     0x2000000c   Data           2  main.o(.data)
    aacy                                     0x2000000e   Data           2  main.o(.data)
    aacz                                     0x20000010   Data           2  main.o(.data)
    gyrox                                    0x20000012   Data           2  main.o(.data)
    gyroy                                    0x20000014   Data           2  main.o(.data)
    gyroz                                    0x20000016   Data           2  main.o(.data)
    temp                                     0x20000018   Data           4  main.o(.data)
    SystemCoreClock                          0x2000001c   Data           4  system_stm32f10x.o(.data)
    AHBPrescTable                            0x20000020   Data          16  system_stm32f10x.o(.data)
    __stdout                                 0x20000034   Data           4  usart.o(.data)
    USART_RX_STA                             0x20000038   Data           1  usart.o(.data)
    Hzk                                      0x20000041   Data         896  oled.o(.data)
    USART_RX_BUF                             0x20000414   Data          64  usart.o(.bss)
    __initial_sp                             0x20000868   Data           0  startup_stm32f10x_hd.o(STACK)



==============================================================================

Memory Map of the image

  Image Entry point : 0x08000131

  Load Region LR_IROM1 (Base: 0x08000000, Size: 0x00009a0c, Max: 0x00080000, ABSOLUTE, COMPRESSED[0x00009798])

    Execution Region ER_IROM1 (Exec base: 0x08000000, Load base: 0x08000000, Size: 0x000095f8, Max: 0x00080000, ABSOLUTE)

    Exec Addr    Load Addr    Size         Type   Attr      Idx    E Section Name        Object

    0x08000000   0x08000000   0x00000130   Data   RO          576    RESET               startup_stm32f10x_hd.o
    0x08000130   0x08000130   0x00000000   Code   RO         1153  * .ARM.Collect$$$$00000000  mc_w.l(entry.o)
    0x08000130   0x08000130   0x00000004   Code   RO         1498    .ARM.Collect$$$$00000001  mc_w.l(entry2.o)
    0x08000134   0x08000134   0x00000004   Code   RO         1501    .ARM.Collect$$$$00000004  mc_w.l(entry5.o)
    0x08000138   0x08000138   0x00000000   Code   RO         1503    .ARM.Collect$$$$00000008  mc_w.l(entry7b.o)
    0x08000138   0x08000138   0x00000000   Code   RO         1505    .ARM.Collect$$$$0000000A  mc_w.l(entry8b.o)
    0x08000138   0x08000138   0x00000008   Code   RO         1506    .ARM.Collect$$$$0000000B  mc_w.l(entry9a.o)
    0x08000140   0x08000140   0x00000000   Code   RO         1508    .ARM.Collect$$$$0000000D  mc_w.l(entry10a.o)
    0x08000140   0x08000140   0x00000000   Code   RO         1510    .ARM.Collect$$$$0000000F  mc_w.l(entry11a.o)
    0x08000140   0x08000140   0x00000004   Code   RO         1499    .ARM.Collect$$$$00002712  mc_w.l(entry2.o)
    0x08000144   0x08000144   0x000002a4   Code   RO            4    .text               main.o
    0x080003e8   0x080003e8   0x0000001a   Code   RO          176    .text               stm32f10x_it.o
    0x08000402   0x08000402   0x00000002   PAD
    0x08000404   0x08000404   0x000001e0   Code   RO          229    .text               system_stm32f10x.o
    0x080005e4   0x080005e4   0x000000d4   Code   RO          259    .text               delay.o
    0x080006b8   0x080006b8   0x00000026   Code   RO          289    .text               sys.o
    0x080006de   0x080006de   0x00000002   PAD
    0x080006e0   0x080006e0   0x00000124   Code   RO          313    .text               usart.o
    0x08000804   0x08000804   0x00000064   Code   RO          345    .text               led.o
    0x08000868   0x08000868   0x00000058   Code   RO          370    .text               key.o
    0x080008c0   0x080008c0   0x00000c14   Code   RO          395    .text               oled.o
    0x080014d4   0x080014d4   0x0000006c   Code   RO          426    .text               timer.o
    0x08001540   0x08001540   0x00000368   Code   RO          450    .text               mpu6050.o
    0x080018a8   0x080018a8   0x00000244   Code   RO          474    .text               mpuiic.o
    0x08001aec   0x08001aec   0x00002288   Code   RO          498    .text               inv_mpu.o
    0x08003d74   0x08003d74   0x00000d70   Code   RO          534    .text               inv_mpu_dmp_motion_driver.o
    0x08004ae4   0x08004ae4   0x00000024   Code   RO          577    .text               startup_stm32f10x_hd.o
    0x08004b08   0x08004b08   0x000000dc   Code   RO          584    .text               misc.o
    0x08004be4   0x08004be4   0x0000035c   Code   RO          872    .text               stm32f10x_gpio.o
    0x08004f40   0x08004f40   0x000003a4   Code   RO          968    .text               stm32f10x_rcc.o
    0x080052e4   0x080052e4   0x00000e1a   Code   RO         1066    .text               stm32f10x_tim.o
    0x080060fe   0x080060fe   0x00000002   PAD
    0x08006100   0x08006100   0x00000408   Code   RO         1090    .text               stm32f10x_usart.o
    0x08006508   0x08006508   0x00000062   Code   RO         1156    .text               mc_w.l(ldiv.o)
    0x0800656a   0x0800656a   0x00000024   Code   RO         1158    .text               mc_w.l(memseta.o)
    0x0800658e   0x0800658e   0x0000001a   Code   RO         1160    .text               mc_w.l(memcmp.o)
    0x080065a8   0x080065a8   0x000000b0   Code   RO         1423    .text               mf_w.l(fadd.o)
    0x08006658   0x08006658   0x00000064   Code   RO         1425    .text               mf_w.l(fmul.o)
    0x080066bc   0x080066bc   0x0000007c   Code   RO         1427    .text               mf_w.l(fdiv.o)
    0x08006738   0x08006738   0x0000014e   Code   RO         1429    .text               mf_w.l(dadd.o)
    0x08006886   0x08006886   0x000000e4   Code   RO         1431    .text               mf_w.l(dmul.o)
    0x0800696a   0x0800696a   0x000000de   Code   RO         1433    .text               mf_w.l(ddiv.o)
    0x08006a48   0x08006a48   0x00000012   Code   RO         1435    .text               mf_w.l(fflti.o)
    0x08006a5a   0x08006a5a   0x0000000a   Code   RO         1437    .text               mf_w.l(ffltui.o)
    0x08006a64   0x08006a64   0x00000022   Code   RO         1439    .text               mf_w.l(dflti.o)
    0x08006a86   0x08006a86   0x0000001a   Code   RO         1441    .text               mf_w.l(dfltui.o)
    0x08006aa0   0x08006aa0   0x00000032   Code   RO         1443    .text               mf_w.l(ffixi.o)
    0x08006ad2   0x08006ad2   0x00000028   Code   RO         1445    .text               mf_w.l(ffixui.o)
    0x08006afa   0x08006afa   0x0000003e   Code   RO         1447    .text               mf_w.l(dfixi.o)
    0x08006b38   0x08006b38   0x00000032   Code   RO         1449    .text               mf_w.l(dfixui.o)
    0x08006b6a   0x08006b6a   0x00000026   Code   RO         1451    .text               mf_w.l(f2d.o)
    0x08006b90   0x08006b90   0x00000030   Code   RO         1453    .text               mf_w.l(cdcmple.o)
    0x08006bc0   0x08006bc0   0x00000038   Code   RO         1455    .text               mf_w.l(d2f.o)
    0x08006bf8   0x08006bf8   0x00000014   Code   RO         1457    .text               mf_w.l(cfcmple.o)
    0x08006c0c   0x08006c0c   0x00000014   Code   RO         1459    .text               mf_w.l(cfrcmple.o)
    0x08006c20   0x08006c20   0x0000002c   Code   RO         1512    .text               mc_w.l(uidiv.o)
    0x08006c4c   0x08006c4c   0x00000062   Code   RO         1514    .text               mc_w.l(uldiv.o)
    0x08006cae   0x08006cae   0x0000001e   Code   RO         1516    .text               mc_w.l(llshl.o)
    0x08006ccc   0x08006ccc   0x00000020   Code   RO         1518    .text               mc_w.l(llushr.o)
    0x08006cec   0x08006cec   0x00000024   Code   RO         1520    .text               mc_w.l(llsshr.o)
    0x08006d10   0x08006d10   0x00000000   Code   RO         1529    .text               mc_w.l(iusefp.o)
    0x08006d10   0x08006d10   0x0000006e   Code   RO         1530    .text               mf_w.l(fepilogue.o)
    0x08006d7e   0x08006d7e   0x000000ba   Code   RO         1532    .text               mf_w.l(depilogue.o)
    0x08006e38   0x08006e38   0x0000002e   Code   RO         1534    .text               mf_w.l(dscalb.o)
    0x08006e66   0x08006e66   0x00000030   Code   RO         1536    .text               mf_w.l(dfixul.o)
    0x08006e96   0x08006e96   0x00000002   PAD
    0x08006e98   0x08006e98   0x00000030   Code   RO         1538    .text               mf_w.l(cdrcmple.o)
    0x08006ec8   0x08006ec8   0x00000024   Code   RO         1540    .text               mc_w.l(init.o)
    0x08006eec   0x08006eec   0x000000a2   Code   RO         1542    .text               mf_w.l(dsqrt.o)
    0x08006f8e   0x08006f8e   0x00000056   Code   RO         1552    .text               mc_w.l(__dczerorl2.o)
    0x08006fe4   0x08006fe4   0x00000020   Code   RO         1395    i.__0printf         mc_w.l(printfa.o)
    0x08007004   0x08007004   0x00000028   Code   RO         1485    i.__ARM_fpclassify  m_ws.l(fpclassify.o)
    0x0800702c   0x0800702c   0x000000aa   Code   RO         1487    i.__kernel_poly     m_ws.l(poly.o)
    0x080070d6   0x080070d6   0x00000006   Code   RO         1472    i.__mathlib_dbl_infnan  m_ws.l(dunder.o)
    0x080070dc   0x080070dc   0x00000004   Code   RO         1473    i.__mathlib_dbl_infnan2  m_ws.l(dunder.o)
    0x080070e0   0x080070e0   0x0000000c   Code   RO         1474    i.__mathlib_dbl_invalid  m_ws.l(dunder.o)
    0x080070ec   0x080070ec   0x00000010   Code   RO         1477    i.__mathlib_dbl_underflow  m_ws.l(dunder.o)
    0x080070fc   0x080070fc   0x0000000e   Code   RO         1546    i.__scatterload_copy  mc_w.l(handlers.o)
    0x0800710a   0x0800710a   0x00000002   Code   RO         1547    i.__scatterload_null  mc_w.l(handlers.o)
    0x0800710c   0x0800710c   0x0000000e   Code   RO         1548    i.__scatterload_zeroinit  mc_w.l(handlers.o)
    0x0800711a   0x0800711a   0x00000002   PAD
    0x0800711c   0x0800711c   0x0000000c   Code   RO         1524    i.__set_errno       mc_w.l(errno.o)
    0x08007128   0x08007128   0x00000184   Code   RO         1402    i._fp_digits        mc_w.l(printfa.o)
    0x080072ac   0x080072ac   0x000006dc   Code   RO         1403    i._printf_core      mc_w.l(printfa.o)
    0x08007988   0x08007988   0x00000024   Code   RO         1404    i._printf_post_padding  mc_w.l(printfa.o)
    0x080079ac   0x080079ac   0x0000002e   Code   RO         1405    i._printf_pre_padding  mc_w.l(printfa.o)
    0x080079da   0x080079da   0x00000002   PAD
    0x080079dc   0x080079dc   0x00000270   Code   RO         1136    i.asin              m_ws.l(asin.o)
    0x08007c4c   0x08007c4c   0x00000220   Code   RO         1462    i.atan              m_ws.l(atan.o)
    0x08007e6c   0x08007e6c   0x00000180   Code   RO         1146    i.atan2             m_ws.l(atan2.o)
    0x08007fec   0x08007fec   0x0000004c   Code   RO         1491    i.sqrt              m_ws.l(sqrt.o)
    0x08008038   0x08008038   0x00000818   Data   RO          396    .constdata          oled.o
    0x08008850   0x08008850   0x00000050   Data   RO          499    .constdata          inv_mpu.o
    0x080088a0   0x080088a0   0x00000bf6   Data   RO          536    .constdata          inv_mpu_dmp_motion_driver.o
    0x08009496   0x08009496   0x00000002   PAD
    0x08009498   0x08009498   0x00000050   Data   RO         1137    .constdata          m_ws.l(asin.o)
    0x080094e8   0x080094e8   0x00000098   Data   RO         1463    .constdata          m_ws.l(atan.o)
    0x08009580   0x08009580   0x00000008   Data   RO         1489    .constdata          m_ws.l(qnan.o)
    0x08009588   0x08009588   0x0000004d   Data   RO          500    .conststring        inv_mpu.o
    0x080095d5   0x080095d5   0x00000003   PAD
    0x080095d8   0x080095d8   0x00000020   Data   RO         1544    Region$$Table       anon$$obj.o


    Execution Region RW_IRAM1 (Exec base: 0x20000000, Load base: 0x080095f8, Size: 0x00000868, Max: 0x00010000, ABSOLUTE, COMPRESSED[0x000001a0])

    Exec Addr    Load Addr    Size         Type   Attr      Idx    E Section Name        Object

    0x20000000   COMPRESSED   0x0000001c   Data   RW            5    .data               main.o
    0x2000001c   COMPRESSED   0x00000014   Data   RW          230    .data               system_stm32f10x.o
    0x20000030   COMPRESSED   0x00000004   Data   RW          260    .data               delay.o
    0x20000034   COMPRESSED   0x00000005   Data   RW          315    .data               usart.o
    0x20000039   COMPRESSED   0x00000003   PAD
    0x2000003c   COMPRESSED   0x00000004   Data   RW          346    .data               led.o
    0x20000040   COMPRESSED   0x00000001   Data   RW          371    .data               key.o
    0x20000041   COMPRESSED   0x00000380   Data   RW          397    .data               oled.o
    0x200003c1   COMPRESSED   0x00000003   PAD
    0x200003c4   COMPRESSED   0x00000035   Data   RW          501    .data               inv_mpu.o
    0x200003f9   COMPRESSED   0x00000014   Data   RW          969    .data               stm32f10x_rcc.o
    0x2000040d   COMPRESSED   0x00000003   PAD
    0x20000410   COMPRESSED   0x00000004   Data   RW         1525    .data               mc_w.l(errno.o)
    0x20000414        -       0x00000040   Zero   RW          314    .bss                usart.o
    0x20000454        -       0x00000010   Zero   RW          535    .bss                inv_mpu_dmp_motion_driver.o
    0x20000464   COMPRESSED   0x00000004   PAD
    0x20000468        -       0x00000400   Zero   RW          574    STACK               startup_stm32f10x_hd.o


==============================================================================

Image component sizes


      Code (inc. data)   RO Data    RW Data    ZI Data      Debug   Object Name

       212         18          0          4          0       1023   delay.o
      8840        198        157         53          0      23973   inv_mpu.o
      3440        126       3062          0         16      15411   inv_mpu_dmp_motion_driver.o
        88         12          0          1          0        720   key.o
       100         16          0          4          0        693   led.o
       676        130          0         28          0     253806   main.o
       220         22          0          0          0       1785   misc.o
       872         18          0          0          0       4367   mpu6050.o
       580         14          0          0          0       2054   mpuiic.o
      3092         34       2072        896          0      10267   oled.o
        36          8        304          0       1024        776   startup_stm32f10x_hd.o
       860         38          0          0          0       5717   stm32f10x_gpio.o
        26          0          0          0          0       1182   stm32f10x_it.o
       932         36          0         20          0       8884   stm32f10x_rcc.o
      3610         88          0          0          0      22824   stm32f10x_tim.o
      1032         22          0          0          0       8440   stm32f10x_usart.o
        38          0          0          0          0        497   sys.o
       480         38          0         20          0       1715   system_stm32f10x.o
       108         14          0          0          0        724   timer.o
       292         16          0          5         64       3059   usart.o

    ----------------------------------------------------------------------
     25540        848       5632       1040       1108     367917   Object Totals
         0          0         32          0          0          0   (incl. Generated)
         6          0          5          9          4          0   (incl. Padding)

    ----------------------------------------------------------------------

      Code (inc. data)   RO Data    RW Data    ZI Data      Debug   Library Member Name

       624         52         80          0          0        168   asin.o
       544         70        152          0          0        124   atan.o
       384         38          0          0          0        144   atan2.o
        38          6          0          0          0        272   dunder.o
        40          0          0          0          0         68   fpclassify.o
       170          0          0          0          0         96   poly.o
         0          0          8          0          0          0   qnan.o
        76          0          0          0          0         84   sqrt.o
        86          0          0          0          0          0   __dczerorl2.o
         0          0          0          0          0          0   entry.o
         0          0          0          0          0          0   entry10a.o
         0          0          0          0          0          0   entry11a.o
         8          4          0          0          0          0   entry2.o
         4          0          0          0          0          0   entry5.o
         0          0          0          0          0          0   entry7b.o
         0          0          0          0          0          0   entry8b.o
         8          4          0          0          0          0   entry9a.o
        12          6          0          4          0         68   errno.o
        30          0          0          0          0          0   handlers.o
        36          8          0          0          0         68   init.o
         0          0          0          0          0          0   iusefp.o
        98          0          0          0          0         84   ldiv.o
        30          0          0          0          0         68   llshl.o
        36          0          0          0          0         68   llsshr.o
        32          0          0          0          0         68   llushr.o
        26          0          0          0          0         80   memcmp.o
        36          0          0          0          0        108   memseta.o
      2258         90          0          0          0        452   printfa.o
        44          0          0          0          0         80   uidiv.o
        98          0          0          0          0         92   uldiv.o
        48          0          0          0          0         68   cdcmple.o
        48          0          0          0          0         68   cdrcmple.o
        20          0          0          0          0         68   cfcmple.o
        20          0          0          0          0         68   cfrcmple.o
        56          0          0          0          0         88   d2f.o
       334          0          0          0          0        148   dadd.o
       222          0          0          0          0        100   ddiv.o
       186          0          0          0          0        176   depilogue.o
        62          0          0          0          0         80   dfixi.o
        50          0          0          0          0         76   dfixui.o
        48          0          0          0          0         68   dfixul.o
        34          0          0          0          0         76   dflti.o
        26          0          0          0          0         76   dfltui.o
       228          0          0          0          0         96   dmul.o
        46          0          0          0          0         80   dscalb.o
       162          0          0          0          0        100   dsqrt.o
        38          0          0          0          0         68   f2d.o
       176          0          0          0          0        140   fadd.o
       124          0          0          0          0         88   fdiv.o
       110          0          0          0          0        168   fepilogue.o
        50          0          0          0          0         68   ffixi.o
        40          0          0          0          0         68   ffixui.o
        18          0          0          0          0         68   fflti.o
        10          0          0          0          0         68   ffltui.o
       100          0          0          0          0         76   fmul.o

    ----------------------------------------------------------------------
      6980        278        240          4          0       4440   Library Totals
         6          0          0          0          0          0   (incl. Padding)

    ----------------------------------------------------------------------

      Code (inc. data)   RO Data    RW Data    ZI Data      Debug   Library Name

      1876        166        240          0          0        956   m_ws.l
      2842        112          0          4          0       1236   mc_w.l
      2256          0          0          0          0       2248   mf_w.l

    ----------------------------------------------------------------------
      6980        278        240          4          0       4440   Library Totals

    ----------------------------------------------------------------------

==============================================================================


      Code (inc. data)   RO Data    RW Data    ZI Data      Debug   

     32520       1126       5872       1044       1108     368429   Grand Totals
     32520       1126       5872        416       1108     368429   ELF Image Totals (compressed)
     32520       1126       5872        416          0          0   ROM Totals

==============================================================================

    Total RO  Size (Code + RO Data)                38392 (  37.49kB)
    Total RW  Size (RW Data + ZI Data)              2152 (   2.10kB)
    Total ROM Size (Code + RO Data + RW Data)      38808 (  37.90kB)

==============================================================================

