Component: ARM Compiler 5.06 update 6 (build 750) Tool: armlink [4d35ed]

==============================================================================

Section Cross References

    startup_stm32f407xx.o(RESET) refers to startup_stm32f407xx.o(STACK) for __initial_sp
    startup_stm32f407xx.o(RESET) refers to startup_stm32f407xx.o(.text) for Reset_Handler
    startup_stm32f407xx.o(RESET) refers to stm32f4xx_it.o(i.NMI_Handler) for NMI_Handler
    startup_stm32f407xx.o(RESET) refers to stm32f4xx_it.o(i.HardFault_Handler) for HardFault_Handler
    startup_stm32f407xx.o(RESET) refers to stm32f4xx_it.o(i.MemManage_Handler) for MemManage_Handler
    startup_stm32f407xx.o(RESET) refers to stm32f4xx_it.o(i.BusFault_Handler) for BusFault_Handler
    startup_stm32f407xx.o(RESET) refers to stm32f4xx_it.o(i.UsageFault_Handler) for UsageFault_Handler
    startup_stm32f407xx.o(RESET) refers to port.o(.emb_text) for SVC_Handler
    startup_stm32f407xx.o(RESET) refers to stm32f4xx_it.o(i.DebugMon_Handler) for DebugMon_Handler
    startup_stm32f407xx.o(RESET) refers to port.o(i.SysTick_Handler) for SysTick_Handler
    startup_stm32f407xx.o(RESET) refers to stm32f4xx_it.o(i.DMA1_Stream0_IRQHandler) for DMA1_Stream0_IRQHandler
    startup_stm32f407xx.o(RESET) refers to stm32f4xx_it.o(i.DMA1_Stream1_IRQHandler) for DMA1_Stream1_IRQHandler
    startup_stm32f407xx.o(RESET) refers to stm32f4xx_it.o(i.DMA1_Stream2_IRQHandler) for DMA1_Stream2_IRQHandler
    startup_stm32f407xx.o(RESET) refers to stm32f4xx_it.o(i.DMA1_Stream3_IRQHandler) for DMA1_Stream3_IRQHandler
    startup_stm32f407xx.o(RESET) refers to stm32f4xx_it.o(i.DMA1_Stream5_IRQHandler) for DMA1_Stream5_IRQHandler
    startup_stm32f407xx.o(RESET) refers to stm32f4xx_it.o(i.TIM2_IRQHandler) for TIM2_IRQHandler
    startup_stm32f407xx.o(RESET) refers to stm32f4xx_it.o(i.TIM3_IRQHandler) for TIM3_IRQHandler
    startup_stm32f407xx.o(RESET) refers to stm32f4xx_it.o(i.TIM4_IRQHandler) for TIM4_IRQHandler
    startup_stm32f407xx.o(RESET) refers to stm32f4xx_it.o(i.USART1_IRQHandler) for USART1_IRQHandler
    startup_stm32f407xx.o(RESET) refers to stm32f4xx_it.o(i.USART2_IRQHandler) for USART2_IRQHandler
    startup_stm32f407xx.o(RESET) refers to stm32f4xx_it.o(i.USART3_IRQHandler) for USART3_IRQHandler
    startup_stm32f407xx.o(RESET) refers to stm32f4xx_it.o(i.TIM5_IRQHandler) for TIM5_IRQHandler
    startup_stm32f407xx.o(RESET) refers to stm32f4xx_it.o(i.UART4_IRQHandler) for UART4_IRQHandler
    startup_stm32f407xx.o(RESET) refers to stm32f4xx_it.o(i.UART5_IRQHandler) for UART5_IRQHandler
    startup_stm32f407xx.o(RESET) refers to stm32f4xx_it.o(i.TIM6_DAC_IRQHandler) for TIM6_DAC_IRQHandler
    startup_stm32f407xx.o(RESET) refers to stm32f4xx_it.o(i.TIM7_IRQHandler) for TIM7_IRQHandler
    startup_stm32f407xx.o(RESET) refers to stm32f4xx_it.o(i.DMA2_Stream1_IRQHandler) for DMA2_Stream1_IRQHandler
    startup_stm32f407xx.o(RESET) refers to stm32f4xx_it.o(i.DMA2_Stream2_IRQHandler) for DMA2_Stream2_IRQHandler
    startup_stm32f407xx.o(RESET) refers to stm32f4xx_it.o(i.OTG_FS_IRQHandler) for OTG_FS_IRQHandler
    startup_stm32f407xx.o(RESET) refers to stm32f4xx_it.o(i.DMA2_Stream6_IRQHandler) for DMA2_Stream6_IRQHandler
    startup_stm32f407xx.o(RESET) refers to stm32f4xx_it.o(i.DMA2_Stream7_IRQHandler) for DMA2_Stream7_IRQHandler
    startup_stm32f407xx.o(RESET) refers to stm32f4xx_it.o(i.USART6_IRQHandler) for USART6_IRQHandler
    startup_stm32f407xx.o(.text) refers to system_stm32f4xx.o(i.SystemInit) for SystemInit
    startup_stm32f407xx.o(.text) refers to entry.o(.ARM.Collect$$$$00000000) for __main
    soft_user.o(i.Camera_Color_Find_do) refers to soft_user.o(i.Usart_SendString) for Usart_SendString
    soft_user.o(i.Camera_QuickMark_do) refers to soft_user.o(i.Usart_SendString) for Usart_SendString
    soft_user.o(i.Camera_color_circle_location) refers to soft_user.o(i.Usart_SendString) for Usart_SendString
    soft_user.o(i.Camera_die) refers to soft_user.o(i.Usart_SendString) for Usart_SendString
    soft_user.o(i.GM65_work) refers to stm32f4xx_hal_uart.o(i.HAL_UART_Transmit) for HAL_UART_Transmit
    soft_user.o(i.GM65_work) refers to usart.o(.bss) for huart6
    soft_user.o(i.HAL_ADC_MspDeInit) refers to stm32f4xx_hal_gpio.o(i.HAL_GPIO_DeInit) for HAL_GPIO_DeInit
    soft_user.o(i.HAL_ADC_MspDeInit) refers to stm32f4xx_hal_dma.o(i.HAL_DMA_DeInit) for HAL_DMA_DeInit
    soft_user.o(i.HAL_ADC_MspDeInit) refers to stm32f4xx_hal_cortex.o(i.HAL_NVIC_DisableIRQ) for HAL_NVIC_DisableIRQ
    soft_user.o(i.HAL_ADC_MspInit) refers to memseta.o(.text) for __aeabi_memclr4
    soft_user.o(i.HAL_ADC_MspInit) refers to stm32f4xx_hal_gpio.o(i.HAL_GPIO_Init) for HAL_GPIO_Init
    soft_user.o(i.HAL_ADC_MspInit) refers to stm32f4xx_hal_dma.o(i.HAL_DMA_Init) for HAL_DMA_Init
    soft_user.o(i.HAL_ADC_MspInit) refers to main.o(i.Error_Handler) for Error_Handler
    soft_user.o(i.HAL_ADC_MspInit) refers to stm32f4xx_hal_cortex.o(i.HAL_NVIC_SetPriority) for HAL_NVIC_SetPriority
[...]
    USBD_LL_StallEP                          0x08007f97   Thumb Code    38  usbd_conf.o(i.USBD_LL_StallEP)
    USBD_LL_Start                            0x08007fbd   Thumb Code    30  usbd_conf.o(i.USBD_LL_Start)
    USBD_LL_Suspend                          0x08007fdb   Thumb Code    20  usbd_core.o(i.USBD_LL_Suspend)
    USBD_LL_Transmit                         0x08007fef   Thumb Code    48  usbd_conf.o(i.USBD_LL_Transmit)
    USBD_ParseSetupRequest                   0x0800801f   Thumb Code    54  usbd_ctlreq.o(i.USBD_ParseSetupRequest)
    USBD_RegisterClass                       0x08008055   Thumb Code    72  usbd_core.o(i.USBD_RegisterClass)
    USBD_RunTestMode                         0x0800809d   Thumb Code     6  usbd_core.o(i.USBD_RunTestMode)
    USBD_SetClassConfig                      0x080080fd   Thumb Code    32  usbd_core.o(i.USBD_SetClassConfig)
    USBD_Start                               0x08008259   Thumb Code    12  usbd_core.o(i.USBD_Start)
    USBD_StdDevReq                           0x08008265   Thumb Code   174  usbd_ctlreq.o(i.USBD_StdDevReq)
    USBD_StdEPReq                            0x08008313   Thumb Code   640  usbd_ctlreq.o(i.USBD_StdEPReq)
    USBD_StdItfReq                           0x08008593   Thumb Code   174  usbd_ctlreq.o(i.USBD_StdItfReq)
    USBD_static_free                         0x08008641   Thumb Code     2  usbd_conf.o(i.USBD_static_free)
    USBD_static_malloc                       0x08008645   Thumb Code     6  usbd_conf.o(i.USBD_static_malloc)
    USB_ActivateEndpoint                     0x08008651   Thumb Code   202  stm32f4xx_ll_usb.o(i.USB_ActivateEndpoint)
    USB_ActivateSetup                        0x08008721   Thumb Code    40  stm32f4xx_ll_usb.o(i.USB_ActivateSetup)
    USB_CoreInit                             0x08008749   Thumb Code   128  stm32f4xx_ll_usb.o(i.USB_CoreInit)
    USB_DeactivateEndpoint                   0x08008819   Thumb Code   318  stm32f4xx_ll_usb.o(i.USB_DeactivateEndpoint)
    USB_DevConnect                           0x08008965   Thumb Code    36  stm32f4xx_ll_usb.o(i.USB_DevConnect)
    USB_DevDisconnect                        0x08008989   Thumb Code    36  stm32f4xx_ll_usb.o(i.USB_DevDisconnect)
    USB_DevInit                              0x080089ad   Thumb Code   472  stm32f4xx_ll_usb.o(i.USB_DevInit)
    USB_DisableGlobalInt                     0x08008b8d   Thumb Code    14  stm32f4xx_ll_usb.o(i.USB_DisableGlobalInt)
    USB_EP0StartXfer                         0x08008b9d   Thumb Code   468  stm32f4xx_ll_usb.o(i.USB_EP0StartXfer)
    USB_EP0_OutStart                         0x08008d75   Thumb Code   106  stm32f4xx_ll_usb.o(i.USB_EP0_OutStart)
    USB_EPClearStall                         0x08008de5   Thumb Code   142  stm32f4xx_ll_usb.o(i.USB_EPClearStall)
    USB_EPSetStall                           0x08008e73   Thumb Code   154  stm32f4xx_ll_usb.o(i.USB_EPSetStall)
    USB_EPStartXfer                          0x08008f0d   Thumb Code   832  stm32f4xx_ll_usb.o(i.USB_EPStartXfer)
    USB_EnableGlobalInt                      0x08009251   Thumb Code    14  stm32f4xx_ll_usb.o(i.USB_EnableGlobalInt)
    USB_FlushRxFifo                          0x08009261   Thumb Code    38  stm32f4xx_ll_usb.o(i.USB_FlushRxFifo)
    USB_FlushTxFifo                          0x0800928d   Thumb Code    44  stm32f4xx_ll_usb.o(i.USB_FlushTxFifo)
    USB_GetDevSpeed                          0x080092bd   Thumb Code    38  stm32f4xx_ll_usb.o(i.USB_GetDevSpeed)
    USB_GetMode                              0x080092e3   Thumb Code    10  stm32f4xx_ll_usb.o(i.USB_GetMode)
    USB_ReadDevAllInEpInterrupt              0x080092ed   Thumb Code    20  stm32f4xx_ll_usb.o(i.USB_ReadDevAllInEpInterrupt)
    USB_ReadDevAllOutEpInterrupt             0x08009301   Thumb Code    20  stm32f4xx_ll_usb.o(i.USB_ReadDevAllOutEpInterrupt)
    USB_ReadDevInEPInterrupt                 0x08009315   Thumb Code    50  stm32f4xx_ll_usb.o(i.USB_ReadDevInEPInterrupt)
    USB_ReadDevOutEPInterrupt                0x08009347   Thumb Code    26  stm32f4xx_ll_usb.o(i.USB_ReadDevOutEPInterrupt)
    USB_ReadInterrupts                       0x08009361   Thumb Code    10  stm32f4xx_ll_usb.o(i.USB_ReadInterrupts)
    USB_ReadPacket                           0x0800936b   Thumb Code    34  stm32f4xx_ll_usb.o(i.USB_ReadPacket)
    USB_SetCurrentMode                       0x0800938d   Thumb Code    54  stm32f4xx_ll_usb.o(i.USB_SetCurrentMode)
    USB_SetDevAddress                        0x080093c3   Thumb Code    42  stm32f4xx_ll_usb.o(i.USB_SetDevAddress)
    USB_SetDevSpeed                          0x080093ed   Thumb Code    18  stm32f4xx_ll_usb.o(i.USB_SetDevSpeed)
    USB_SetTurnaroundTime                    0x08009401   Thumb Code   192  stm32f4xx_ll_usb.o(i.USB_SetTurnaroundTime)
    USB_WritePacket                          0x080094e9   Thumb Code    60  stm32f4xx_ll_usb.o(i.USB_WritePacket)
    Uart5_LCD_send_task                      0x08009525   Thumb Code   272  soft_user.o(i.Uart5_LCD_send_task)
    Uart5_LCD_show_Angle                     0x0800972d   Thumb Code    68  soft_user.o(i.Uart5_LCD_show_Angle)
    Uart5_LCD_show_QR                        0x08009791   Thumb Code    62  soft_user.o(i.Uart5_LCD_show_QR)
    Uart5_LCD_show_X_Y                       0x080097f5   Thumb Code    72  soft_user.o(i.Uart5_LCD_show_X_Y)
    Uart5_LCD_show_string                    0x08009869   Thumb Code    70  soft_user.o(i.Uart5_LCD_show_string)
    UsageFault_Handler                       0x080098cd   Thumb Code     4  stm32f4xx_it.o(i.UsageFault_Handler)
    Usart_SendAll                            0x080098d1   Thumb Code    34  soft_user.o(i.Usart_SendAll)
    Usart_SendByte                           0x080098f3   Thumb Code    18  soft_user.o(i.Usart_SendByte)
    Usart_SendString                         0x08009905   Thumb Code    32  soft_user.o(i.Usart_SendString)
    Wit_HWT101_date_deal                     0x08009929   Thumb Code   184  jy61.o(i.Wit_HWT101_date_deal)
    __0printf                                0x080099f9   Thumb Code    22  printfa.o(i.__0printf)
    __1printf                                0x080099f9   Thumb Code     0  printfa.o(i.__0printf)
    __2printf                                0x080099f9   Thumb Code     0  printfa.o(i.__0printf)
    __c89printf                              0x080099f9   Thumb Code     0  printfa.o(i.__0printf)
    printf                                   0x080099f9   Thumb Code     0  printfa.o(i.__0printf)
    __0sprintf                               0x08009a19   Thumb Code    34  printfa.o(i.__0sprintf)
    __1sprintf                               0x08009a19   Thumb Code     0  printfa.o(i.__0sprintf)
    __2sprintf                               0x08009a19   Thumb Code     0  printfa.o(i.__0sprintf)
    __c89sprintf                             0x08009a19   Thumb Code     0  printfa.o(i.__0sprintf)
    sprintf                                  0x08009a19   Thumb Code     0  printfa.o(i.__0sprintf)
    __0vsnprintf                             0x08009a41   Thumb Code    40  printfa.o(i.__0vsnprintf)
    __1vsnprintf                             0x08009a41   Thumb Code     0  printfa.o(i.__0vsnprintf)
    __2vsnprintf                             0x08009a41   Thumb Code     0  printfa.o(i.__0vsnprintf)
    __c89vsnprintf                           0x08009a41   Thumb Code     0  printfa.o(i.__0vsnprintf)
    vsnprintf                                0x08009a41   Thumb Code     0  printfa.o(i.__0vsnprintf)
    __ARM_fpclassify                         0x08009a6d   Thumb Code    48  fpclassify.o(i.__ARM_fpclassify)
    __hardfp_sin                             0x08009ad9   Thumb Code   180  sin.o(i.__hardfp_sin)
    __ieee754_rem_pio2                       0x08009ba1   Thumb Code   938  rred.o(i.__ieee754_rem_pio2)
    __kernel_cos                             0x08009fd9   Thumb Code   322  cos_i.o(i.__kernel_cos)
    __kernel_poly                            0x0800a149   Thumb Code   248  poly.o(i.__kernel_poly)
    __kernel_sin                             0x0800a241   Thumb Code   280  sin_i.o(i.__kernel_sin)
    __mathlib_dbl_infnan                     0x0800a371   Thumb Code    20  dunder.o(i.__mathlib_dbl_infnan)
    __mathlib_dbl_invalid                    0x0800a389   Thumb Code    24  dunder.o(i.__mathlib_dbl_invalid)
    __mathlib_dbl_underflow                  0x0800a3a9   Thumb Code    24  dunder.o(i.__mathlib_dbl_underflow)
    __scatterload_copy                       0x0800a3c9   Thumb Code    14  handlers.o(i.__scatterload_copy)
    __scatterload_null                       0x0800a3d7   Thumb Code     2  handlers.o(i.__scatterload_null)
    __scatterload_zeroinit                   0x0800a3d9   Thumb Code    14  handlers.o(i.__scatterload_zeroinit)
    __set_errno                              0x0800a3e9   Thumb Code     6  errno.o(i.__set_errno)
    advance_angle                            0x0800acc9   Thumb Code   282  pid.o(i.advance_angle)
    advance_angle_distance                   0x0800ae05   Thumb Code   620  pid.o(i.advance_angle_distance)
    crosswise_angle                          0x0800b0a9   Thumb Code   286  pid.o(i.crosswise_angle)
    crosswise_angle_distance                 0x0800b1e5   Thumb Code   664  pid.o(i.crosswise_angle_distance)
    dert                                     0x0800b4b1   Thumb Code   110  pid.o(i.dert)
    deubg_Task                               0x0800b52d   Thumb Code   112  freertos.o(i.deubg_Task)
    direction_Set                            0x0800b5cd   Thumb Code   392  pid.o(i.direction_Set)
    direction_Set_biu                        0x0800b781   Thumb Code   302  pid.o(i.direction_Set_biu)
    doing_Task                               0x0800b8cd   Thumb Code 14180  freertos.o(i.doing_Task)
    fabs                                     0x0800f059   Thumb Code    24  fabs.o(i.fabs)
    fputc                                    0x0800f071   Thumb Code    20  soft_user.o(i.fputc)
    key_Task                                 0x0800f089   Thumb Code   250  freertos.o(i.key_Task)
    led_Task                                 0x0800f199   Thumb Code    34  freertos.o(i.led_Task)
    main                                     0x0800f1c1   Thumb Code   376  main.o(i.main)
    motor_tim_config                         0x0800f38d   Thumb Code   152  motor_ctrl.o(i.motor_tim_config)
    oled_Task                                0x0800f445   Thumb Code   142  freertos.o(i.oled_Task)
    osDelay                                  0x0800f4ed   Thumb Code    24  cmsis_os.o(i.osDelay)
    osKernelStart                            0x0800f505   Thumb Code    10  cmsis_os.o(i.osKernelStart)
    osThreadCreate                           0x0800f50f   Thumb Code    94  cmsis_os.o(i.osThreadCreate)
    pid_Task                                 0x0800f56d   Thumb Code   110  freertos.o(i.pid_Task)
    pid_do                                   0x0800f5e5   Thumb Code   308  pid.o(i.pid_do)
    pvPortMalloc                             0x0800fda5   Thumb Code   296  heap_4.o(i.pvPortMalloc)
    pvTaskIncrementMutexHeldCount            0x0800fee1   Thumb Code    26  tasks.o(i.pvTaskIncrementMutexHeldCount)
    pxPortInitialiseStack                    0x0800ff01   Thumb Code    38  port.o(i.pxPortInitialiseStack)
    servo_Task                               0x0800ff2d   Thumb Code   250  freertos.o(i.servo_Task)
    servo_all_move                           0x08010039   Thumb Code    24  servo.o(i.servo_all_move)
    speed_CTRL                               0x08010055   Thumb Code    52  pid.o(i.speed_CTRL)
    speed_Task                               0x08010091   Thumb Code   212  freertos.o(i.speed_Task)
    speed_ctrl                               0x08010185   Thumb Code   132  motor_ctrl.o(i.speed_ctrl)
    usart_Task                               0x08010211   Thumb Code  1132  freertos.o(i.usart_Task)
    usb_Task                                 0x08010689   Thumb Code    50  freertos.o(i.usb_Task)
    usb_printf                               0x080106c5   Thumb Code    42  usb_user.o(i.usb_printf)
    usb_vbc_Receive                          0x080106f5   Thumb Code   146  usb_user.o(i.usb_vbc_Receive)
    uxListRemove                             0x08010791   Thumb Code    40  list.o(i.uxListRemove)
    vApplicationGetIdleTaskMemory            0x080107b9   Thumb Code    14  freertos.o(i.vApplicationGetIdleTaskMemory)
    vListInitialise                          0x080107d1   Thumb Code    26  list.o(i.vListInitialise)
    vListInitialiseItem                      0x080107eb   Thumb Code     6  list.o(i.vListInitialiseItem)
    vListInsert                              0x080107f1   Thumb Code    52  list.o(i.vListInsert)
    vListInsertEnd                           0x08010825   Thumb Code    24  list.o(i.vListInsertEnd)
    vPortEnterCritical                       0x0801083d   Thumb Code    76  port.o(i.vPortEnterCritical)
    vPortExitCritical                        0x08010891   Thumb Code    56  port.o(i.vPortExitCritical)
    vPortFree                                0x080108cd   Thumb Code   140  heap_4.o(i.vPortFree)
    vPortSetupTimerInterrupt                 0x08010961   Thumb Code    36  port.o(i.vPortSetupTimerInterrupt)
    vPortValidateInterruptPriority           0x08010989   Thumb Code   106  port.o(i.vPortValidateInterruptPriority)
    vTaskDelay                               0x08010a01   Thumb Code    82  tasks.o(i.vTaskDelay)
    vTaskInternalSetTimeOutState             0x08010a5d   Thumb Code    14  tasks.o(i.vTaskInternalSetTimeOutState)
    vTaskMissedYield                         0x08010a75   Thumb Code     8  tasks.o(i.vTaskMissedYield)
    vTaskPlaceOnEventList                    0x08010a81   Thumb Code    52  tasks.o(i.vTaskPlaceOnEventList)
    vTaskPriorityDisinheritAfterTimeout      0x08010ab9   Thumb Code   230  tasks.o(i.vTaskPriorityDisinheritAfterTimeout)
    vTaskResume                              0x08010bad   Thumb Code   128  tasks.o(i.vTaskResume)
    vTaskStartScheduler                      0x08010c3d   Thumb Code   146  tasks.o(i.vTaskStartScheduler)
    vTaskSuspend                             0x08010ced   Thumb Code   210  tasks.o(i.vTaskSuspend)
    vTaskSuspendAll                          0x08010de1   Thumb Code    12  tasks.o(i.vTaskSuspendAll)
    vTaskSwitchContext                       0x08010df1   Thumb Code   118  tasks.o(i.vTaskSwitchContext)
    xPortStartScheduler                      0x08010e7d   Thumb Code   330  port.o(i.xPortStartScheduler)
    xQueueGenericCreate                      0x08010fe5   Thumb Code    96  queue.o(i.xQueueGenericCreate)
    xQueueGenericReset                       0x08011045   Thumb Code   146  queue.o(i.xQueueGenericReset)
    xQueueGenericSend                        0x080110dd   Thumb Code   420  queue.o(i.xQueueGenericSend)
    xQueueGiveFromISR                        0x08011285   Thumb Code   224  queue.o(i.xQueueGiveFromISR)
    xQueueReceive                            0x08011365   Thumb Code   356  queue.o(i.xQueueReceive)
    xQueueSemaphoreTake                      0x080114cd   Thumb Code   434  queue.o(i.xQueueSemaphoreTake)
    xTaskCheckForTimeOut                     0x08011685   Thumb Code   132  tasks.o(i.xTaskCheckForTimeOut)
    xTaskCreate                              0x08011711   Thumb Code   100  tasks.o(i.xTaskCreate)
    xTaskCreateStatic                        0x08011775   Thumb Code   186  tasks.o(i.xTaskCreateStatic)
    xTaskGetSchedulerState                   0x08011831   Thumb Code    24  tasks.o(i.xTaskGetSchedulerState)
    xTaskIncrementTick                       0x08011851   Thumb Code   282  tasks.o(i.xTaskIncrementTick)
    xTaskPriorityDisinherit                  0x08011999   Thumb Code   188  tasks.o(i.xTaskPriorityDisinherit)
    xTaskPriorityInherit                     0x08011a61   Thumb Code   186  tasks.o(i.xTaskPriorityInherit)
    xTaskRemoveFromEventList                 0x08011b29   Thumb Code   128  tasks.o(i.xTaskRemoveFromEventList)
    xTaskResumeAll                           0x08011bc1   Thumb Code   224  tasks.o(i.xTaskResumeAll)
    AHBPrescTable                            0x08011e1c   Data          16  system_stm32f4xx.o(.constdata)
    APBPrescTable                            0x08011e2c   Data           8  system_stm32f4xx.o(.constdata)
    Region$$Table$$Base                      0x08011ffc   Number         0  anon$$obj.o(Region$$Table)
    Region$$Table$$Limit                     0x0801201c   Number         0  anon$$obj.o(Region$$Table)
    sysTickCnt                               0x20000000   Data           4  soft_user.o(.data)
    s_cDataUpdate                            0x2000002c   Data           1  jy61.o(.data)
    s_cCmd                                   0x2000002d   Data           1  jy61.o(.data)
    abcd                                     0x20000030   Data           4  jy61.o(.data)
    pid                                      0x2000003c   Data          48  pid.o(.data)
    servo_motion                             0x200000e8   Data        1400  servo.o(.data)
    OS_status                                0x20000660   Data           1  freertos.o(.data)
    servo_sign                               0x20000661   Data           1  freertos.o(.data)
    modetime                                 0x20000662   Data           2  freertos.o(.data)
    servoUsart                               0x20000664   Data           4  freertos.o(.data)
    decode_succ                              0x20000668   Data           1  freertos.o(.data)
    Task_verify                              0x20000669   Data           1  freertos.o(.data)
    time_test                                0x2000066c   Data           8  freertos.o(.data)
    IMUdate_RX_Sem_Handle                    0x20000674   Data           4  freertos.o(.data)
    usart3_RX_Sem_Handle                     0x20000678   Data           4  freertos.o(.data)
    usart6_RX_Sem_Handle                     0x2000067c   Data           4  freertos.o(.data)
    Servo_Sem_Handle                         0x20000680   Data           4  freertos.o(.data)
    Distance_Sem_Handle                      0x20000684   Data           4  freertos.o(.data)
    key_debug_Sem_Handle                     0x20000688   Data           4  freertos.o(.data)
    key_start_Sem_Handle                     0x2000068c   Data           4  freertos.o(.data)
    key_stop_Sem_Handle                      0x20000690   Data           4  freertos.o(.data)
    Speed_Queue                              0x20000694   Data           4  freertos.o(.data)
    goal_Queue                               0x20000698   Data           4  freertos.o(.data)
    IMU_Queue                                0x2000069c   Data           4  freertos.o(.data)
    debug_Queue                              0x200006a0   Data           4  freertos.o(.data)
    angle_Queue                              0x200006a4   Data           4  freertos.o(.data)
    servo_Queue                              0x200006a8   Data           4  freertos.o(.data)
    distance_Queue                           0x200006ac   Data           4  freertos.o(.data)
    color_Queue                              0x200006b0   Data           4  freertos.o(.data)
    IDR_date_Queue                           0x200006b4   Data           4  freertos.o(.data)
    debug_Speed_Queue                        0x200006b8   Data           4  freertos.o(.data)
    defaultTaskHandle                        0x200006bc   Data           4  freertos.o(.data)
    myTask_keyHandle                         0x200006c0   Data           4  freertos.o(.data)
    myTask_ledHandle                         0x200006c4   Data           4  freertos.o(.data)
    myTask_IMUHandle                         0x200006c8   Data           4  freertos.o(.data)
    myTask_debugHandle                       0x200006cc   Data           4  freertos.o(.data)
    myTask_usbHandle                         0x200006d0   Data           4  freertos.o(.data)
    myTask_usartHandle                       0x200006d4   Data           4  freertos.o(.data)
    myTask_oledHandle                        0x200006d8   Data           4  freertos.o(.data)
    myTask_servoHandle                       0x200006dc   Data           4  freertos.o(.data)
    myTask_speedHandle                       0x200006e0   Data           4  freertos.o(.data)
    myTask_pidHandle                         0x200006e4   Data           4  freertos.o(.data)
    myTask_doingHandle                       0x200006e8   Data           4  freertos.o(.data)
    adc_vlaue                                0x200006ec   Data           4  freertos.o(.data)
    speed_debug_use                          0x200006f0   Data           8  freertos.o(.data)
    date                                     0x20000715   Data           1  stm32f4xx_it.o(.data)
    Rx_Date_Num                              0x20000718   Data           2  usb_user.o(.data)
    RX_goal_num                              0x2000071a   Data           2  usb_user.o(.data)
    Rx_status                                0x2000071c   Data           1  usb_user.o(.data)
    p                                        0x20000720   Data           4  usb_user.o(.data)
    USBD_Interface_fops_FS                   0x20000724   Data          20  usbd_cdc_if.o(.data)
    FS_Desc                                  0x20000738   Data          28  usbd_desc.o(.data)
    USBD_FS_DeviceDesc                       0x20000754   Data          18  usbd_desc.o(.data)
    USBD_LangIDDesc                          0x20000768   Data           4  usbd_desc.o(.data)
    USBD_StringSerial                        0x2000076c   Data          26  usbd_desc.o(.data)
    uwTick                                   0x20000788   Data           4  stm32f4xx_hal.o(.data)
    uwTickPrio                               0x2000078c   Data           4  stm32f4xx_hal.o(.data)
    uwTickFreq                               0x20000790   Data           1  stm32f4xx_hal.o(.data)
    SystemCoreClock                          0x20000794   Data           4  system_stm32f4xx.o(.data)
    pxCurrentTCB                             0x20000798   Data           4  tasks.o(.data)
    USBD_CDC                                 0x20000808   Data          56  usbd_cdc.o(.data)
    __stdout                                 0x20000888   Data           4  stdout.o(.data)
    hadc1                                    0x20000890   Data          72  soft_user.o(.bss)
    hdma_adc1                                0x200008d8   Data          96  soft_user.o(.bss)
    usart4SendBuf                            0x20000968   Data        2049  main.o(.bss)
    usart4RecvBuf                            0x20001169   Data        2049  main.o(.bss)
    usart4SendRingBuf                        0x2000196c   Data          12  main.o(.bss)
    usart4RecvRingBuf                        0x20001978   Data          12  main.o(.bss)
    usart4                                   0x20001984   Data          12  main.o(.bss)
    debug_date                               0x20001990   Data         600  freertos.o(.bss)
    IMU_date                                 0x20001be8   Data          45  freertos.o(.bss)
    usart_3_date                             0x20001c15   Data          25  freertos.o(.bss)
    usart_6_date                             0x20001c2e   Data          22  freertos.o(.bss)
    raw                                      0x20001c44   Data        1816  freertos.o(.bss)
    htim1                                    0x200025ec   Data          64  tim.o(.bss)
    htim2                                    0x2000262c   Data          64  tim.o(.bss)
    htim3                                    0x2000266c   Data          64  tim.o(.bss)
    htim4                                    0x200026ac   Data          64  tim.o(.bss)
    htim5                                    0x200026ec   Data          64  tim.o(.bss)
    htim6                                    0x2000272c   Data          64  tim.o(.bss)
    htim9                                    0x2000276c   Data          64  tim.o(.bss)
    htim10                                   0x200027ac   Data          64  tim.o(.bss)
    htim11                                   0x200027ec   Data          64  tim.o(.bss)
    htim12                                   0x2000282c   Data          64  tim.o(.bss)
    htim13                                   0x2000286c   Data          64  tim.o(.bss)
    htim14                                   0x200028ac   Data          64  tim.o(.bss)
    huart4                                   0x200028ec   Data          64  usart.o(.bss)
    huart5                                   0x2000292c   Data          64  usart.o(.bss)
    huart1                                   0x2000296c   Data          64  usart.o(.bss)
    huart2                                   0x200029ac   Data          64  usart.o(.bss)
    huart3                                   0x200029ec   Data          64  usart.o(.bss)
    huart6                                   0x20002a2c   Data          64  usart.o(.bss)
    hdma_uart4_rx                            0x20002a6c   Data          96  usart.o(.bss)
    hdma_uart5_rx                            0x20002acc   Data          96  usart.o(.bss)
    hdma_usart1_rx                           0x20002b2c   Data          96  usart.o(.bss)
    hdma_usart1_tx                           0x20002b8c   Data          96  usart.o(.bss)
    hdma_usart2_rx                           0x20002bec   Data          96  usart.o(.bss)
    hdma_usart3_rx                           0x20002c4c   Data          96  usart.o(.bss)
    hdma_usart3_tx                           0x20002cac   Data          96  usart.o(.bss)
    hdma_usart6_rx                           0x20002d0c   Data          96  usart.o(.bss)
    hdma_usart6_tx                           0x20002d6c   Data          96  usart.o(.bss)
    htim7                                    0x20002dcc   Data          64  stm32f4xx_hal_timebase_tim.o(.bss)
    UserRxBuffer                             0x20002e0c   Data        2048  usb_user.o(.bss)
    hUsbDeviceFS                             0x2000360c   Data         732  usb_device.o(.bss)
    UserRxBufferFS                           0x200038e8   Data        2048  usbd_cdc_if.o(.bss)
    UserTxBufferFS                           0x200040e8   Data        2048  usbd_cdc_if.o(.bss)
    USBD_StrDesc                             0x200048e8   Data         512  usbd_desc.o(.bss)
    hpcd_USB_OTG_FS                          0x20004ae8   Data        1032  usbd_conf.o(.bss)
    __initial_sp                             0x2000b200   Data           0  startup_stm32f407xx.o(STACK)



==============================================================================

Memory Map of the image

  Image Entry point : 0x08000189

  Load Region LR_IROM1 (Base: 0x08000000, Size: 0x000128ac, Max: 0x00080000, ABSOLUTE, COMPRESSED[0x00012360])

    Execution Region ER_IROM1 (Exec base: 0x08000000, Load base: 0x08000000, Size: 0x0001201c, Max: 0x00080000, ABSOLUTE)

    Exec Addr    Load Addr    Size         Type   Attr      Idx    E Section Name        Object

    0x08000000   0x08000000   0x00000188   Data   RO            3    RESET               startup_stm32f407xx.o
    0x08000188   0x08000188   0x00000000   Code   RO         7843  * .ARM.Collect$$$$00000000  mc_w.l(entry.o)
    0x08000188   0x08000188   0x00000004   Code   RO         8191    .ARM.Collect$$$$00000001  mc_w.l(entry2.o)
    0x0800018c   0x0800018c   0x00000004   Code   RO         8194    .ARM.Collect$$$$00000004  mc_w.l(entry5.o)
    0x08000190   0x08000190   0x00000000   Code   RO         8196    .ARM.Collect$$$$00000008  mc_w.l(entry7b.o)
    0x08000190   0x08000190   0x00000000   Code   RO         8198    .ARM.Collect$$$$0000000A  mc_w.l(entry8b.o)
    0x08000190   0x08000190   0x00000008   Code   RO         8199    .ARM.Collect$$$$0000000B  mc_w.l(entry9a.o)
    0x08000198   0x08000198   0x00000000   Code   RO         8201    .ARM.Collect$$$$0000000D  mc_w.l(entry10a.o)
    0x08000198   0x08000198   0x00000000   Code   RO         8203    .ARM.Collect$$$$0000000F  mc_w.l(entry11a.o)
    0x08000198   0x08000198   0x00000004   Code   RO         8192    .ARM.Collect$$$$00002712  mc_w.l(entry2.o)
    0x0800019c   0x0800019c   0x000000be   Code   RO         7324    .emb_text           port.o
    0x0800025a   0x0800025a   0x00000002   PAD
    0x0800025c   0x0800025c   0x00000024   Code   RO            4    .text               startup_stm32f407xx.o
    0x08000280   0x08000280   0x00000062   Code   RO         7846    .text               mc_w.l(uldiv.o)
    0x080002e2   0x080002e2   0x00000024   Code   RO         7848    .text               mc_w.l(memcpya.o)
    0x08000306   0x08000306   0x00000024   Code   RO         7852    .text               mc_w.l(memseta.o)
    0x0800032a   0x0800032a   0x00000018   Code   RO         7854    .text               mc_w.l(strcat.o)
    0x08000342   0x08000342   0x0000000e   Code   RO         7856    .text               mc_w.l(strlen.o)
    0x08000350   0x08000350   0x00000012   Code   RO         7858    .text               mc_w.l(strcpy.o)
    0x08000362   0x08000362   0x000000e4   Code   RO         8151    .text               mf_w.l(dmul.o)
    0x08000446   0x08000446   0x000000de   Code   RO         8153    .text               mf_w.l(ddiv.o)
    0x08000524   0x08000524   0x00000022   Code   RO         8155    .text               mf_w.l(dflti.o)
    0x08000546   0x08000546   0x0000003e   Code   RO         8157    .text               mf_w.l(dfixi.o)
    0x08000584   0x08000584   0x00000026   Code   RO         8159    .text               mf_w.l(f2d.o)
    0x080005aa   0x080005aa   0x00000038   Code   RO         8161    .text               mf_w.l(d2f.o)
    0x080005e2   0x080005e2   0x0000002c   Code   RO         8206    .text               mc_w.l(uidiv.o)
    0x0800060e   0x0800060e   0x0000001e   Code   RO         8208    .text               mc_w.l(llshl.o)
    0x0800062c   0x0800062c   0x00000020   Code   RO         8210    .text               mc_w.l(llushr.o)
    0x0800064c   0x0800064c   0x00000000   Code   RO         8221    .text               mc_w.l(iusefp.o)
    0x0800064c   0x0800064c   0x0000006e   Code   RO         8222    .text               mf_w.l(fepilogue.o)
    0x080006ba   0x080006ba   0x000000ba   Code   RO         8224    .text               mf_w.l(depilogue.o)
    0x08000774   0x08000774   0x0000014e   Code   RO         8226    .text               mf_w.l(dadd.o)
    0x080008c2   0x080008c2   0x00000030   Code   RO         8230    .text               mf_w.l(dfixul.o)
    0x080008f2   0x080008f2   0x00000002   PAD
    0x080008f4   0x080008f4   0x00000030   Code   RO         8232    .text               mf_w.l(cdrcmple.o)
    0x08000924   0x08000924   0x00000024   Code   RO         8244    .text               mc_w.l(init.o)
    0x08000948   0x08000948   0x00000024   Code   RO         8246    .text               mc_w.l(llsshr.o)
    0x0800096c   0x0800096c   0x0000001a   Code   RO         8248    .text               mf_w.l(dfltui.o)
    0x08000986   0x08000986   0x00000056   Code   RO         8258    .text               mc_w.l(__dczerorl2.o)
    0x080009dc   0x080009dc   0x0000007e   Code   RO         4845    i.ADC_DMAConvCplt   stm32f4xx_hal_adc.o
    0x08000a5a   0x08000a5a   0x0000001a   Code   RO         4846    i.ADC_DMAError      stm32f4xx_hal_adc.o
    0x08000a74   0x08000a74   0x0000000e   Code   RO         4847    i.ADC_DMAHalfConvCplt  stm32f4xx_hal_adc.o
    0x08000a82   0x08000a82   0x00000002   PAD
    0x08000a84   0x08000a84   0x00000160   Code   RO         4848    i.ADC_Init          stm32f4xx_hal_adc.o
    0x08000be4   0x08000be4   0x00000004   Code   RO         1476    i.BusFault_Handler  stm32f4xx_it.o
    0x08000be8   0x08000be8   0x00000044   Code   RO         2293    i.CDC_Control_FS    usbd_cdc_if.o
    0x08000c2c   0x08000c2c   0x00000004   Code   RO         2294    i.CDC_DeInit_FS     usbd_cdc_if.o
    0x08000c30   0x08000c30   0x00000024   Code   RO         2295    i.CDC_Init_FS       usbd_cdc_if.o
    0x08000c54   0x08000c54   0x00000090   Code   RO         2296    i.CDC_Receive_FS    usbd_cdc_if.o
    0x08000ce4   0x08000ce4   0x0000000c   Code   RO         2297    i.CDC_TransmitCplt_FS  usbd_cdc_if.o
    0x08000cf0   0x08000cf0   0x00000058   Code   RO         2298    i.CDC_Transmit_FS   usbd_cdc_if.o
    0x08000d48   0x08000d48   0x00000010   Code   RO           13    i.Camera_Color_Find_do  soft_user.o
    0x08000d58   0x08000d58   0x00000010   Code   RO           15    i.Camera_color_circle_location  soft_user.o
    0x08000d68   0x08000d68   0x00000010   Code   RO           16    i.Camera_die        soft_user.o
    0x08000d78   0x08000d78   0x00000010   Code   RO         1477    i.DMA1_Stream0_IRQHandler  stm32f4xx_it.o
    0x08000d88   0x08000d88   0x00000044   Code   RO         1478    i.DMA1_Stream1_IRQHandler  stm32f4xx_it.o
    0x08000dcc   0x08000dcc   0x00000010   Code   RO         1479    i.DMA1_Stream2_IRQHandler  stm32f4xx_it.o
    0x08000ddc   0x08000ddc   0x00000010   Code   RO         1480    i.DMA1_Stream3_IRQHandler  stm32f4xx_it.o
    0x08000dec   0x08000dec   0x00000044   Code   RO         1481    i.DMA1_Stream5_IRQHandler  stm32f4xx_it.o
    0x08000e30   0x08000e30   0x00000044   Code   RO         1482    i.DMA2_Stream1_IRQHandler  stm32f4xx_it.o
    0x08000e74   0x08000e74   0x00000010   Code   RO         1483    i.DMA2_Stream2_IRQHandler  stm32f4xx_it.o
    0x08000e84   0x08000e84   0x00000010   Code   RO         1484    i.DMA2_Stream6_IRQHandler  stm32f4xx_it.o
    0x08000e94   0x08000e94   0x00000010   Code   RO         1485    i.DMA2_Stream7_IRQHandler  stm32f4xx_it.o
    0x08000ea4   0x08000ea4   0x00000034   Code   RO         2897    i.DMA_CalcBaseAndBitshift  stm32f4xx_hal_dma.o
    0x08000ed8   0x08000ed8   0x000000aa   Code   RO         2898    i.DMA_CheckFifoParam  stm32f4xx_hal_dma.o
    0x08000f82   0x08000f82   0x0000002c   Code   RO         2899    i.DMA_SetConfig     stm32f4xx_hal_dma.o
    0x08000fae   0x08000fae   0x00000002   Code   RO         1486    i.DebugMon_Handler  stm32f4xx_it.o
    0x08000fb0   0x08000fb0   0x0000039c   Code   RO          624    i.Directional_move_distance  pid.o
    0x0800134c   0x0800134c   0x00000006   Code   RO          969    i.Error_Handler     main.o
    0x08001352   0x08001352   0x00000032   Code   RO         1800    i.FSUS_CalcChecksum  fashion_star_uart_servo.o
    0x08001384   0x08001384   0x0000003a   Code   RO         1803    i.FSUS_Package2RingBuffer  fashion_star_uart_servo.o
    0x080013be   0x080013be   0x00000002   PAD
    0x080013c0   0x080013c0   0x0000007c   Code   RO         1805    i.FSUS_QueryServoAngle  fashion_star_uart_servo.o
    0x0800143c   0x0800143c   0x0000008c   Code   RO         1806    i.FSUS_QueryServoAngleMTurn  fashion_star_uart_servo.o
    0x080014c8   0x080014c8   0x00000138   Code   RO         1808    i.FSUS_RecvPackage  fashion_star_uart_servo.o
    0x08001600   0x08001600   0x0000003e   Code   RO         1811    i.FSUS_SendPackage  fashion_star_uart_servo.o
    0x0800163e   0x0800163e   0x00000002   PAD
    0x08001640   0x08001640   0x000000c0   Code   RO         1812    i.FSUS_SetServoAngle  fashion_star_uart_servo.o
    0x08001700   0x08001700   0x00000070   Code   RO         1818    i.FSUS_Wait         fashion_star_uart_servo.o
    0x08001770   0x08001770   0x00000028   Code   RO           17    i.GM65_work         soft_user.o
    0x08001798   0x08001798   0x00000034   Code   RO         2350    i.Get_SerialNum     usbd_desc.o
    0x080017cc   0x080017cc   0x0000018c   Code   RO         4850    i.HAL_ADC_ConfigChannel  stm32f4xx_hal_adc.o
    0x08001958   0x08001958   0x00000002   Code   RO         4851    i.HAL_ADC_ConvCpltCallback  stm32f4xx_hal_adc.o
    0x0800195a   0x0800195a   0x00000002   Code   RO         4852    i.HAL_ADC_ConvHalfCpltCallback  stm32f4xx_hal_adc.o
    0x0800195c   0x0800195c   0x00000002   Code   RO         4854    i.HAL_ADC_ErrorCallback  stm32f4xx_hal_adc.o
    0x0800195e   0x0800195e   0x00000002   PAD
    0x08001960   0x08001960   0x00000068   Code   RO         4859    i.HAL_ADC_Init      stm32f4xx_hal_adc.o
    0x080019c8   0x080019c8   0x000000d4   Code   RO           19    i.HAL_ADC_MspInit   soft_user.o
    0x08001a9c   0x08001a9c   0x00000184   Code   RO         4866    i.HAL_ADC_Start_DMA  stm32f4xx_hal_adc.o
    0x08001c20   0x08001c20   0x00000028   Code   RO         2901    i.HAL_DMA_Abort_IT  stm32f4xx_hal_dma.o
    0x08001c48   0x08001c48   0x00000240   Code   RO         2905    i.HAL_DMA_IRQHandler  stm32f4xx_hal_dma.o
    0x08001e88   0x08001e88   0x000000ec   Code   RO         2906    i.HAL_DMA_Init      stm32f4xx_hal_dma.o
    0x08001f74   0x08001f74   0x00000092   Code   RO         2910    i.HAL_DMA_Start_IT  stm32f4xx_hal_dma.o
    0x08002006   0x08002006   0x00000002   PAD
    0x08002008   0x08002008   0x00000028   Code   RO         3324    i.HAL_Delay         stm32f4xx_hal.o
    0x08002030   0x08002030   0x00000200   Code   RO         2793    i.HAL_GPIO_Init     stm32f4xx_hal_gpio.o
    0x08002230   0x08002230   0x0000000c   Code   RO         2797    i.HAL_GPIO_WritePin  stm32f4xx_hal_gpio.o
    0x0800223c   0x0800223c   0x0000000c   Code   RO         3330    i.HAL_GetTick       stm32f4xx_hal.o
    0x08002248   0x08002248   0x00000018   Code   RO         3336    i.HAL_IncTick       stm32f4xx_hal.o
    0x08002260   0x08002260   0x0000003c   Code   RO         3337    i.HAL_Init          stm32f4xx_hal.o
    0x0800229c   0x0800229c   0x0000008c   Code   RO         1702    i.HAL_InitTick      stm32f4xx_hal_timebase_tim.o
    0x08002328   0x08002328   0x00000054   Code   RO         1678    i.HAL_MspInit       stm32f4xx_hal_msp.o
    0x0800237c   0x0800237c   0x00000020   Code   RO         3182    i.HAL_NVIC_EnableIRQ  stm32f4xx_hal_cortex.o
    0x0800239c   0x0800239c   0x0000007c   Code   RO         3188    i.HAL_NVIC_SetPriority  stm32f4xx_hal_cortex.o
    0x08002418   0x08002418   0x00000028   Code   RO         3189    i.HAL_NVIC_SetPriorityGrouping  stm32f4xx_hal_cortex.o
    0x08002440   0x08002440   0x00000002   Code   RO         5658    i.HAL_PCDEx_LPM_Callback  stm32f4xx_hal_pcd_ex.o
    0x08002442   0x08002442   0x0000000a   Code   RO         5659    i.HAL_PCDEx_SetRxFiFo  stm32f4xx_hal_pcd_ex.o
    0x0800244c   0x0800244c   0x0000004e   Code   RO         5660    i.HAL_PCDEx_SetTxFiFo  stm32f4xx_hal_pcd_ex.o
    0x0800249a   0x0800249a   0x0000000e   Code   RO         2427    i.HAL_PCD_ConnectCallback  usbd_conf.o
    0x080024a8   0x080024a8   0x00000020   Code   RO         2428    i.HAL_PCD_DataInStageCallback  usbd_conf.o
    0x080024c8   0x080024c8   0x00000020   Code   RO         2429    i.HAL_PCD_DataOutStageCallback  usbd_conf.o
    0x080024e8   0x080024e8   0x0000000e   Code   RO         2430    i.HAL_PCD_DisconnectCallback  usbd_conf.o
    0x080024f6   0x080024f6   0x0000006a   Code   RO         5435    i.HAL_PCD_EP_Close  stm32f4xx_hal_pcd.o
    0x08002560   0x08002560   0x0000007c   Code   RO         5436    i.HAL_PCD_EP_ClrStall  stm32f4xx_hal_pcd.o
    0x080025dc   0x080025dc   0x00000016   Code   RO         5438    i.HAL_PCD_EP_GetRxCount  stm32f4xx_hal_pcd.o
    0x080025f2   0x080025f2   0x0000008c   Code   RO         5439    i.HAL_PCD_EP_Open   stm32f4xx_hal_pcd.o
    0x0800267e   0x0800267e   0x00000058   Code   RO         5440    i.HAL_PCD_EP_Receive  stm32f4xx_hal_pcd.o
    0x080026d6   0x080026d6   0x0000008a   Code   RO         5441    i.HAL_PCD_EP_SetStall  stm32f4xx_hal_pcd.o
    0x08002760   0x08002760   0x0000005a   Code   RO         5442    i.HAL_PCD_EP_Transmit  stm32f4xx_hal_pcd.o
    0x080027ba   0x080027ba   0x0000055c   Code   RO         5444    i.HAL_PCD_IRQHandler  stm32f4xx_hal_pcd.o
    0x08002d16   0x08002d16   0x00000012   Code   RO         2431    i.HAL_PCD_ISOINIncompleteCallback  usbd_conf.o
    0x08002d28   0x08002d28   0x00000012   Code   RO         2432    i.HAL_PCD_ISOOUTIncompleteCallback  usbd_conf.o
    0x08002d3a   0x08002d3a   0x00000166   Code   RO         5447    i.HAL_PCD_Init      stm32f4xx_hal_pcd.o
    0x08002ea0   0x08002ea0   0x000000a8   Code   RO         2434    i.HAL_PCD_MspInit   usbd_conf.o
    0x08002f48   0x08002f48   0x00000030   Code   RO         2435    i.HAL_PCD_ResetCallback  usbd_conf.o
    0x08002f78   0x08002f78   0x0000000e   Code   RO         2436    i.HAL_PCD_ResumeCallback  usbd_conf.o
    0x08002f86   0x08002f86   0x0000000e   Code   RO         2437    i.HAL_PCD_SOFCallback  usbd_conf.o
    0x08002f94   0x08002f94   0x00000036   Code   RO         5453    i.HAL_PCD_SetAddress  stm32f4xx_hal_pcd.o
    0x08002fca   0x08002fca   0x00000012   Code   RO         2438    i.HAL_PCD_SetupStageCallback  usbd_conf.o
    0x08002fdc   0x08002fdc   0x0000004a   Code   RO         5455    i.HAL_PCD_Start     stm32f4xx_hal_pcd.o
    0x08003026   0x08003026   0x00000002   PAD
    0x08003028   0x08003028   0x00000034   Code   RO         2439    i.HAL_PCD_SuspendCallback  usbd_conf.o
    0x0800305c   0x0800305c   0x00000184   Code   RO         2635    i.HAL_RCC_ClockConfig  stm32f4xx_hal_rcc.o
    0x080031e0   0x080031e0   0x00000044   Code   RO         2639    i.HAL_RCC_GetClockConfig  stm32f4xx_hal_rcc.o
    0x08003224   0x08003224   0x0000000c   Code   RO         2640    i.HAL_RCC_GetHCLKFreq  stm32f4xx_hal_rcc.o
    0x08003230   0x08003230   0x00000020   Code   RO         2642    i.HAL_RCC_GetPCLK1Freq  stm32f4xx_hal_rcc.o
    0x08003250   0x08003250   0x00000020   Code   RO         2643    i.HAL_RCC_GetPCLK2Freq  stm32f4xx_hal_rcc.o
    0x08003270   0x08003270   0x000000b0   Code   RO         2644    i.HAL_RCC_GetSysClockFreq  stm32f4xx_hal_rcc.o
    0x08003320   0x08003320   0x00000488   Code   RO         2647    i.HAL_RCC_OscConfig  stm32f4xx_hal_rcc.o
    0x080037a8   0x080037a8   0x00000002   Code   RO         4263    i.HAL_TIMEx_BreakCallback  stm32f4xx_hal_tim_ex.o
    0x080037aa   0x080037aa   0x00000002   Code   RO         4264    i.HAL_TIMEx_CommutCallback  stm32f4xx_hal_tim_ex.o
    0x080037ac   0x080037ac   0x00000074   Code   RO         4266    i.HAL_TIMEx_ConfigBreakDeadTime  stm32f4xx_hal_tim_ex.o
    0x08003820   0x08003820   0x000000b4   Code   RO         4281    i.HAL_TIMEx_MasterConfigSynchronization  stm32f4xx_hal_tim_ex.o
    0x080038d4   0x080038d4   0x00000034   Code   RO         3577    i.HAL_TIM_Base_Init  stm32f4xx_hal_tim.o
    0x08003908   0x08003908   0x00000100   Code   RO         1267    i.HAL_TIM_Base_MspInit  tim.o
    0x08003a08   0x08003a08   0x0000002a   Code   RO         3582    i.HAL_TIM_Base_Start_IT  stm32f4xx_hal_tim.o
    0x08003a32   0x08003a32   0x000000ae   Code   RO         3595    i.HAL_TIM_Encoder_Init  stm32f4xx_hal_tim.o
    0x08003ae0   0x08003ae0   0x00000240   Code   RO         1269    i.HAL_TIM_Encoder_MspInit  tim.o
    0x08003d20   0x08003d20   0x0000004e   Code   RO         3598    i.HAL_TIM_Encoder_Start  stm32f4xx_hal_tim.o
    0x08003d6e   0x08003d6e   0x00000002   Code   RO         3606    i.HAL_TIM_IC_CaptureCallback  stm32f4xx_hal_tim.o
    0x08003d70   0x08003d70   0x00000196   Code   RO         3620    i.HAL_TIM_IRQHandler  stm32f4xx_hal_tim.o
    0x08003f06   0x08003f06   0x00000002   PAD
    0x08003f08   0x08003f08   0x0000021c   Code   RO         1270    i.HAL_TIM_MspPostInit  tim.o
    0x08004124   0x08004124   0x00000002   Code   RO         3623    i.HAL_TIM_OC_DelayElapsedCallback  stm32f4xx_hal_tim.o
    0x08004126   0x08004126   0x00000108   Code   RO         3644    i.HAL_TIM_PWM_ConfigChannel  stm32f4xx_hal_tim.o
    0x0800422e   0x0800422e   0x00000034   Code   RO         3647    i.HAL_TIM_PWM_Init  stm32f4xx_hal_tim.o
    0x08004262   0x08004262   0x00000002   PAD
    0x08004264   0x08004264   0x00000090   Code   RO         1272    i.HAL_TIM_PWM_MspInit  tim.o
    0x080042f4   0x080042f4   0x00000002   Code   RO         3650    i.HAL_TIM_PWM_PulseFinishedCallback  stm32f4xx_hal_tim.o
    0x080042f6   0x080042f6   0x00000002   PAD
    0x080042f8   0x080042f8   0x00000058   Code   RO         3652    i.HAL_TIM_PWM_Start  stm32f4xx_hal_tim.o
    0x08004350   0x08004350   0x00000040   Code   RO          970    i.HAL_TIM_PeriodElapsedCallback  main.o
    0x08004390   0x08004390   0x00000002   Code   RO         3663    i.HAL_TIM_TriggerCallback  stm32f4xx_hal_tim.o
    0x08004392   0x08004392   0x00000002   Code   RO         4535    i.HAL_UART_ErrorCallback  stm32f4xx_hal_uart.o
    0x08004394   0x08004394   0x00000154   Code   RO         4538    i.HAL_UART_IRQHandler  stm32f4xx_hal_uart.o
    0x080044e8   0x080044e8   0x00000072   Code   RO         4539    i.HAL_UART_Init     stm32f4xx_hal_uart.o
    0x0800455a   0x0800455a   0x00000002   PAD
    0x0800455c   0x0800455c   0x000005cc   Code   RO         1405    i.HAL_UART_MspInit  usart.o
    0x08004b28   0x08004b28   0x000000c4   Code   RO         4543    i.HAL_UART_Receive_DMA  stm32f4xx_hal_uart.o
    0x08004bec   0x08004bec   0x00000070   Code   RO         4544    i.HAL_UART_Receive_IT  stm32f4xx_hal_uart.o
    0x08004c5c   0x08004c5c   0x00000034   Code   RO         1487    i.HAL_UART_RxCpltCallback  stm32f4xx_it.o
    0x08004c90   0x08004c90   0x00000002   Code   RO         4546    i.HAL_UART_RxHalfCpltCallback  stm32f4xx_hal_uart.o
    0x08004c92   0x08004c92   0x000000d8   Code   RO         4547    i.HAL_UART_Transmit  stm32f4xx_hal_uart.o
    0x08004d6a   0x08004d6a   0x00000002   PAD
    0x08004d6c   0x08004d6c   0x0000009c   Code   RO         4548    i.HAL_UART_Transmit_DMA  stm32f4xx_hal_uart.o
    0x08004e08   0x08004e08   0x00000002   Code   RO         4550    i.HAL_UART_TxCpltCallback  stm32f4xx_hal_uart.o
    0x08004e0a   0x08004e0a   0x00000002   Code   RO         4551    i.HAL_UART_TxHalfCpltCallback  stm32f4xx_hal_uart.o
    0x08004e0c   0x08004e0c   0x00000004   Code   RO         1488    i.HardFault_Handler  stm32f4xx_it.o
    0x08004e10   0x08004e10   0x000000b8   Code   RO         1073    i.IMU_Task          freertos.o
    0x08004ec8   0x08004ec8   0x0000003e   Code   RO         2351    i.IntToUnicode      usbd_desc.o
    0x08004f06   0x08004f06   0x00000002   PAD
    0x08004f08   0x08004f08   0x00000070   Code   RO           20    i.MX_ADC1_Init      soft_user.o
    0x08004f78   0x08004f78   0x000000d8   Code   RO         1242    i.MX_DMA_Init       dma.o
    0x08005050   0x08005050   0x000002a0   Code   RO         1074    i.MX_FREERTOS_Init  freertos.o
    0x080052f0   0x080052f0   0x00000184   Code   RO         1049    i.MX_GPIO_Init      gpio.o
    0x08005474   0x08005474   0x0000006c   Code   RO         1273    i.MX_TIM10_Init     tim.o
    0x080054e0   0x080054e0   0x0000006c   Code   RO         1274    i.MX_TIM11_Init     tim.o
    0x0800554c   0x0800554c   0x00000070   Code   RO         1275    i.MX_TIM12_Init     tim.o
    0x080055bc   0x080055bc   0x00000070   Code   RO         1276    i.MX_TIM13_Init     tim.o
    0x0800562c   0x0800562c   0x00000070   Code   RO         1277    i.MX_TIM14_Init     tim.o
    0x0800569c   0x0800569c   0x000000e0   Code   RO         1278    i.MX_TIM1_Init      tim.o
    0x0800577c   0x0800577c   0x00000078   Code   RO         1279    i.MX_TIM2_Init      tim.o
    0x080057f4   0x080057f4   0x0000007c   Code   RO         1280    i.MX_TIM3_Init      tim.o
    0x08005870   0x08005870   0x0000007c   Code   RO         1281    i.MX_TIM4_Init      tim.o
    0x080058ec   0x080058ec   0x0000007c   Code   RO         1282    i.MX_TIM5_Init      tim.o
    0x08005968   0x08005968   0x0000004c   Code   RO         1283    i.MX_TIM6_Init      tim.o
    0x080059b4   0x080059b4   0x00000070   Code   RO         1284    i.MX_TIM9_Init      tim.o
    0x08005a24   0x08005a24   0x00000038   Code   RO         1406    i.MX_UART4_Init     usart.o
    0x08005a5c   0x08005a5c   0x00000038   Code   RO         1407    i.MX_UART5_Init     usart.o
    0x08005a94   0x08005a94   0x00000038   Code   RO         1408    i.MX_USART1_UART_Init  usart.o
    0x08005acc   0x08005acc   0x00000038   Code   RO         1409    i.MX_USART2_UART_Init  usart.o
    0x08005b04   0x08005b04   0x00000038   Code   RO         1410    i.MX_USART3_UART_Init  usart.o
    0x08005b3c   0x08005b3c   0x00000038   Code   RO         1411    i.MX_USART6_UART_Init  usart.o
    0x08005b74   0x08005b74   0x0000004c   Code   RO         2262    i.MX_USB_DEVICE_Init  usb_device.o
    0x08005bc0   0x08005bc0   0x00000004   Code   RO         1489    i.MemManage_Handler  stm32f4xx_it.o
    0x08005bc4   0x08005bc4   0x00000090   Code   RO          584    i.Motor_ctrl        motor_ctrl.o
    0x08005c54   0x08005c54   0x00000004   Code   RO         1490    i.NMI_Handler       stm32f4xx_it.o
    0x08005c58   0x08005c58   0x00000010   Code   RO         1491    i.OTG_FS_IRQHandler  stm32f4xx_it.o
    0x08005c68   0x08005c68   0x00000064   Code   RO         5459    i.PCD_EP_OutSetupPacket_int  stm32f4xx_hal_pcd.o
    0x08005ccc   0x08005ccc   0x0000017c   Code   RO         5460    i.PCD_EP_OutXfrComplete_int  stm32f4xx_hal_pcd.o
    0x08005e48   0x08005e48   0x000000b6   Code   RO         5461    i.PCD_WriteEmptyTxFifo  stm32f4xx_hal_pcd.o
    0x08005efe   0x08005efe   0x00000018   Code   RO         1993    i.RingBuffer_GetByteFree  ring_buffer.o
    0x08005f16   0x08005f16   0x0000002a   Code   RO         1994    i.RingBuffer_GetByteUsed  ring_buffer.o
    0x08005f40   0x08005f40   0x0000000a   Code   RO         1995    i.RingBuffer_GetCapacity  ring_buffer.o
    0x08005f4a   0x08005f4a   0x00000028   Code   RO         1996    i.RingBuffer_GetChecksum  ring_buffer.o
    0x08005f72   0x08005f72   0x0000002c   Code   RO         1997    i.RingBuffer_GetValueByIndex  ring_buffer.o
    0x08005f9e   0x08005f9e   0x00000026   Code   RO         1998    i.RingBuffer_Init   ring_buffer.o
    0x08005fc4   0x08005fc4   0x0000001e   Code   RO         1999    i.RingBuffer_IsEmpty  ring_buffer.o
    0x08005fe2   0x08005fe2   0x00000014   Code   RO         2000    i.RingBuffer_IsFull  ring_buffer.o
    0x08005ff6   0x08005ff6   0x00000032   Code   RO         2001    i.RingBuffer_Pop    ring_buffer.o
    0x08006028   0x08006028   0x0000002c   Code   RO         2002    i.RingBuffer_Push   ring_buffer.o
    0x08006054   0x08006054   0x0000000c   Code   RO         2003    i.RingBuffer_ReadByte  ring_buffer.o
    0x08006060   0x08006060   0x00000010   Code   RO         2011    i.RingBuffer_WriteByte  ring_buffer.o
    0x08006070   0x08006070   0x0000001e   Code   RO         2012    i.RingBuffer_WriteByteArray  ring_buffer.o
    0x0800608e   0x0800608e   0x00000012   Code   RO         2015    i.RingBuffer_WriteShort  ring_buffer.o
    0x080060a0   0x080060a0   0x00000012   Code   RO         2017    i.RingBuffer_WriteUShort  ring_buffer.o
    0x080060b2   0x080060b2   0x00000002   PAD
    0x080060b4   0x080060b4   0x00000034   Code   RO         2161    i.Rx_buffer_copy    usb_user.o
    0x080060e8   0x080060e8   0x00000030   Code   RO         2162    i.Rx_date_save      usb_user.o
    0x08006118   0x08006118   0x00000012   Code   RO         7566    i.SWAPBYTE          usbd_ctlreq.o
    0x0800612a   0x0800612a   0x00000002   PAD
    0x0800612c   0x0800612c   0x0000001c   Code   RO         1075    i.StartDefaultTask  freertos.o
    0x08006148   0x08006148   0x00000020   Code   RO           21    i.SysTick_CountdownBegin  soft_user.o
    0x08006168   0x08006168   0x00000020   Code   RO           22    i.SysTick_CountdownCancel  soft_user.o
    0x08006188   0x08006188   0x00000014   Code   RO           23    i.SysTick_CountdownIsTimeout  soft_user.o
    0x0800619c   0x0800619c   0x00000014   Code   RO           24    i.SysTick_DelayMs   soft_user.o
    0x080061b0   0x080061b0   0x00000034   Code   RO         7325    i.SysTick_Handler   port.o
    0x080061e4   0x080061e4   0x00000030   Code   RO           27    i.SysTick_Wait      soft_user.o
    0x08006214   0x08006214   0x000000b0   Code   RO          971    i.SystemClock_Config  main.o
    0x080062c4   0x080062c4   0x0000001c   Code   RO         6067    i.SystemInit        system_stm32f4xx.o
    0x080062e0   0x080062e0   0x00000010   Code   RO         1492    i.TIM2_IRQHandler   stm32f4xx_it.o
    0x080062f0   0x080062f0   0x00000010   Code   RO         1493    i.TIM3_IRQHandler   stm32f4xx_it.o
    0x08006300   0x08006300   0x00000010   Code   RO         1494    i.TIM4_IRQHandler   stm32f4xx_it.o
    0x08006310   0x08006310   0x00000010   Code   RO         1495    i.TIM5_IRQHandler   stm32f4xx_it.o
    0x08006320   0x08006320   0x00000010   Code   RO         1496    i.TIM6_DAC_IRQHandler  stm32f4xx_it.o
    0x08006330   0x08006330   0x00000010   Code   RO         1497    i.TIM7_IRQHandler   stm32f4xx_it.o
    0x08006340   0x08006340   0x000000d8   Code   RO         3665    i.TIM_Base_SetConfig  stm32f4xx_hal_tim.o
    0x08006418   0x08006418   0x00000022   Code   RO         3666    i.TIM_CCxChannelCmd  stm32f4xx_hal_tim.o
    0x0800643a   0x0800643a   0x00000002   PAD
    0x0800643c   0x0800643c   0x00000070   Code   RO         3678    i.TIM_OC1_SetConfig  stm32f4xx_hal_tim.o
    0x080064ac   0x080064ac   0x0000007c   Code   RO         3679    i.TIM_OC2_SetConfig  stm32f4xx_hal_tim.o
    0x08006528   0x08006528   0x00000078   Code   RO         3680    i.TIM_OC3_SetConfig  stm32f4xx_hal_tim.o
    0x080065a0   0x080065a0   0x00000054   Code   RO         3681    i.TIM_OC4_SetConfig  stm32f4xx_hal_tim.o
    0x080065f4   0x080065f4   0x00000010   Code   RO         1498    i.UART4_IRQHandler  stm32f4xx_it.o
    0x08006604   0x08006604   0x00000010   Code   RO         1499    i.UART5_IRQHandler  stm32f4xx_it.o
    0x08006614   0x08006614   0x00000014   Code   RO         4552    i.UART_DMAAbortOnError  stm32f4xx_hal_uart.o
    0x08006628   0x08006628   0x00000050   Code   RO         4553    i.UART_DMAError     stm32f4xx_hal_uart.o
    0x08006678   0x08006678   0x00000046   Code   RO         4554    i.UART_DMAReceiveCplt  stm32f4xx_hal_uart.o
    0x080066be   0x080066be   0x0000000e   Code   RO         4556    i.UART_DMARxHalfCplt  stm32f4xx_hal_uart.o
    0x080066cc   0x080066cc   0x00000036   Code   RO         4558    i.UART_DMATransmitCplt  stm32f4xx_hal_uart.o
    0x08006702   0x08006702   0x0000000e   Code   RO         4560    i.UART_DMATxHalfCplt  stm32f4xx_hal_uart.o
    0x08006710   0x08006710   0x00000020   Code   RO         4562    i.UART_EndRxTransfer  stm32f4xx_hal_uart.o
    0x08006730   0x08006730   0x00000020   Code   RO         4563    i.UART_EndTransmit_IT  stm32f4xx_hal_uart.o
    0x08006750   0x08006750   0x00000014   Code   RO         4564    i.UART_EndTxTransfer  stm32f4xx_hal_uart.o
    0x08006764   0x08006764   0x000000a6   Code   RO         4565    i.UART_Receive_IT   stm32f4xx_hal_uart.o
    0x0800680a   0x0800680a   0x00000002   PAD
    0x0800680c   0x0800680c   0x000003e8   Code   RO         4566    i.UART_SetConfig    stm32f4xx_hal_uart.o
    0x08006bf4   0x08006bf4   0x00000068   Code   RO         4567    i.UART_Transmit_IT  stm32f4xx_hal_uart.o
    0x08006c5c   0x08006c5c   0x0000006c   Code   RO         4568    i.UART_WaitOnFlagUntilTimeout  stm32f4xx_hal_uart.o
    0x08006cc8   0x08006cc8   0x00000010   Code   RO         1500    i.USART1_IRQHandler  stm32f4xx_it.o
    0x08006cd8   0x08006cd8   0x00000010   Code   RO         1501    i.USART2_IRQHandler  stm32f4xx_it.o
    0x08006ce8   0x08006ce8   0x00000010   Code   RO         1502    i.USART3_IRQHandler  stm32f4xx_it.o
    0x08006cf8   0x08006cf8   0x00000010   Code   RO         1503    i.USART6_IRQHandler  stm32f4xx_it.o
    0x08006d08   0x08006d08   0x000000c4   Code   RO         7729    i.USBD_CDC_DataIn   usbd_cdc.o
    0x08006dcc   0x08006dcc   0x00000048   Code   RO         7730    i.USBD_CDC_DataOut  usbd_cdc.o
    0x08006e14   0x08006e14   0x000000d4   Code   RO         7731    i.USBD_CDC_DeInit   usbd_cdc.o
    0x08006ee8   0x08006ee8   0x00000050   Code   RO         7732    i.USBD_CDC_EP0_RxReady  usbd_cdc.o
    0x08006f38   0x08006f38   0x00000010   Code   RO         7733    i.USBD_CDC_GetDeviceQualifierDescriptor  usbd_cdc.o
    0x08006f48   0x08006f48   0x00000044   Code   RO         7734    i.USBD_CDC_GetFSCfgDesc  usbd_cdc.o
    0x08006f8c   0x08006f8c   0x00000048   Code   RO         7735    i.USBD_CDC_GetHSCfgDesc  usbd_cdc.o
    0x08006fd4   0x08006fd4   0x00000044   Code   RO         7736    i.USBD_CDC_GetOtherSpeedCfgDesc  usbd_cdc.o
    0x08007018   0x08007018   0x000001a0   Code   RO         7737    i.USBD_CDC_Init     usbd_cdc.o
    0x080071b8   0x080071b8   0x00000050   Code   RO         7738    i.USBD_CDC_ReceivePacket  usbd_cdc.o
    0x08007208   0x08007208   0x00000018   Code   RO         7739    i.USBD_CDC_RegisterInterface  usbd_cdc.o
    0x08007220   0x08007220   0x0000001e   Code   RO         7740    i.USBD_CDC_SetRxBuffer  usbd_cdc.o
    0x0800723e   0x0800723e   0x00000024   Code   RO         7741    i.USBD_CDC_SetTxBuffer  usbd_cdc.o
    0x08007262   0x08007262   0x00000140   Code   RO         7742    i.USBD_CDC_Setup    usbd_cdc.o
    0x080073a2   0x080073a2   0x00000002   PAD
    0x080073a4   0x080073a4   0x00000064   Code   RO         7743    i.USBD_CDC_TransmitPacket  usbd_cdc.o
    0x08007408   0x08007408   0x0000001c   Code   RO         7404    i.USBD_ClrClassConfig  usbd_core.o
    0x08007424   0x08007424   0x0000003e   Code   RO         7567    i.USBD_ClrFeature   usbd_ctlreq.o
    0x08007462   0x08007462   0x00000006   Code   RO         7405    i.USBD_CoreFindEP   usbd_core.o
    0x08007468   0x08007468   0x00000006   Code   RO         7406    i.USBD_CoreFindIF   usbd_core.o
    0x0800746e   0x0800746e   0x00000018   Code   RO         7669    i.USBD_CtlContinueRx  usbd_ioreq.o
    0x08007486   0x08007486   0x00000018   Code   RO         7670    i.USBD_CtlContinueSendData  usbd_ioreq.o
    0x0800749e   0x0800749e   0x00000018   Code   RO         7568    i.USBD_CtlError     usbd_ctlreq.o
    0x080074b6   0x080074b6   0x00000028   Code   RO         7671    i.USBD_CtlPrepareRx  usbd_ioreq.o
    0x080074de   0x080074de   0x0000001a   Code   RO         7672    i.USBD_CtlReceiveStatus  usbd_ioreq.o
    0x080074f8   0x080074f8   0x00000022   Code   RO         7673    i.USBD_CtlSendData  usbd_ioreq.o
    0x0800751a   0x0800751a   0x0000001a   Code   RO         7674    i.USBD_CtlSendStatus  usbd_ioreq.o
    0x08007534   0x08007534   0x00000034   Code   RO         2352    i.USBD_FS_ConfigStrDescriptor  usbd_desc.o
    0x08007568   0x08007568   0x00000010   Code   RO         2353    i.USBD_FS_DeviceDescriptor  usbd_desc.o
    0x08007578   0x08007578   0x00000038   Code   RO         2354    i.USBD_FS_InterfaceStrDescriptor  usbd_desc.o
    0x080075b0   0x080075b0   0x00000010   Code   RO         2355    i.USBD_FS_LangIDStrDescriptor  usbd_desc.o
    0x080075c0   0x080075c0   0x0000002c   Code   RO         2356    i.USBD_FS_ManufacturerStrDescriptor  usbd_desc.o
    0x080075ec   0x080075ec   0x00000040   Code   RO         2357    i.USBD_FS_ProductStrDescriptor  usbd_desc.o
    0x0800762c   0x0800762c   0x00000018   Code   RO         2358    i.USBD_FS_SerialStrDescriptor  usbd_desc.o
    0x08007644   0x08007644   0x00000056   Code   RO         7569    i.USBD_GetConfig    usbd_ctlreq.o
    0x0800769a   0x0800769a   0x000001fc   Code   RO         7570    i.USBD_GetDescriptor  usbd_ctlreq.o
    0x08007896   0x08007896   0x00000050   Code   RO         7408    i.USBD_GetEpDesc    usbd_core.o
    0x080078e6   0x080078e6   0x00000016   Code   RO         7571    i.USBD_GetLen       usbd_ctlreq.o
    0x080078fc   0x080078fc   0x00000014   Code   RO         7409    i.USBD_GetNextDesc  usbd_core.o
    0x08007910   0x08007910   0x0000005a   Code   RO         7572    i.USBD_GetStatus    usbd_ctlreq.o
    0x0800796a   0x0800796a   0x00000054   Code   RO         7573    i.USBD_GetString    usbd_ctlreq.o
    0x080079be   0x080079be   0x0000002c   Code   RO         2440    i.USBD_Get_USB_Status  usbd_conf.o
    0x080079ea   0x080079ea   0x0000003a   Code   RO         7410    i.USBD_Init         usbd_core.o
    0x08007a24   0x08007a24   0x00000026   Code   RO         2441    i.USBD_LL_ClearStallEP  usbd_conf.o
    0x08007a4a   0x08007a4a   0x00000026   Code   RO         2442    i.USBD_LL_CloseEP   usbd_conf.o
    0x08007a70   0x08007a70   0x00000108   Code   RO         7411    i.USBD_LL_DataInStage  usbd_core.o
    0x08007b78   0x08007b78   0x00000102   Code   RO         7412    i.USBD_LL_DataOutStage  usbd_core.o
    0x08007c7a   0x08007c7a   0x00000006   Code   RO         7413    i.USBD_LL_DevConnected  usbd_core.o
    0x08007c80   0x08007c80   0x00000026   Code   RO         7414    i.USBD_LL_DevDisconnected  usbd_core.o
    0x08007ca6   0x08007ca6   0x00000012   Code   RO         2446    i.USBD_LL_GetRxDataSize  usbd_conf.o
    0x08007cb8   0x08007cb8   0x00000068   Code   RO         2447    i.USBD_LL_Init      usbd_conf.o
    0x08007d20   0x08007d20   0x00000038   Code   RO         2448    i.USBD_LL_IsStallEP  usbd_conf.o
    0x08007d58   0x08007d58   0x00000048   Code   RO         7415    i.USBD_LL_IsoINIncomplete  usbd_core.o
    0x08007da0   0x08007da0   0x00000048   Code   RO         7416    i.USBD_LL_IsoOUTIncomplete  usbd_core.o
    0x08007de8   0x08007de8   0x00000030   Code   RO         2449    i.USBD_LL_OpenEP    usbd_conf.o
    0x08007e18   0x08007e18   0x00000030   Code   RO         2450    i.USBD_LL_PrepareReceive  usbd_conf.o
    0x08007e48   0x08007e48   0x0000006c   Code   RO         7417    i.USBD_LL_Reset     usbd_core.o
    0x08007eb4   0x08007eb4   0x00000016   Code   RO         7418    i.USBD_LL_Resume    usbd_core.o
    0x08007eca   0x08007eca   0x00000028   Code   RO         7419    i.USBD_LL_SOF       usbd_core.o
    0x08007ef2   0x08007ef2   0x00000008   Code   RO         7420    i.USBD_LL_SetSpeed  usbd_core.o
    0x08007efa   0x08007efa   0x00000026   Code   RO         2451    i.USBD_LL_SetUSBAddress  usbd_conf.o
    0x08007f20   0x08007f20   0x00000076   Code   RO         7421    i.USBD_LL_SetupStage  usbd_core.o
    0x08007f96   0x08007f96   0x00000026   Code   RO         2452    i.USBD_LL_StallEP   usbd_conf.o
    0x08007fbc   0x08007fbc   0x0000001e   Code   RO         2453    i.USBD_LL_Start     usbd_conf.o
    0x08007fda   0x08007fda   0x00000014   Code   RO         7422    i.USBD_LL_Suspend   usbd_core.o
    0x08007fee   0x08007fee   0x00000030   Code   RO         2455    i.USBD_LL_Transmit  usbd_conf.o
    0x0800801e   0x0800801e   0x00000036   Code   RO         7574    i.USBD_ParseSetupRequest  usbd_ctlreq.o
    0x08008054   0x08008054   0x00000048   Code   RO         7423    i.USBD_RegisterClass  usbd_core.o
    0x0800809c   0x0800809c   0x00000006   Code   RO         7424    i.USBD_RunTestMode  usbd_core.o
    0x080080a2   0x080080a2   0x0000005a   Code   RO         7575    i.USBD_SetAddress   usbd_ctlreq.o
    0x080080fc   0x080080fc   0x00000020   Code   RO         7425    i.USBD_SetClassConfig  usbd_core.o
    0x0800811c   0x0800811c   0x00000104   Code   RO         7576    i.USBD_SetConfig    usbd_ctlreq.o
    0x08008220   0x08008220   0x00000038   Code   RO         7577    i.USBD_SetFeature   usbd_ctlreq.o
    0x08008258   0x08008258   0x0000000c   Code   RO         7426    i.USBD_Start        usbd_core.o
    0x08008264   0x08008264   0x000000ae   Code   RO         7578    i.USBD_StdDevReq    usbd_ctlreq.o
    0x08008312   0x08008312   0x00000280   Code   RO         7579    i.USBD_StdEPReq     usbd_ctlreq.o
    0x08008592   0x08008592   0x000000ae   Code   RO         7580    i.USBD_StdItfReq    usbd_ctlreq.o
    0x08008640   0x08008640   0x00000002   Code   RO         2456    i.USBD_static_free  usbd_conf.o
    0x08008642   0x08008642   0x00000002   PAD
    0x08008644   0x08008644   0x0000000c   Code   RO         2457    i.USBD_static_malloc  usbd_conf.o
    0x08008650   0x08008650   0x000000d0   Code   RO         5121    i.USB_ActivateEndpoint  stm32f4xx_ll_usb.o
    0x08008720   0x08008720   0x00000028   Code   RO         5123    i.USB_ActivateSetup  stm32f4xx_ll_usb.o
    0x08008748   0x08008748   0x00000084   Code   RO         5125    i.USB_CoreInit      stm32f4xx_ll_usb.o
    0x080087cc   0x080087cc   0x0000004c   Code   RO         5126    i.USB_CoreReset     stm32f4xx_ll_usb.o
    0x08008818   0x08008818   0x0000014c   Code   RO         5129    i.USB_DeactivateEndpoint  stm32f4xx_ll_usb.o
    0x08008964   0x08008964   0x00000024   Code   RO         5130    i.USB_DevConnect    stm32f4xx_ll_usb.o
    0x08008988   0x08008988   0x00000024   Code   RO         5131    i.USB_DevDisconnect  stm32f4xx_ll_usb.o
    0x080089ac   0x080089ac   0x000001e0   Code   RO         5132    i.USB_DevInit       stm32f4xx_ll_usb.o
    0x08008b8c   0x08008b8c   0x0000000e   Code   RO         5133    i.USB_DisableGlobalInt  stm32f4xx_ll_usb.o
    0x08008b9a   0x08008b9a   0x00000002   PAD
    0x08008b9c   0x08008b9c   0x000001d8   Code   RO         5136    i.USB_EP0StartXfer  stm32f4xx_ll_usb.o
    0x08008d74   0x08008d74   0x00000070   Code   RO         5137    i.USB_EP0_OutStart  stm32f4xx_ll_usb.o
    0x08008de4   0x08008de4   0x0000008e   Code   RO         5138    i.USB_EPClearStall  stm32f4xx_ll_usb.o
    0x08008e72   0x08008e72   0x0000009a   Code   RO         5139    i.USB_EPSetStall    stm32f4xx_ll_usb.o
    0x08008f0c   0x08008f0c   0x00000344   Code   RO         5140    i.USB_EPStartXfer   stm32f4xx_ll_usb.o
    0x08009250   0x08009250   0x0000000e   Code   RO         5141    i.USB_EnableGlobalInt  stm32f4xx_ll_usb.o
    0x0800925e   0x0800925e   0x00000002   PAD
    0x08009260   0x08009260   0x0000002c   Code   RO         5142    i.USB_FlushRxFifo   stm32f4xx_ll_usb.o
    0x0800928c   0x0800928c   0x00000030   Code   RO         5143    i.USB_FlushTxFifo   stm32f4xx_ll_usb.o
    0x080092bc   0x080092bc   0x00000026   Code   RO         5145    i.USB_GetDevSpeed   stm32f4xx_ll_usb.o
    0x080092e2   0x080092e2   0x0000000a   Code   RO         5147    i.USB_GetMode       stm32f4xx_ll_usb.o
    0x080092ec   0x080092ec   0x00000014   Code   RO         5154    i.USB_ReadDevAllInEpInterrupt  stm32f4xx_ll_usb.o
    0x08009300   0x08009300   0x00000014   Code   RO         5155    i.USB_ReadDevAllOutEpInterrupt  stm32f4xx_ll_usb.o
    0x08009314   0x08009314   0x00000032   Code   RO         5156    i.USB_ReadDevInEPInterrupt  stm32f4xx_ll_usb.o
    0x08009346   0x08009346   0x0000001a   Code   RO         5157    i.USB_ReadDevOutEPInterrupt  stm32f4xx_ll_usb.o
    0x08009360   0x08009360   0x0000000a   Code   RO         5158    i.USB_ReadInterrupts  stm32f4xx_ll_usb.o
    0x0800936a   0x0800936a   0x00000022   Code   RO         5159    i.USB_ReadPacket    stm32f4xx_ll_usb.o
    0x0800938c   0x0800938c   0x00000036   Code   RO         5161    i.USB_SetCurrentMode  stm32f4xx_ll_usb.o
    0x080093c2   0x080093c2   0x0000002a   Code   RO         5162    i.USB_SetDevAddress  stm32f4xx_ll_usb.o
    0x080093ec   0x080093ec   0x00000012   Code   RO         5163    i.USB_SetDevSpeed   stm32f4xx_ll_usb.o
    0x080093fe   0x080093fe   0x00000002   PAD
    0x08009400   0x08009400   0x000000e8   Code   RO         5164    i.USB_SetTurnaroundTime  stm32f4xx_ll_usb.o
    0x080094e8   0x080094e8   0x0000003c   Code   RO         5167    i.USB_WritePacket   stm32f4xx_ll_usb.o
    0x08009524   0x08009524   0x00000208   Code   RO           28    i.Uart5_LCD_send_task  soft_user.o
    0x0800972c   0x0800972c   0x00000064   Code   RO           29    i.Uart5_LCD_show_Angle  soft_user.o
    0x08009790   0x08009790   0x00000064   Code   RO           30    i.Uart5_LCD_show_QR  soft_user.o
    0x080097f4   0x080097f4   0x00000074   Code   RO           31    i.Uart5_LCD_show_X_Y  soft_user.o
    0x08009868   0x08009868   0x00000064   Code   RO           32    i.Uart5_LCD_show_string  soft_user.o
    0x080098cc   0x080098cc   0x00000004   Code   RO         1504    i.UsageFault_Handler  stm32f4xx_it.o
    0x080098d0   0x080098d0   0x00000022   Code   RO           34    i.Usart_SendAll     soft_user.o
    0x080098f2   0x080098f2   0x00000012   Code   RO           35    i.Usart_SendByte    soft_user.o
    0x08009904   0x08009904   0x00000024   Code   RO           36    i.Usart_SendString  soft_user.o
    0x08009928   0x08009928   0x000000d0   Code   RO          359    i.Wit_HWT101_date_deal  jy61.o
    0x080099f8   0x080099f8   0x00000020   Code   RO         8095    i.__0printf         mc_w.l(printfa.o)
    0x08009a18   0x08009a18   0x00000028   Code   RO         8097    i.__0sprintf        mc_w.l(printfa.o)
    0x08009a40   0x08009a40   0x0000002c   Code   RO         8100    i.__0vsnprintf      mc_w.l(printfa.o)
    0x08009a6c   0x08009a6c   0x00000030   Code   RO         8240    i.__ARM_fpclassify  m_wm.l(fpclassify.o)
    0x08009a9c   0x08009a9c   0x00000010   Code   RO         3195    i.__NVIC_GetPriorityGrouping  stm32f4xx_hal_cortex.o
    0x08009aac   0x08009aac   0x00000028   Code   RO         3196    i.__NVIC_SetPriority  stm32f4xx_hal_cortex.o
    0x08009ad4   0x08009ad4   0x00000004   PAD
    0x08009ad8   0x08009ad8   0x000000c8   Code   RO         7831    i.__hardfp_sin      m_wm.l(sin.o)
    0x08009ba0   0x08009ba0   0x00000438   Code   RO         8180    i.__ieee754_rem_pio2  m_wm.l(rred.o)
    0x08009fd8   0x08009fd8   0x00000170   Code   RO         8163    i.__kernel_cos      m_wm.l(cos_i.o)
    0x0800a148   0x0800a148   0x000000f8   Code   RO         8242    i.__kernel_poly     m_wm.l(poly.o)
    0x0800a240   0x0800a240   0x00000130   Code   RO         8185    i.__kernel_sin      m_wm.l(sin_i.o)
    0x0800a370   0x0800a370   0x00000014   Code   RO         8167    i.__mathlib_dbl_infnan  m_wm.l(dunder.o)
    0x0800a384   0x0800a384   0x00000004   PAD
    0x0800a388   0x0800a388   0x00000020   Code   RO         8169    i.__mathlib_dbl_invalid  m_wm.l(dunder.o)
    0x0800a3a8   0x0800a3a8   0x00000020   Code   RO         8172    i.__mathlib_dbl_underflow  m_wm.l(dunder.o)
    0x0800a3c8   0x0800a3c8   0x0000000e   Code   RO         8252    i.__scatterload_copy  mc_w.l(handlers.o)
    0x0800a3d6   0x0800a3d6   0x00000002   Code   RO         8253    i.__scatterload_null  mc_w.l(handlers.o)
    0x0800a3d8   0x0800a3d8   0x0000000e   Code   RO         8254    i.__scatterload_zeroinit  mc_w.l(handlers.o)
    0x0800a3e6   0x0800a3e6   0x00000002   PAD
    0x0800a3e8   0x0800a3e8   0x0000000c   Code   RO         8216    i.__set_errno       mc_w.l(errno.o)
    0x0800a3f4   0x0800a3f4   0x00000184   Code   RO         8102    i._fp_digits        mc_w.l(printfa.o)
    0x0800a578   0x0800a578   0x000006dc   Code   RO         8103    i._printf_core      mc_w.l(printfa.o)
    0x0800ac54   0x0800ac54   0x00000024   Code   RO         8104    i._printf_post_padding  mc_w.l(printfa.o)
    0x0800ac78   0x0800ac78   0x0000002e   Code   RO         8105    i._printf_pre_padding  mc_w.l(printfa.o)
    0x0800aca6   0x0800aca6   0x00000016   Code   RO         8106    i._snputc           mc_w.l(printfa.o)
    0x0800acbc   0x0800acbc   0x0000000a   Code   RO         8107    i._sputc            mc_w.l(printfa.o)
    0x0800acc6   0x0800acc6   0x00000002   PAD
    0x0800acc8   0x0800acc8   0x0000013c   Code   RO          625    i.advance_angle     pid.o
    0x0800ae04   0x0800ae04   0x000002a4   Code   RO          626    i.advance_angle_distance  pid.o
    0x0800b0a8   0x0800b0a8   0x0000013c   Code   RO          627    i.crosswise_angle   pid.o
    0x0800b1e4   0x0800b1e4   0x000002cc   Code   RO          628    i.crosswise_angle_distance  pid.o
    0x0800b4b0   0x0800b4b0   0x0000007c   Code   RO          629    i.dert              pid.o
    0x0800b52c   0x0800b52c   0x000000a0   Code   RO         1076    i.deubg_Task        freertos.o
    0x0800b5cc   0x0800b5cc   0x000001b4   Code   RO          630    i.direction_Set     pid.o
    0x0800b780   0x0800b780   0x0000014c   Code   RO          631    i.direction_Set_biu  pid.o
    0x0800b8cc   0x0800b8cc   0x0000378c   Code   RO         1077    i.doing_Task        freertos.o
    0x0800f058   0x0800f058   0x00000018   Code   RO         8236    i.fabs              m_wm.l(fabs.o)
    0x0800f070   0x0800f070   0x00000018   Code   RO           40    i.fputc             soft_user.o
    0x0800f088   0x0800f088   0x00000110   Code   RO         1078    i.key_Task          freertos.o
    0x0800f198   0x0800f198   0x00000028   Code   RO         1079    i.led_Task          freertos.o
    0x0800f1c0   0x0800f1c0   0x000001bc   Code   RO          972    i.main              main.o
    0x0800f37c   0x0800f37c   0x0000000e   Code   RO         6896    i.makeFreeRtosPriority  cmsis_os.o
    0x0800f38a   0x0800f38a   0x00000002   PAD
    0x0800f38c   0x0800f38c   0x000000b8   Code   RO          585    i.motor_tim_config  motor_ctrl.o
    0x0800f444   0x0800f444   0x000000a8   Code   RO         1080    i.oled_Task         freertos.o
    0x0800f4ec   0x0800f4ec   0x00000018   Code   RO         6898    i.osDelay           cmsis_os.o
    0x0800f504   0x0800f504   0x0000000a   Code   RO         6901    i.osKernelStart     cmsis_os.o
    0x0800f50e   0x0800f50e   0x0000005e   Code   RO         6935    i.osThreadCreate    cmsis_os.o
    0x0800f56c   0x0800f56c   0x00000078   Code   RO         1081    i.pid_Task          freertos.o
    0x0800f5e4   0x0800f5e4   0x0000014c   Code   RO          632    i.pid_do            pid.o
    0x0800f730   0x0800f730   0x00000098   Code   RO         6579    i.prvAddCurrentTaskToDelayedList  tasks.o
    0x0800f7c8   0x0800f7c8   0x000000b4   Code   RO         6580    i.prvAddNewTaskToReadyList  tasks.o
    0x0800f87c   0x0800f87c   0x00000048   Code   RO         6581    i.prvCheckTasksWaitingTermination  tasks.o
    0x0800f8c4   0x0800f8c4   0x0000002a   Code   RO         6248    i.prvCopyDataFromQueue  queue.o
    0x0800f8ee   0x0800f8ee   0x0000007e   Code   RO         6249    i.prvCopyDataToQueue  queue.o
    0x0800f96c   0x0800f96c   0x00000050   Code   RO         6582    i.prvDeleteTCB      tasks.o
    0x0800f9bc   0x0800f9bc   0x00000014   Code   RO         6250    i.prvGetDisinheritPriorityAfterTimeout  queue.o
    0x0800f9d0   0x0800f9d0   0x0000007c   Code   RO         7263    i.prvHeapInit       heap_4.o
    0x0800fa4c   0x0800fa4c   0x00000028   Code   RO         6583    i.prvIdleTask       tasks.o
    0x0800fa74   0x0800fa74   0x00000026   Code   RO         6252    i.prvInitialiseNewQueue  queue.o
    0x0800fa9a   0x0800fa9a   0x000000b4   Code   RO         6584    i.prvInitialiseNewTask  tasks.o
    0x0800fb4e   0x0800fb4e   0x00000002   PAD
    0x0800fb50   0x0800fb50   0x00000068   Code   RO         6585    i.prvInitialiseTaskLists  tasks.o
    0x0800fbb8   0x0800fbb8   0x00000068   Code   RO         7264    i.prvInsertBlockIntoFreeList  heap_4.o
    0x0800fc20   0x0800fc20   0x0000001a   Code   RO         6253    i.prvIsQueueEmpty   queue.o
    0x0800fc3a   0x0800fc3a   0x0000001e   Code   RO         6254    i.prvIsQueueFull    queue.o
    0x0800fc58   0x0800fc58   0x00000034   Code   RO         6586    i.prvResetNextTaskUnblockTime  tasks.o
    0x0800fc8c   0x0800fc8c   0x00000040   Code   RO         7326    i.prvTaskExitError  port.o
    0x0800fccc   0x0800fccc   0x00000058   Code   RO         6587    i.prvTaskIsTaskSuspended  tasks.o
    0x0800fd24   0x0800fd24   0x0000007e   Code   RO         6255    i.prvUnlockQueue    queue.o
    0x0800fda2   0x0800fda2   0x00000002   PAD
    0x0800fda4   0x0800fda4   0x0000013c   Code   RO         7265    i.pvPortMalloc      heap_4.o
    0x0800fee0   0x0800fee0   0x00000020   Code   RO         6588    i.pvTaskIncrementMutexHeldCount  tasks.o
    0x0800ff00   0x0800ff00   0x0000002c   Code   RO         7327    i.pxPortInitialiseStack  port.o
    0x0800ff2c   0x0800ff2c   0x0000010c   Code   RO         1082    i.servo_Task        freertos.o
    0x08010038   0x08010038   0x0000001c   Code   RO          865    i.servo_all_move    servo.o
    0x08010054   0x08010054   0x0000003c   Code   RO          633    i.speed_CTRL        pid.o
    0x08010090   0x08010090   0x000000f4   Code   RO         1083    i.speed_Task        freertos.o
    0x08010184   0x08010184   0x0000008c   Code   RO          586    i.speed_ctrl        motor_ctrl.o
    0x08010210   0x08010210   0x00000478   Code   RO         1084    i.usart_Task        freertos.o
    0x08010688   0x08010688   0x0000003c   Code   RO         1085    i.usb_Task          freertos.o
    0x080106c4   0x080106c4   0x00000030   Code   RO         2164    i.usb_printf        usb_user.o
    0x080106f4   0x080106f4   0x0000009c   Code   RO         2165    i.usb_vbc_Receive   usb_user.o
    0x08010790   0x08010790   0x00000028   Code   RO         6208    i.uxListRemove      list.o
    0x080107b8   0x080107b8   0x00000018   Code   RO         1086    i.vApplicationGetIdleTaskMemory  freertos.o
    0x080107d0   0x080107d0   0x0000001a   Code   RO         6209    i.vListInitialise   list.o
    0x080107ea   0x080107ea   0x00000006   Code   RO         6210    i.vListInitialiseItem  list.o
    0x080107f0   0x080107f0   0x00000034   Code   RO         6211    i.vListInsert       list.o
    0x08010824   0x08010824   0x00000018   Code   RO         6212    i.vListInsertEnd    list.o
    0x0801083c   0x0801083c   0x00000054   Code   RO         7329    i.vPortEnterCritical  port.o
    0x08010890   0x08010890   0x0000003c   Code   RO         7330    i.vPortExitCritical  port.o
    0x080108cc   0x080108cc   0x00000094   Code   RO         7266    i.vPortFree         heap_4.o
    0x08010960   0x08010960   0x00000028   Code   RO         7331    i.vPortSetupTimerInterrupt  port.o
    0x08010988   0x08010988   0x00000078   Code   RO         7332    i.vPortValidateInterruptPriority  port.o
    0x08010a00   0x08010a00   0x0000005c   Code   RO         6594    i.vTaskDelay        tasks.o
    0x08010a5c   0x08010a5c   0x00000018   Code   RO         6597    i.vTaskInternalSetTimeOutState  tasks.o
    0x08010a74   0x08010a74   0x0000000c   Code   RO         6598    i.vTaskMissedYield  tasks.o
    0x08010a80   0x08010a80   0x00000038   Code   RO         6600    i.vTaskPlaceOnEventList  tasks.o
    0x08010ab8   0x08010ab8   0x000000f4   Code   RO         6602    i.vTaskPriorityDisinheritAfterTimeout  tasks.o
    0x08010bac   0x08010bac   0x00000090   Code   RO         6605    i.vTaskResume       tasks.o
    0x08010c3c   0x08010c3c   0x000000b0   Code   RO         6607    i.vTaskStartScheduler  tasks.o
    0x08010cec   0x08010cec   0x000000f4   Code   RO         6608    i.vTaskSuspend      tasks.o
    0x08010de0   0x08010de0   0x00000010   Code   RO         6609    i.vTaskSuspendAll   tasks.o
    0x08010df0   0x08010df0   0x0000008c   Code   RO         6610    i.vTaskSwitchContext  tasks.o
    0x08010e7c   0x08010e7c   0x00000168   Code   RO         7333    i.xPortStartScheduler  port.o
    0x08010fe4   0x08010fe4   0x00000060   Code   RO         6264    i.xQueueGenericCreate  queue.o
    0x08011044   0x08011044   0x00000098   Code   RO         6266    i.xQueueGenericReset  queue.o
    0x080110dc   0x080110dc   0x000001a8   Code   RO         6267    i.xQueueGenericSend  queue.o
    0x08011284   0x08011284   0x000000e0   Code   RO         6269    i.xQueueGiveFromISR  queue.o
    0x08011364   0x08011364   0x00000168   Code   RO         6274    i.xQueueReceive     queue.o
    0x080114cc   0x080114cc   0x000001b8   Code   RO         6276    i.xQueueSemaphoreTake  queue.o
    0x08011684   0x08011684   0x0000008c   Code   RO         6611    i.xTaskCheckForTimeOut  tasks.o
    0x08011710   0x08011710   0x00000064   Code   RO         6612    i.xTaskCreate       tasks.o
    0x08011774   0x08011774   0x000000ba   Code   RO         6613    i.xTaskCreateStatic  tasks.o
    0x0801182e   0x0801182e   0x00000002   PAD
    0x08011830   0x08011830   0x00000020   Code   RO         6617    i.xTaskGetSchedulerState  tasks.o
    0x08011850   0x08011850   0x00000148   Code   RO         6620    i.xTaskIncrementTick  tasks.o
    0x08011998   0x08011998   0x000000c8   Code   RO         6623    i.xTaskPriorityDisinherit  tasks.o
    0x08011a60   0x08011a60   0x000000c8   Code   RO         6624    i.xTaskPriorityInherit  tasks.o
    0x08011b28   0x08011b28   0x00000098   Code   RO         6625    i.xTaskRemoveFromEventList  tasks.o
    0x08011bc0   0x08011bc0   0x00000104   Code   RO         6626    i.xTaskResumeAll    tasks.o
    0x08011cc4   0x08011cc4   0x00000150   Data   RO         1088    .constdata          freertos.o
    0x08011e14   0x08011e14   0x00000008   Data   RO         2912    .constdata          stm32f4xx_hal_dma.o
    0x08011e1c   0x08011e1c   0x00000018   Data   RO         6068    .constdata          system_stm32f4xx.o
    0x08011e34   0x08011e34   0x00000004   PAD
    0x08011e38   0x08011e38   0x00000030   Data   RO         8164    .constdata          m_wm.l(cos_i.o)
    0x08011e68   0x08011e68   0x000000c8   Data   RO         8182    .constdata          m_wm.l(rred.o)
    0x08011f30   0x08011f30   0x00000028   Data   RO         8186    .constdata          m_wm.l(sin_i.o)
    0x08011f58   0x08011f58   0x000000a3   Data   RO         1089    .conststring        freertos.o
    0x08011ffb   0x08011ffb   0x00000001   PAD
    0x08011ffc   0x08011ffc   0x00000020   Data   RO         8250    Region$$Table       anon$$obj.o


    Execution Region RW_IRAM2 (Exec base: 0x10000000, Load base: 0x08012360, Size: 0x00000000, Max: 0x00010000, ABSOLUTE)

    **** No section assigned to this execution region ****


    Execution Region RW_IRAM1 (Exec base: 0x20000000, Load base: 0x0801201c, Size: 0x0000b200, Max: 0x00020000, ABSOLUTE, COMPRESSED[0x00000344])

    Exec Addr    Load Addr    Size         Type   Attr      Idx    E Section Name        Object

    0x20000000   COMPRESSED   0x00000004   Data   RW           42    .data               soft_user.o
    0x20000004   COMPRESSED   0x00000038   Data   RW          365    .data               jy61.o
    0x2000003c   COMPRESSED   0x000000ac   Data   RW          635    .data               pid.o
    0x200000e8   COMPRESSED   0x00000578   Data   RW          872    .data               servo.o
    0x20000660   COMPRESSED   0x000000b5   Data   RW         1090    .data               freertos.o
    0x20000715   COMPRESSED   0x00000001   Data   RW         1505    .data               stm32f4xx_it.o
    0x20000716   COMPRESSED   0x00000002   PAD
    0x20000718   COMPRESSED   0x0000000c   Data   RW         2168    .data               usb_user.o
    0x20000724   COMPRESSED   0x00000014   Data   RW         2300    .data               usbd_cdc_if.o
    0x20000738   COMPRESSED   0x0000004e   Data   RW         2360    .data               usbd_desc.o
    0x20000786   COMPRESSED   0x00000002   PAD
    0x20000788   COMPRESSED   0x00000009   Data   RW         3344    .data               stm32f4xx_hal.o
    0x20000791   COMPRESSED   0x00000003   PAD
    0x20000794   COMPRESSED   0x00000004   Data   RW         6069    .data               system_stm32f4xx.o
    0x20000798   COMPRESSED   0x0000003c   Data   RW         6629    .data               tasks.o
    0x200007d4   COMPRESSED   0x00000018   Data   RW         7271    .data               heap_4.o
    0x200007ec   COMPRESSED   0x0000000c   Data   RW         7334    .data               port.o
    0x200007f8   COMPRESSED   0x00000001   Data   RW         7581    .data               usbd_ctlreq.o
    0x200007f9   COMPRESSED   0x00000003   PAD
    0x200007fc   COMPRESSED   0x0000008a   Data   RW         7744    .data               usbd_cdc.o
    0x20000886   COMPRESSED   0x00000002   PAD
    0x20000888   COMPRESSED   0x00000004   Data   RW         8205    .data               mc_w.l(stdout.o)
    0x2000088c   COMPRESSED   0x00000004   Data   RW         8217    .data               mc_w.l(errno.o)
    0x20000890        -       0x000000a8   Zero   RW           41    .bss                soft_user.o
    0x20000938        -       0x00000030   Zero   RW          634    .bss                pid.o
    0x20000968        -       0x00001028   Zero   RW          973    .bss                main.o
    0x20001990        -       0x00000c5c   Zero   RW         1087    .bss                freertos.o
    0x200025ec        -       0x00000300   Zero   RW         1285    .bss                tim.o
    0x200028ec        -       0x000004e0   Zero   RW         1412    .bss                usart.o
    0x20002dcc        -       0x00000040   Zero   RW         1705    .bss                stm32f4xx_hal_timebase_tim.o
    0x20002e0c        -       0x00000800   Zero   RW         2167    .bss                usb_user.o
    0x2000360c        -       0x000002dc   Zero   RW         2263    .bss                usb_device.o
    0x200038e8        -       0x00001000   Zero   RW         2299    .bss                usbd_cdc_if.o
    0x200048e8        -       0x00000200   Zero   RW         2359    .bss                usbd_desc.o
    0x20004ae8        -       0x00000628   Zero   RW         2458    .bss                usbd_conf.o
    0x20005110        -       0x000000f0   Zero   RW         6628    .bss                tasks.o
    0x20005200        -       0x00003c00   Zero   RW         7270    .bss                heap_4.o
    0x20008e00        -       0x00002400   Zero   RW            1    STACK               startup_stm32f407xx.o


==============================================================================

Image component sizes


      Code (inc. data)   RO Data    RW Data    ZI Data      Debug   Object Name

       142          0          0          0          0      22803   cmsis_os.o
       216          6          0          0          0        858   dma.o
         0          0          0          0          0      18828   event_groups.o
      1050         34          0          0          0       7664   fashion_star_uart_servo.o
     17604       1434        499        181       3164      26990   freertos.o
       388         20          0          0          0       1127   gpio.o
       692         62          0         24      15360       7279   heap_4.o
         0          0          0          0          0        384   hi229.o
       208         24          0         56          0       3944   jy61.o
       148          0          0          0          0       3530   list.o
       690         90          0          0       4136      11856   main.o
       468         46          0          0          0       1801   motor_ctrl.o
      4232        358          0        172         48     637025   pid.o
      1014         92          0         12          0      11977   port.o
      2104         20          0          0          0      17309   queue.o
       436          0          0          0          0       9605   ring_buffer.o
        28          4          0       1400          0      16739   servo.o
      1612        518          0          4        168     723060   soft_user.o
        36          8        392          0       9216        832   startup_stm32f407xx.o
       136         24          0          9          0       8682   stm32f4xx_hal.o
      1412         64          0          0          0       7293   stm32f4xx_hal_adc.o
       252         22          0          0          0      33642   stm32f4xx_hal_cortex.o
      1264         16          8          0          0       6150   stm32f4xx_hal_dma.o
       524         46          0          0          0       2296   stm32f4xx_hal_gpio.o
        84          6          0          0          0        850   stm32f4xx_hal_msp.o
      3228         14          0          0          0      12789   stm32f4xx_hal_pcd.o
        90          0          0          0          0       2409   stm32f4xx_hal_pcd_ex.o
      1868         94          0          0          0       6217   stm32f4xx_hal_rcc.o
      1854         90          0          0          0      13253   stm32f4xx_hal_tim.o
       300         30          0          0          0       3289   stm32f4xx_hal_tim_ex.o
       140         18          0          0         64       1451   stm32f4xx_hal_timebase_tim.o
      2856         40          0          0          0      16438   stm32f4xx_hal_uart.o
       582        184          0          1          0      16234   stm32f4xx_it.o
      3790        102          0          0          0      22426   stm32f4xx_ll_usb.o
        28          4         24          4          0       1139   system_stm32f4xx.o
      3726        432          0         60        240      30906   tasks.o
      2972        214          0          0        768      11753   tim.o
      1820        170          0          0       1248       5884   usart.o
        76         16          0          0        732        768   usb_device.o
       304         26          0         12       2048       6090   usb_user.o
      1790         54          0        138          0      14173   usbd_cdc.o
       352         42          0         20       4096       4529   usbd_cdc_if.o
      1004         24          0          0       1576      17468   usbd_conf.o
      1346          0          0          0          0      16417   usbd_core.o
      2342         30          0          1          0      17752   usbd_ctlreq.o
       386        122          0         78        512       6825   usbd_desc.o
       174          0          0          0          0       4676   usbd_ioreq.o

    ----------------------------------------------------------------------
     65824       4604        960       2184      43376    1815410   Object Totals
         0          0         32          0          0          0   (incl. Generated)
        56          4          5         12          0          0   (incl. Padding)

    ----------------------------------------------------------------------

      Code (inc. data)   RO Data    RW Data    ZI Data      Debug   Library Member Name

       368         46         48          0          0        200   cos_i.o
        84         16          0          0          0        372   dunder.o
        24          0          0          0          0        124   fabs.o
        48          0          0          0          0        124   fpclassify.o
       248          0          0          0          0        152   poly.o
      1080        142        200          0          0        188   rred.o
       200         20          0          0          0        164   sin.o
       304         24         40          0          0        208   sin_i.o
        86          0          0          0          0          0   __dczerorl2.o
         0          0          0          0          0          0   entry.o
         0          0          0          0          0          0   entry10a.o
         0          0          0          0          0          0   entry11a.o
         8          4          0          0          0          0   entry2.o
         4          0          0          0          0          0   entry5.o
         0          0          0          0          0          0   entry7b.o
         0          0          0          0          0          0   entry8b.o
         8          4          0          0          0          0   entry9a.o
        12          6          0          4          0         68   errno.o
        30          0          0          0          0          0   handlers.o
        36          8          0          0          0         68   init.o
         0          0          0          0          0          0   iusefp.o
        30          0          0          0          0         68   llshl.o
        36          0          0          0          0         68   llsshr.o
        32          0          0          0          0         68   llushr.o
        36          0          0          0          0         68   memcpya.o
        36          0          0          0          0        108   memseta.o
      2374        100          0          0          0        752   printfa.o
         0          0          0          4          0          0   stdout.o
        24          0          0          0          0         68   strcat.o
        18          0          0          0          0         68   strcpy.o
        14          0          0          0          0         68   strlen.o
        44          0          0          0          0         80   uidiv.o
        98          0          0          0          0         92   uldiv.o
        48          0          0          0          0         68   cdrcmple.o
        56          0          0          0          0         88   d2f.o
       334          0          0          0          0        148   dadd.o
       222          0          0          0          0        100   ddiv.o
       186          0          0          0          0        176   depilogue.o
        62          0          0          0          0         80   dfixi.o
        48          0          0          0          0         68   dfixul.o
        34          0          0          0          0         76   dflti.o
        26          0          0          0          0         76   dfltui.o
       228          0          0          0          0         96   dmul.o
        38          0          0          0          0         68   f2d.o
       110          0          0          0          0        168   fepilogue.o

    ----------------------------------------------------------------------
      6684        370        288          8          0       4388   Library Totals
        10          0          0          0          0          0   (incl. Padding)

    ----------------------------------------------------------------------

      Code (inc. data)   RO Data    RW Data    ZI Data      Debug   Library Name

      2356        248        288          0          0       1532   m_wm.l
      2926        122          0          8          0       1644   mc_w.l
      1392          0          0          0          0       1212   mf_w.l

    ----------------------------------------------------------------------
      6684        370        288          8          0       4388   Library Totals

    ----------------------------------------------------------------------

==============================================================================


      Code (inc. data)   RO Data    RW Data    ZI Data      Debug   

     72508       4974       1248       2192      43376    1775622   Grand Totals
     72508       4974       1248        836      43376    1775622   ELF Image Totals (compressed)
     72508       4974       1248        836          0          0   ROM Totals

==============================================================================

    Total RO  Size (Code + RO Data)                73756 (  72.03kB)
    Total RW  Size (RW Data + ZI Data)             45568 (  44.50kB)
    Total ROM Size (Code + RO Data + RW Data)      74592 (  72.84kB)

==============================================================================

